<html>
<body>
<pre>
<h1>µVision Build Log</h1>
<h2>Tool Versions:</h2>
IDE-Version: µVision V5.43.1.0
Copyright (C) 2025 ARM Ltd and ARM Germany GmbH. All rights reserved.
License Information: Thiti Knnn, HP Inc., LIC=----
 
Tool Versions:
Toolchain:       MDK-Lite  Version: 5.43.0.0
Toolchain Path:  C:\Users\Knnn\AppData\Local\Keil_v5\ARM\ARMCLANG\Bin
C Compiler:      ArmClang.exe V6.24
Assembler:       Armasm.exe V6.24
Linker/Locator:  ArmLink.exe V6.24
Library Manager: ArmAr.exe V6.24
Hex Converter:   FromElf.exe V6.24
CPU DLL:         SARMCM3.DLL V5.43.0.0
Dialog DLL:      DCM.DLL V1.17.5.0
Target DLL:      STLink\ST-LINKIII-KEIL_SWO.dll V3.3.1.0
Dialog DLL:      TCM.DLL V1.56.6.0
 
<h2>Project:</h2>
C:\Users\Knnn\Desktop\STM32H747_USBCDC_Bootloader\MDKBootloder\Bootloader.uvprojx
Project File Date:  08/12/2026

<h2>Output:</h2>
*** Using Compiler 'V6.24', folder: 'C:\Users\Knnn\AppData\Local\Keil_v5\ARM\ARMCLANG\Bin'
Rebuild Project 'Bootloader' - Target 'STM32H747XIH6'
assembling startup_stm32h747xx.s...
compiling stm32h7xx_ll_pwr.c...
compiling stm32h7xx_ll_crc.c...
compiling stm32h7xx_ll_gpio.c...
compiling system_stm32h7xx_dualcore_boot_cm4_cm7.c...
compiling stm32h7xx_ll_dma.c...
compiling stm32h7xx_ll_usart.c...
compiling stm32h7xx_ll_utils.c...
compiling stm32h7xx_ll_crs.c...
compiling stm32h7xx_ll_rcc.c...
compiling stm32h7xx_hal.c...
compiling stm32h7xx_ll_usb.c...
compiling stm32h7xx_hal_pcd_ex.c...
compiling stm32h7xx_hal_hsem.c...
compiling stm32h7xx_hal_gpio.c...
compiling stm32h7xx_hal_cortex.c...
compiling stm32h7xx_hal_rcc.c...
compiling stm32h7xx_hal_pcd.c...
compiling stm32h7xx_hal_pwr_ex.c...
compiling stm32h7xx_hal_dma.c...
compiling usb_device.c...
C:\Users\Knnn\Desktop\STM32H747_USBCDC_Bootloader\libraries\USB_DEVICE\App\usbd_desc.c(143): warning: missing field 'GetBOSDescriptor' initializer [-Wmissing-field-initializers]
  143 | };
      | ^
1 warning generated.
compiling usbd_desc.c...
compiling usbd_cdc.c...
compiling usbd_core.c...
compiling stm32h7xx_hal_rcc_ex.c...
compiling usbd_conf.c...
compiling usbd_ctlreq.c...
compiling usbd_ioreq.c...
compiling Bootloader.c...
compiling Clock_system.c...
compiling main_Bootloader.c...
C:\Users\Knnn\Desktop\STM32H747_USBCDC_Bootloader\BPS\Src\USB_CDC.c(62): warning: unused parameter 'pbuf' [-Wunused-parameter]
   62 | static int8_t CDC_Control_FS(uint8_t cmd, uint8_t* pbuf, uint16_t length)
      |                                                    ^
C:\Users\Knnn\Desktop\STM32H747_USBCDC_Bootloader\BPS\Src\USB_CDC.c(62): warning: unused parameter 'length' [-Wunused-parameter]
   62 | static int8_t CDC_Control_FS(uint8_t cmd, uint8_t* pbuf, uint16_t length)
      |                                                                   ^
2 warnings generated.
compiling USB_CDC.c...
linking...
Program Size: Code=21512 RO-data=712 RW-data=260 ZI-data=23180  
".\Objects\Bootloader.axf" - 0 Error(s), 3 Warning(s).

<h2>Software Packages used:</h2>

Package Vendor: Keil
                https://www.keil.com/pack/Keil.STM32H7xx_DFP.4.1.3.pack
                Keil::STM32H7xx_DFP@4.1.3
                STMicroelectronics STM32H7 Series Device Support

<h2>Collection of Component include folders:</h2>

<h2>Collection of Component Files used:</h2>
Build Time Elapsed:  00:00:05
</pre>
</body>
</html>
