Component: Arm Compiler for Embedded 6.24 Tool: armlink [5f371500]

==============================================================================

Section Cross References

    system_stm32h7xx_dualcore_boot_cm4_cm7.o(.ARM.exidx.text.SystemInit) refers to system_stm32h7xx_dualcore_boot_cm4_cm7.o(.text.SystemInit) for [Anonymous Symbol]
    system_stm32h7xx_dualcore_boot_cm4_cm7.o(.text.SystemCoreClockUpdate) refers to system_stm32h7xx_dualcore_boot_cm4_cm7.o(.rodata.D1CorePrescTable) for D1CorePrescTable
    system_stm32h7xx_dualcore_boot_cm4_cm7.o(.text.SystemCoreClockUpdate) refers to system_stm32h7xx_dualcore_boot_cm4_cm7.o(.data..L_MergedGlobals) for .L_MergedGlobals
    system_stm32h7xx_dualcore_boot_cm4_cm7.o(.ARM.exidx.text.SystemCoreClockUpdate) refers to system_stm32h7xx_dualcore_boot_cm4_cm7.o(.text.SystemCoreClockUpdate) for [Anonymous Symbol]
    system_stm32h7xx_dualcore_boot_cm4_cm7.o(.ARM.exidx.text.ExitRun0Mode) refers to system_stm32h7xx_dualcore_boot_cm4_cm7.o(.text.ExitRun0Mode) for [Anonymous Symbol]
    startup_stm32h747xx.o(STACK) refers (Special) to heapauxi.o(.text) for __use_two_region_memory
    startup_stm32h747xx.o(HEAP) refers (Special) to heapauxi.o(.text) for __use_two_region_memory
    startup_stm32h747xx.o(RESET) refers (Special) to heapauxi.o(.text) for __use_two_region_memory
    startup_stm32h747xx.o(RESET) refers to startup_stm32h747xx.o(STACK) for __initial_sp
    startup_stm32h747xx.o(RESET) refers to startup_stm32h747xx.o(.text) for Reset_Handler
    startup_stm32h747xx.o(RESET) refers to clock_system.o(.text.SysTick_Handler) for SysTick_Handler
    startup_stm32h747xx.o(RESET) refers to usb_cdc.o(.text.OTG_FS_IRQHandler) for OTG_FS_IRQHandler
    startup_stm32h747xx.o(.text) refers (Special) to heapauxi.o(.text) for __use_two_region_memory
    startup_stm32h747xx.o(.text) refers to system_stm32h7xx_dualcore_boot_cm4_cm7.o(.text.ExitRun0Mode) for ExitRun0Mode
    startup_stm32h747xx.o(.text) refers to system_stm32h7xx_dualcore_boot_cm4_cm7.o(.text.SystemInit) for SystemInit
    startup_stm32h747xx.o(.text) refers to __main.o(!!!main) for __main
    startup_stm32h747xx.o(.text) refers to startup_stm32h747xx.o(HEAP) for Heap_Mem
    startup_stm32h747xx.o(.text) refers to startup_stm32h747xx.o(STACK) for Stack_Mem
    stm32h7xx_ll_crc.o(.ARM.exidx.text.LL_CRC_DeInit) refers to stm32h7xx_ll_crc.o(.text.LL_CRC_DeInit) for [Anonymous Symbol]
    stm32h7xx_ll_dma.o(.text.LL_DMA_DeInit) refers to stm32h7xx_ll_dma.o(.rodata.cst8) for LL_DMA_STR_OFFSET_TAB
    stm32h7xx_ll_dma.o(.ARM.exidx.text.LL_DMA_DeInit) refers to stm32h7xx_ll_dma.o(.text.LL_DMA_DeInit) for [Anonymous Symbol]
    stm32h7xx_ll_dma.o(.text.LL_DMA_Init) refers to stm32h7xx_ll_dma.o(.rodata.cst8) for LL_DMA_STR_OFFSET_TAB
    stm32h7xx_ll_dma.o(.ARM.exidx.text.LL_DMA_Init) refers to stm32h7xx_ll_dma.o(.text.LL_DMA_Init) for [Anonymous Symbol]
    stm32h7xx_ll_dma.o(.text.LL_DMA_StructInit) refers to rt_memclr_w.o(.text) for __aeabi_memclr4
    stm32h7xx_ll_dma.o(.ARM.exidx.text.LL_DMA_StructInit) refers to stm32h7xx_ll_dma.o(.text.LL_DMA_StructInit) for [Anonymous Symbol]
    stm32h7xx_ll_gpio.o(.ARM.exidx.text.LL_GPIO_DeInit) refers to stm32h7xx_ll_gpio.o(.text.LL_GPIO_DeInit) for [Anonymous Symbol]
    stm32h7xx_ll_gpio.o(.ARM.exidx.text.LL_GPIO_Init) refers to stm32h7xx_ll_gpio.o(.text.LL_GPIO_Init) for [Anonymous Symbol]
    stm32h7xx_ll_gpio.o(.ARM.exidx.text.LL_GPIO_StructInit) refers to stm32h7xx_ll_gpio.o(.text.LL_GPIO_StructInit) for [Anonymous Symbol]
    stm32h7xx_ll_pwr.o(.ARM.exidx.text.LL_PWR_DeInit) refers to stm32h7xx_ll_pwr.o(.text.LL_PWR_DeInit) for [Anonymous Symbol]
    stm32h7xx_ll_rcc.o(.ARM.exidx.text.LL_RCC_DeInit) refers to stm32h7xx_ll_rcc.o(.text.LL_RCC_DeInit) for [Anonymous Symbol]
    stm32h7xx_ll_rcc.o(.text.LL_RCC_GetSystemClocksFreq) refers to stm32h7xx_ll_rcc.o(.text.LL_RCC_GetPLL1ClockFreq) for LL_RCC_GetPLL1ClockFreq
    stm32h7xx_ll_rcc.o(.text.LL_RCC_GetSystemClocksFreq) refers to system_stm32h7xx_dualcore_boot_cm4_cm7.o(.rodata.D1CorePrescTable) for D1CorePrescTable
    stm32h7xx_ll_rcc.o(.text.LL_RCC_GetSystemClocksFreq) refers to stm32h7xx_ll_rcc.o(.rodata.LL_RCC_PrescTable) for LL_RCC_PrescTable
    stm32h7xx_ll_rcc.o(.ARM.exidx.text.LL_RCC_GetSystemClocksFreq) refers to stm32h7xx_ll_rcc.o(.text.LL_RCC_GetSystemClocksFreq) for [Anonymous Symbol]
    stm32h7xx_ll_rcc.o(.ARM.exidx.text.LL_RCC_GetPLL1ClockFreq) refers to stm32h7xx_ll_rcc.o(.text.LL_RCC_GetPLL1ClockFreq) for [Anonymous Symbol]
    stm32h7xx_ll_rcc.o(.ARM.exidx.text.LL_RCC_CalcPLLClockFreq) refers to stm32h7xx_ll_rcc.o(.text.LL_RCC_CalcPLLClockFreq) for [Anonymous Symbol]
    stm32h7xx_ll_rcc.o(.ARM.exidx.text.LL_RCC_GetPLL2ClockFreq) refers to stm32h7xx_ll_rcc.o(.text.LL_RCC_GetPLL2ClockFreq) for [Anonymous Symbol]
    stm32h7xx_ll_rcc.o(.ARM.exidx.text.LL_RCC_GetPLL3ClockFreq) refers to stm32h7xx_ll_rcc.o(.text.LL_RCC_GetPLL3ClockFreq) for [Anonymous Symbol]
[...]
    [Anonymous Symbol]                       0x08003f28   Section        0  usbd_conf.o(.text.USBD_static_malloc)
    [Anonymous Symbol]                       0x08003f38   Section        0  stm32h7xx_ll_usb.o(.text.USB_ActivateEndpoint)
    [Anonymous Symbol]                       0x08003fc0   Section        0  stm32h7xx_ll_usb.o(.text.USB_ActivateSetup)
    [Anonymous Symbol]                       0x08003fe0   Section        0  stm32h7xx_ll_usb.o(.text.USB_CoreInit)
    [Anonymous Symbol]                       0x08004278   Section        0  stm32h7xx_ll_usb.o(.text.USB_DeactivateEndpoint)
    [Anonymous Symbol]                       0x080042f8   Section        0  stm32h7xx_ll_usb.o(.text.USB_DevConnect)
    [Anonymous Symbol]                       0x08004318   Section        0  stm32h7xx_ll_usb.o(.text.USB_DevDisconnect)
    [Anonymous Symbol]                       0x08004338   Section        0  stm32h7xx_ll_usb.o(.text.USB_DevInit)
    [Anonymous Symbol]                       0x080047e8   Section        0  stm32h7xx_ll_usb.o(.text.USB_DisableGlobalInt)
    [Anonymous Symbol]                       0x080047f8   Section        0  stm32h7xx_ll_usb.o(.text.USB_EP0_OutStart)
    [Anonymous Symbol]                       0x08004858   Section        0  stm32h7xx_ll_usb.o(.text.USB_EPClearStall)
    [Anonymous Symbol]                       0x080048b0   Section        0  stm32h7xx_ll_usb.o(.text.USB_EPSetStall)
    [Anonymous Symbol]                       0x080048f0   Section        0  stm32h7xx_ll_usb.o(.text.USB_EPStartXfer)
    [Anonymous Symbol]                       0x08004b38   Section        0  stm32h7xx_ll_usb.o(.text.USB_EPStopXfer)
    [Anonymous Symbol]                       0x08004d70   Section        0  stm32h7xx_ll_usb.o(.text.USB_EnableGlobalInt)
    [Anonymous Symbol]                       0x08004d80   Section        0  stm32h7xx_ll_usb.o(.text.USB_FlushTxFifo)
    [Anonymous Symbol]                       0x08004e40   Section        0  stm32h7xx_ll_usb.o(.text.USB_GetDevSpeed)
    [Anonymous Symbol]                       0x08004e60   Section        0  stm32h7xx_ll_usb.o(.text.USB_GetMode)
    [Anonymous Symbol]                       0x08004e68   Section        0  stm32h7xx_ll_usb.o(.text.USB_ReadDevAllInEpInterrupt)
    [Anonymous Symbol]                       0x08004e78   Section        0  stm32h7xx_ll_usb.o(.text.USB_ReadDevAllOutEpInterrupt)
    [Anonymous Symbol]                       0x08004e88   Section        0  stm32h7xx_ll_usb.o(.text.USB_ReadDevInEPInterrupt)
    [Anonymous Symbol]                       0x08004eb0   Section        0  stm32h7xx_ll_usb.o(.text.USB_ReadDevOutEPInterrupt)
    [Anonymous Symbol]                       0x08004ec0   Section        0  stm32h7xx_ll_usb.o(.text.USB_ReadInterrupts)
    [Anonymous Symbol]                       0x08004ec8   Section        0  stm32h7xx_ll_usb.o(.text.USB_ReadPacket)
    [Anonymous Symbol]                       0x08004f78   Section        0  stm32h7xx_ll_usb.o(.text.USB_SetCurrentMode)
    [Anonymous Symbol]                       0x080052e0   Section        0  stm32h7xx_ll_usb.o(.text.USB_SetDevAddress)
    [Anonymous Symbol]                       0x08005308   Section        0  stm32h7xx_ll_usb.o(.text.USB_SetTurnaroundTime)
    [Anonymous Symbol]                       0x08005420   Section        0  stm32h7xx_ll_usb.o(.text.USB_WritePacket)
    [Anonymous Symbol]                       0x08005498   Section        0  bootloader.o(.text.bootJumpToApp1)
    [Anonymous Symbol]                       0x080054b8   Section        0  main_bootloader.o(.text.main)
    [Anonymous Symbol]                       0x08005518   Section        0  usb_cdc.o(.text.software_crc32)
    $v0                                      0x08005686   Number         0  fpinit.o(x$fpl$fpinit)
    x$fpl$fpinit                             0x08005686   Section       26  fpinit.o(x$fpl$fpinit)
    .L_MergedGlobals                         0x24000000   Data           8  system_stm32h7xx_dualcore_boot_cm4_cm7.o(.data..L_MergedGlobals)
    [Anonymous Symbol]                       0x24000000   Section        0  system_stm32h7xx_dualcore_boot_cm4_cm7.o(.data..L_MergedGlobals)
    .L_MergedGlobals                         0x24000008   Data           8  stm32h7xx_hal.o(.data..L_MergedGlobals)
    [Anonymous Symbol]                       0x24000008   Section        0  stm32h7xx_hal.o(.data..L_MergedGlobals)
    USBD_CDC_CfgDesc                         0x2400006c   Data          67  usbd_cdc.o(.data.USBD_CDC_CfgDesc)
    [Anonymous Symbol]                       0x2400006c   Section        0  usbd_cdc.o(.data.USBD_CDC_CfgDesc)
    USBD_CDC_DeviceQualifierDesc             0x240000b0   Data          10  usbd_cdc.o(.data.USBD_CDC_DeviceQualifierDesc)
    [Anonymous Symbol]                       0x240000b0   Section        0  usbd_cdc.o(.data.USBD_CDC_DeviceQualifierDesc)
    .bss                                     0x24000108   Section       96  libspace.o(.bss)
    .L_MergedGlobals                         0x24000168   Data           8  bootloader.o(.bss..L_MergedGlobals)
    [Anonymous Symbol]                       0x24000168   Section        0  bootloader.o(.bss..L_MergedGlobals)
    .L_MergedGlobals                         0x24000170   Data          12  usb_cdc.o(.bss..L_MergedGlobals)
    [Anonymous Symbol]                       0x24000170   Section        0  usb_cdc.o(.bss..L_MergedGlobals)
    USBD_SetConfig.cfgidx                    0x24000a04   Data           1  usbd_ctlreq.o(.bss.USBD_SetConfig.cfgidx)
    [Anonymous Symbol]                       0x24000a04   Section        0  usbd_ctlreq.o(.bss.USBD_SetConfig.cfgidx)
    USBD_static_malloc.mem                   0x24000c08   Data         544  usbd_conf.o(.bss.USBD_static_malloc.mem)
    [Anonymous Symbol]                       0x24000c08   Section        0  usbd_conf.o(.bss.USBD_static_malloc.mem)
    bootJumpToApp1.vJumpToApp                0x24000e4c   Data           4  bootloader.o(.bss.bootJumpToApp1.vJumpToApp)
    [Anonymous Symbol]                       0x24000e4c   Section        0  bootloader.o(.bss.bootJumpToApp1.vJumpToApp)
    Heap_Mem                                 0x24005590   Data         512  startup_stm32h747xx.o(HEAP)
    HEAP                                     0x24005590   Section      512  startup_stm32h747xx.o(HEAP)
    Stack_Mem                                0x24005790   Data        1024  startup_stm32h747xx.o(STACK)
    STACK                                    0x24005790   Section     1024  startup_stm32h747xx.o(STACK)
    __initial_sp                             0x24005b90   Data           0  startup_stm32h747xx.o(STACK)

    Global Symbols

    Symbol Name                              Value     Ov Type        Size  Object(Section)

    BuildAttributes$$THM_ISAv4$E$P$D$K$B$S$7EM$VFPv5_D16$PE$PLD8$A:L22UL41UL21$X:L11$S22US41US21$IEEE1$IW$~IW$USESV6$~STKCKD$USESV7$~SHL$OTIME$ROPI$EBA8$UX$STANDARDLIB$REQ8$PRES8$EABIv2 0x00000000   Number         0  anon$$obj.o ABSOLUTE
    __ARM_exceptions_init                     - Undefined Weak Reference
    __alloca_initialize                       - Undefined Weak Reference
    __arm_preinit_                            - Undefined Weak Reference
    __arm_relocate_pie_                       - Undefined Weak Reference
    __cpp_initialize__aeabi_                  - Undefined Weak Reference
    __cxa_finalize                            - Undefined Weak Reference
    __rt_locale                               - Undefined Weak Reference
    __sigvec_lookup                           - Undefined Weak Reference
    _atexit_init                              - Undefined Weak Reference
    _call_atexit_fns                          - Undefined Weak Reference
    _clock_init                               - Undefined Weak Reference
    _fp_trap_init                             - Undefined Weak Reference
    _fp_trap_shutdown                         - Undefined Weak Reference
    _get_lc_collate                           - Undefined Weak Reference
    _get_lc_ctype                             - Undefined Weak Reference
    _get_lc_monetary                          - Undefined Weak Reference
    _get_lc_numeric                           - Undefined Weak Reference
    _get_lc_time                              - Undefined Weak Reference
    _getenv_init                              - Undefined Weak Reference
    _handle_redirection                       - Undefined Weak Reference
    _init_alloc                               - Undefined Weak Reference
    _init_user_alloc                          - Undefined Weak Reference
    _initio                                   - Undefined Weak Reference
    _rand_init                                - Undefined Weak Reference
    _signal_finish                            - Undefined Weak Reference
    _signal_init                              - Undefined Weak Reference
    _terminate_alloc                          - Undefined Weak Reference
    _terminate_user_alloc                     - Undefined Weak Reference
    _terminateio                              - Undefined Weak Reference
    __Vectors_Size                           0x00000298   Number         0  startup_stm32h747xx.o ABSOLUTE
    __Vectors                                0x08000000   Data           4  startup_stm32h747xx.o(RESET)
    __Vectors_End                            0x08000298   Data           0  startup_stm32h747xx.o(RESET)
    __main                                   0x08000299   Thumb Code     8  __main.o(!!!main)
    __scatterload                            0x080002a1   Thumb Code     0  __scatter.o(!!!scatter)
    __scatterload_rt2                        0x080002a1   Thumb Code    84  __scatter.o(!!!scatter)
    __scatterload_rt2_thumb_only             0x080002a1   Thumb Code     0  __scatter.o(!!!scatter)
    __scatterload_loop                       0x080002ab   Thumb Code     0  __scatter.o(!!!scatter)
    __scatterload_copy                       0x080002fd   Thumb Code    26  __scatter_copy.o(!!handler_copy)
    __scatterload_null                       0x08000319   Thumb Code     2  __scatter.o(!!handler_null)
    __scatterload_zeroinit                   0x0800031d   Thumb Code    28  __scatter_zi.o(!!handler_zi)
    __rt_lib_init                            0x08000339   Thumb Code     0  libinit.o(.ARM.Collect$$libinit$$00000000)
    __rt_lib_init_fp_1                       0x0800033b   Thumb Code     0  libinit2.o(.ARM.Collect$$libinit$$00000001)
    __rt_lib_init_alloca_1                   0x0800033f   Thumb Code     0  libinit2.o(.ARM.Collect$$libinit$$00000030)
    __rt_lib_init_argv_1                     0x0800033f   Thumb Code     0  libinit2.o(.ARM.Collect$$libinit$$0000002E)
    __rt_lib_init_atexit_1                   0x0800033f   Thumb Code     0  libinit2.o(.ARM.Collect$$libinit$$0000001D)
    __rt_lib_init_clock_1                    0x0800033f   Thumb Code     0  libinit2.o(.ARM.Collect$$libinit$$00000023)
    __rt_lib_init_cpp_1                      0x0800033f   Thumb Code     0  libinit2.o(.ARM.Collect$$libinit$$00000034)
    __rt_lib_init_exceptions_1               0x0800033f   Thumb Code     0  libinit2.o(.ARM.Collect$$libinit$$00000032)
    __rt_lib_init_fp_trap_1                  0x0800033f   Thumb Code     0  libinit2.o(.ARM.Collect$$libinit$$00000021)
    __rt_lib_init_getenv_1                   0x0800033f   Thumb Code     0  libinit2.o(.ARM.Collect$$libinit$$00000025)
    __rt_lib_init_heap_1                     0x0800033f   Thumb Code     0  libinit2.o(.ARM.Collect$$libinit$$0000000C)
    __rt_lib_init_lc_collate_1               0x0800033f   Thumb Code     0  libinit2.o(.ARM.Collect$$libinit$$00000013)
    __rt_lib_init_lc_ctype_1                 0x0800033f   Thumb Code     0  libinit2.o(.ARM.Collect$$libinit$$00000015)
    __rt_lib_init_lc_monetary_1              0x0800033f   Thumb Code     0  libinit2.o(.ARM.Collect$$libinit$$00000017)
    __rt_lib_init_lc_numeric_1               0x0800033f   Thumb Code     0  libinit2.o(.ARM.Collect$$libinit$$00000019)
    __rt_lib_init_lc_time_1                  0x0800033f   Thumb Code     0  libinit2.o(.ARM.Collect$$libinit$$0000001B)
    __rt_lib_init_preinit_1                  0x0800033f   Thumb Code     0  libinit2.o(.ARM.Collect$$libinit$$00000006)
    __rt_lib_init_rand_1                     0x0800033f   Thumb Code     0  libinit2.o(.ARM.Collect$$libinit$$00000010)
    __rt_lib_init_relocate_pie_1             0x0800033f   Thumb Code     0  libinit2.o(.ARM.Collect$$libinit$$00000004)
    __rt_lib_init_return                     0x0800033f   Thumb Code     0  libinit2.o(.ARM.Collect$$libinit$$00000035)
    __rt_lib_init_signal_1                   0x0800033f   Thumb Code     0  libinit2.o(.ARM.Collect$$libinit$$0000001F)
    __rt_lib_init_stdio_1                    0x0800033f   Thumb Code     0  libinit2.o(.ARM.Collect$$libinit$$00000027)
    __rt_lib_init_user_alloc_1               0x0800033f   Thumb Code     0  libinit2.o(.ARM.Collect$$libinit$$0000000E)
    __rt_lib_shutdown                        0x08000341   Thumb Code     0  libshutdown.o(.ARM.Collect$$libshutdown$$00000000)
    __rt_lib_shutdown_cpp_1                  0x08000343   Thumb Code     0  libshutdown2.o(.ARM.Collect$$libshutdown$$00000002)
    __rt_lib_shutdown_fp_trap_1              0x08000343   Thumb Code     0  libshutdown2.o(.ARM.Collect$$libshutdown$$00000007)
    __rt_lib_shutdown_heap_1                 0x08000343   Thumb Code     0  libshutdown2.o(.ARM.Collect$$libshutdown$$0000000F)
    __rt_lib_shutdown_return                 0x08000343   Thumb Code     0  libshutdown2.o(.ARM.Collect$$libshutdown$$00000010)
    __rt_lib_shutdown_signal_1               0x08000343   Thumb Code     0  libshutdown2.o(.ARM.Collect$$libshutdown$$0000000A)
    __rt_lib_shutdown_stdio_1                0x08000343   Thumb Code     0  libshutdown2.o(.ARM.Collect$$libshutdown$$00000004)
    __rt_lib_shutdown_user_alloc_1           0x08000343   Thumb Code     0  libshutdown2.o(.ARM.Collect$$libshutdown$$0000000C)
    __rt_entry                               0x08000345   Thumb Code     0  __rtentry.o(.ARM.Collect$$rtentry$$00000000)
    __rt_entry_presh_1                       0x08000345   Thumb Code     0  __rtentry2.o(.ARM.Collect$$rtentry$$00000002)
    __rt_entry_sh                            0x08000345   Thumb Code     0  __rtentry4.o(.ARM.Collect$$rtentry$$00000004)
    __rt_entry_li                            0x0800034b   Thumb Code     0  __rtentry2.o(.ARM.Collect$$rtentry$$0000000A)
    __rt_entry_postsh_1                      0x0800034b   Thumb Code     0  __rtentry2.o(.ARM.Collect$$rtentry$$00000009)
    __rt_entry_main                          0x0800034f   Thumb Code     0  __rtentry2.o(.ARM.Collect$$rtentry$$0000000D)
    __rt_entry_postli_1                      0x0800034f   Thumb Code     0  __rtentry2.o(.ARM.Collect$$rtentry$$0000000C)
    __rt_exit                                0x08000357   Thumb Code     0  rtexit.o(.ARM.Collect$$rtexit$$00000000)
    __rt_exit_ls                             0x08000359   Thumb Code     0  rtexit2.o(.ARM.Collect$$rtexit$$00000003)
    __rt_exit_prels_1                        0x08000359   Thumb Code     0  rtexit2.o(.ARM.Collect$$rtexit$$00000002)
    __rt_exit_exit                           0x0800035d   Thumb Code     0  rtexit2.o(.ARM.Collect$$rtexit$$00000004)
    Reset_Handler                            0x08000365   Thumb Code    12  startup_stm32h747xx.o(.text)
    NMI_Handler                              0x08000371   Thumb Code     2  startup_stm32h747xx.o(.text)
    HardFault_Handler                        0x08000373   Thumb Code     2  startup_stm32h747xx.o(.text)
    MemManage_Handler                        0x08000375   Thumb Code     2  startup_stm32h747xx.o(.text)
    BusFault_Handler                         0x08000377   Thumb Code     2  startup_stm32h747xx.o(.text)
    UsageFault_Handler                       0x08000379   Thumb Code     2  startup_stm32h747xx.o(.text)
    SVC_Handler                              0x0800037b   Thumb Code     2  startup_stm32h747xx.o(.text)
    DebugMon_Handler                         0x0800037d   Thumb Code     2  startup_stm32h747xx.o(.text)
    PendSV_Handler                           0x0800037f   Thumb Code     2  startup_stm32h747xx.o(.text)
    ADC3_IRQHandler                          0x08000383   Thumb Code     0  startup_stm32h747xx.o(.text)
    ADC_IRQHandler                           0x08000383   Thumb Code     0  startup_stm32h747xx.o(.text)
    BDMA_Channel0_IRQHandler                 0x08000383   Thumb Code     0  startup_stm32h747xx.o(.text)
    BDMA_Channel1_IRQHandler                 0x08000383   Thumb Code     0  startup_stm32h747xx.o(.text)
    BDMA_Channel2_IRQHandler                 0x08000383   Thumb Code     0  startup_stm32h747xx.o(.text)
    BDMA_Channel3_IRQHandler                 0x08000383   Thumb Code     0  startup_stm32h747xx.o(.text)
    BDMA_Channel4_IRQHandler                 0x08000383   Thumb Code     0  startup_stm32h747xx.o(.text)
    BDMA_Channel5_IRQHandler                 0x08000383   Thumb Code     0  startup_stm32h747xx.o(.text)
    BDMA_Channel6_IRQHandler                 0x08000383   Thumb Code     0  startup_stm32h747xx.o(.text)
    BDMA_Channel7_IRQHandler                 0x08000383   Thumb Code     0  startup_stm32h747xx.o(.text)
    CEC_IRQHandler                           0x08000383   Thumb Code     0  startup_stm32h747xx.o(.text)
    CM4_SEV_IRQHandler                       0x08000383   Thumb Code     0  startup_stm32h747xx.o(.text)
    CM7_SEV_IRQHandler                       0x08000383   Thumb Code     0  startup_stm32h747xx.o(.text)
    COMP1_IRQHandler                         0x08000383   Thumb Code     0  startup_stm32h747xx.o(.text)
    CRS_IRQHandler                           0x08000383   Thumb Code     0  startup_stm32h747xx.o(.text)
    DCMI_IRQHandler                          0x08000383   Thumb Code     0  startup_stm32h747xx.o(.text)
    DFSDM1_FLT0_IRQHandler                   0x08000383   Thumb Code     0  startup_stm32h747xx.o(.text)
    DFSDM1_FLT1_IRQHandler                   0x08000383   Thumb Code     0  startup_stm32h747xx.o(.text)
    DFSDM1_FLT2_IRQHandler                   0x08000383   Thumb Code     0  startup_stm32h747xx.o(.text)
    DFSDM1_FLT3_IRQHandler                   0x08000383   Thumb Code     0  startup_stm32h747xx.o(.text)
    DMA1_Stream0_IRQHandler                  0x08000383   Thumb Code     0  startup_stm32h747xx.o(.text)
    DMA1_Stream1_IRQHandler                  0x08000383   Thumb Code     0  startup_stm32h747xx.o(.text)
    DMA1_Stream2_IRQHandler                  0x08000383   Thumb Code     0  startup_stm32h747xx.o(.text)
    DMA1_Stream3_IRQHandler                  0x08000383   Thumb Code     0  startup_stm32h747xx.o(.text)
    DMA1_Stream4_IRQHandler                  0x08000383   Thumb Code     0  startup_stm32h747xx.o(.text)
    DMA1_Stream5_IRQHandler                  0x08000383   Thumb Code     0  startup_stm32h747xx.o(.text)
    DMA1_Stream6_IRQHandler                  0x08000383   Thumb Code     0  startup_stm32h747xx.o(.text)
    DMA1_Stream7_IRQHandler                  0x08000383   Thumb Code     0  startup_stm32h747xx.o(.text)
    DMA2D_IRQHandler                         0x08000383   Thumb Code     0  startup_stm32h747xx.o(.text)
    DMA2_Stream0_IRQHandler                  0x08000383   Thumb Code     0  startup_stm32h747xx.o(.text)
    DMA2_Stream1_IRQHandler                  0x08000383   Thumb Code     0  startup_stm32h747xx.o(.text)
    DMA2_Stream2_IRQHandler                  0x08000383   Thumb Code     0  startup_stm32h747xx.o(.text)
    DMA2_Stream3_IRQHandler                  0x08000383   Thumb Code     0  startup_stm32h747xx.o(.text)
    DMA2_Stream4_IRQHandler                  0x08000383   Thumb Code     0  startup_stm32h747xx.o(.text)
    DMA2_Stream5_IRQHandler                  0x08000383   Thumb Code     0  startup_stm32h747xx.o(.text)
    DMA2_Stream6_IRQHandler                  0x08000383   Thumb Code     0  startup_stm32h747xx.o(.text)
    DMA2_Stream7_IRQHandler                  0x08000383   Thumb Code     0  startup_stm32h747xx.o(.text)
    DMAMUX1_OVR_IRQHandler                   0x08000383   Thumb Code     0  startup_stm32h747xx.o(.text)
    DMAMUX2_OVR_IRQHandler                   0x08000383   Thumb Code     0  startup_stm32h747xx.o(.text)
    DSI_IRQHandler                           0x08000383   Thumb Code     0  startup_stm32h747xx.o(.text)
    ECC_IRQHandler                           0x08000383   Thumb Code     0  startup_stm32h747xx.o(.text)
    ETH_IRQHandler                           0x08000383   Thumb Code     0  startup_stm32h747xx.o(.text)
    ETH_WKUP_IRQHandler                      0x08000383   Thumb Code     0  startup_stm32h747xx.o(.text)
    EXTI0_IRQHandler                         0x08000383   Thumb Code     0  startup_stm32h747xx.o(.text)
    EXTI15_10_IRQHandler                     0x08000383   Thumb Code     0  startup_stm32h747xx.o(.text)
    EXTI1_IRQHandler                         0x08000383   Thumb Code     0  startup_stm32h747xx.o(.text)
    EXTI2_IRQHandler                         0x08000383   Thumb Code     0  startup_stm32h747xx.o(.text)
    EXTI3_IRQHandler                         0x08000383   Thumb Code     0  startup_stm32h747xx.o(.text)
    EXTI4_IRQHandler                         0x08000383   Thumb Code     0  startup_stm32h747xx.o(.text)
    EXTI9_5_IRQHandler                       0x08000383   Thumb Code     0  startup_stm32h747xx.o(.text)
    FDCAN1_IT0_IRQHandler                    0x08000383   Thumb Code     0  startup_stm32h747xx.o(.text)
    FDCAN1_IT1_IRQHandler                    0x08000383   Thumb Code     0  startup_stm32h747xx.o(.text)
    FDCAN2_IT0_IRQHandler                    0x08000383   Thumb Code     0  startup_stm32h747xx.o(.text)
    FDCAN2_IT1_IRQHandler                    0x08000383   Thumb Code     0  startup_stm32h747xx.o(.text)
    FDCAN_CAL_IRQHandler                     0x08000383   Thumb Code     0  startup_stm32h747xx.o(.text)
    FLASH_IRQHandler                         0x08000383   Thumb Code     0  startup_stm32h747xx.o(.text)
    FMC_IRQHandler                           0x08000383   Thumb Code     0  startup_stm32h747xx.o(.text)
    FPU_IRQHandler                           0x08000383   Thumb Code     0  startup_stm32h747xx.o(.text)
    HOLD_CORE_IRQHandler                     0x08000383   Thumb Code     0  startup_stm32h747xx.o(.text)
    HRTIM1_FLT_IRQHandler                    0x08000383   Thumb Code     0  startup_stm32h747xx.o(.text)
    HRTIM1_Master_IRQHandler                 0x08000383   Thumb Code     0  startup_stm32h747xx.o(.text)
    HRTIM1_TIMA_IRQHandler                   0x08000383   Thumb Code     0  startup_stm32h747xx.o(.text)
    HRTIM1_TIMB_IRQHandler                   0x08000383   Thumb Code     0  startup_stm32h747xx.o(.text)
    HRTIM1_TIMC_IRQHandler                   0x08000383   Thumb Code     0  startup_stm32h747xx.o(.text)
    HRTIM1_TIMD_IRQHandler                   0x08000383   Thumb Code     0  startup_stm32h747xx.o(.text)
    HRTIM1_TIME_IRQHandler                   0x08000383   Thumb Code     0  startup_stm32h747xx.o(.text)
    HSEM1_IRQHandler                         0x08000383   Thumb Code     0  startup_stm32h747xx.o(.text)
    HSEM2_IRQHandler                         0x08000383   Thumb Code     0  startup_stm32h747xx.o(.text)
    I2C1_ER_IRQHandler                       0x08000383   Thumb Code     0  startup_stm32h747xx.o(.text)
    I2C1_EV_IRQHandler                       0x08000383   Thumb Code     0  startup_stm32h747xx.o(.text)
    I2C2_ER_IRQHandler                       0x08000383   Thumb Code     0  startup_stm32h747xx.o(.text)
    I2C2_EV_IRQHandler                       0x08000383   Thumb Code     0  startup_stm32h747xx.o(.text)
    I2C3_ER_IRQHandler                       0x08000383   Thumb Code     0  startup_stm32h747xx.o(.text)
    I2C3_EV_IRQHandler                       0x08000383   Thumb Code     0  startup_stm32h747xx.o(.text)
    I2C4_ER_IRQHandler                       0x08000383   Thumb Code     0  startup_stm32h747xx.o(.text)
    I2C4_EV_IRQHandler                       0x08000383   Thumb Code     0  startup_stm32h747xx.o(.text)
    JPEG_IRQHandler                          0x08000383   Thumb Code     0  startup_stm32h747xx.o(.text)
    LPTIM1_IRQHandler                        0x08000383   Thumb Code     0  startup_stm32h747xx.o(.text)
    LPTIM2_IRQHandler                        0x08000383   Thumb Code     0  startup_stm32h747xx.o(.text)
    LPTIM3_IRQHandler                        0x08000383   Thumb Code     0  startup_stm32h747xx.o(.text)
    LPTIM4_IRQHandler                        0x08000383   Thumb Code     0  startup_stm32h747xx.o(.text)
    LPTIM5_IRQHandler                        0x08000383   Thumb Code     0  startup_stm32h747xx.o(.text)
    LPUART1_IRQHandler                       0x08000383   Thumb Code     0  startup_stm32h747xx.o(.text)
    LTDC_ER_IRQHandler                       0x08000383   Thumb Code     0  startup_stm32h747xx.o(.text)
    LTDC_IRQHandler                          0x08000383   Thumb Code     0  startup_stm32h747xx.o(.text)
    MDIOS_IRQHandler                         0x08000383   Thumb Code     0  startup_stm32h747xx.o(.text)
    MDIOS_WKUP_IRQHandler                    0x08000383   Thumb Code     0  startup_stm32h747xx.o(.text)
    MDMA_IRQHandler                          0x08000383   Thumb Code     0  startup_stm32h747xx.o(.text)
    OTG_FS_EP1_IN_IRQHandler                 0x08000383   Thumb Code     0  startup_stm32h747xx.o(.text)
    OTG_FS_EP1_OUT_IRQHandler                0x08000383   Thumb Code     0  startup_stm32h747xx.o(.text)
    OTG_FS_WKUP_IRQHandler                   0x08000383   Thumb Code     0  startup_stm32h747xx.o(.text)
    OTG_HS_EP1_IN_IRQHandler                 0x08000383   Thumb Code     0  startup_stm32h747xx.o(.text)
    OTG_HS_EP1_OUT_IRQHandler                0x08000383   Thumb Code     0  startup_stm32h747xx.o(.text)
    OTG_HS_IRQHandler                        0x08000383   Thumb Code     0  startup_stm32h747xx.o(.text)
    OTG_HS_WKUP_IRQHandler                   0x08000383   Thumb Code     0  startup_stm32h747xx.o(.text)
    PVD_AVD_IRQHandler                       0x08000383   Thumb Code     0  startup_stm32h747xx.o(.text)
    QUADSPI_IRQHandler                       0x08000383   Thumb Code     0  startup_stm32h747xx.o(.text)
    RCC_IRQHandler                           0x08000383   Thumb Code     0  startup_stm32h747xx.o(.text)
    RNG_IRQHandler                           0x08000383   Thumb Code     0  startup_stm32h747xx.o(.text)
    RTC_Alarm_IRQHandler                     0x08000383   Thumb Code     0  startup_stm32h747xx.o(.text)
    RTC_WKUP_IRQHandler                      0x08000383   Thumb Code     0  startup_stm32h747xx.o(.text)
    SAI1_IRQHandler                          0x08000383   Thumb Code     0  startup_stm32h747xx.o(.text)
    SAI2_IRQHandler                          0x08000383   Thumb Code     0  startup_stm32h747xx.o(.text)
    SAI3_IRQHandler                          0x08000383   Thumb Code     0  startup_stm32h747xx.o(.text)
    SAI4_IRQHandler                          0x08000383   Thumb Code     0  startup_stm32h747xx.o(.text)
    SDMMC1_IRQHandler                        0x08000383   Thumb Code     0  startup_stm32h747xx.o(.text)
    SDMMC2_IRQHandler                        0x08000383   Thumb Code     0  startup_stm32h747xx.o(.text)
    SPDIF_RX_IRQHandler                      0x08000383   Thumb Code     0  startup_stm32h747xx.o(.text)
    SPI1_IRQHandler                          0x08000383   Thumb Code     0  startup_stm32h747xx.o(.text)
    SPI2_IRQHandler                          0x08000383   Thumb Code     0  startup_stm32h747xx.o(.text)
    SPI3_IRQHandler                          0x08000383   Thumb Code     0  startup_stm32h747xx.o(.text)
    SPI4_IRQHandler                          0x08000383   Thumb Code     0  startup_stm32h747xx.o(.text)
    SPI5_IRQHandler                          0x08000383   Thumb Code     0  startup_stm32h747xx.o(.text)
    SPI6_IRQHandler                          0x08000383   Thumb Code     0  startup_stm32h747xx.o(.text)
    SWPMI1_IRQHandler                        0x08000383   Thumb Code     0  startup_stm32h747xx.o(.text)
    TAMP_STAMP_IRQHandler                    0x08000383   Thumb Code     0  startup_stm32h747xx.o(.text)
    TIM15_IRQHandler                         0x08000383   Thumb Code     0  startup_stm32h747xx.o(.text)
    TIM16_IRQHandler                         0x08000383   Thumb Code     0  startup_stm32h747xx.o(.text)
    TIM17_IRQHandler                         0x08000383   Thumb Code     0  startup_stm32h747xx.o(.text)
    TIM1_BRK_IRQHandler                      0x08000383   Thumb Code     0  startup_stm32h747xx.o(.text)
    TIM1_CC_IRQHandler                       0x08000383   Thumb Code     0  startup_stm32h747xx.o(.text)
    TIM1_TRG_COM_IRQHandler                  0x08000383   Thumb Code     0  startup_stm32h747xx.o(.text)
    TIM1_UP_IRQHandler                       0x08000383   Thumb Code     0  startup_stm32h747xx.o(.text)
    TIM2_IRQHandler                          0x08000383   Thumb Code     0  startup_stm32h747xx.o(.text)
    TIM3_IRQHandler                          0x08000383   Thumb Code     0  startup_stm32h747xx.o(.text)
    TIM4_IRQHandler                          0x08000383   Thumb Code     0  startup_stm32h747xx.o(.text)
    TIM5_IRQHandler                          0x08000383   Thumb Code     0  startup_stm32h747xx.o(.text)
    TIM6_DAC_IRQHandler                      0x08000383   Thumb Code     0  startup_stm32h747xx.o(.text)
    TIM7_IRQHandler                          0x08000383   Thumb Code     0  startup_stm32h747xx.o(.text)
    TIM8_BRK_TIM12_IRQHandler                0x08000383   Thumb Code     0  startup_stm32h747xx.o(.text)
    TIM8_CC_IRQHandler                       0x08000383   Thumb Code     0  startup_stm32h747xx.o(.text)
    TIM8_TRG_COM_TIM14_IRQHandler            0x08000383   Thumb Code     0  startup_stm32h747xx.o(.text)
    TIM8_UP_TIM13_IRQHandler                 0x08000383   Thumb Code     0  startup_stm32h747xx.o(.text)
    UART4_IRQHandler                         0x08000383   Thumb Code     0  startup_stm32h747xx.o(.text)
    UART5_IRQHandler                         0x08000383   Thumb Code     0  startup_stm32h747xx.o(.text)
    UART7_IRQHandler                         0x08000383   Thumb Code     0  startup_stm32h747xx.o(.text)
    UART8_IRQHandler                         0x08000383   Thumb Code     0  startup_stm32h747xx.o(.text)
    USART1_IRQHandler                        0x08000383   Thumb Code     0  startup_stm32h747xx.o(.text)
    USART2_IRQHandler                        0x08000383   Thumb Code     0  startup_stm32h747xx.o(.text)
    USART3_IRQHandler                        0x08000383   Thumb Code     0  startup_stm32h747xx.o(.text)
    USART6_IRQHandler                        0x08000383   Thumb Code     0  startup_stm32h747xx.o(.text)
    WAKEUP_PIN_IRQHandler                    0x08000383   Thumb Code     0  startup_stm32h747xx.o(.text)
    WWDG_IRQHandler                          0x08000383   Thumb Code     0  startup_stm32h747xx.o(.text)
    WWDG_RST_IRQHandler                      0x08000383   Thumb Code     0  startup_stm32h747xx.o(.text)
    __user_initial_stackheap                 0x08000385   Thumb Code     0  startup_stm32h747xx.o(.text)
    __aeabi_memclr                           0x080003ad   Thumb Code     0  rt_memclr.o(.text)
    __rt_memclr                              0x080003ad   Thumb Code     0  rt_memclr.o(.text)
    _memset                                  0x080003b1   Thumb Code    64  rt_memclr.o(.text)
    __aeabi_memclr4                          0x080003f1   Thumb Code     0  rt_memclr_w.o(.text)
    __aeabi_memclr8                          0x080003f1   Thumb Code     0  rt_memclr_w.o(.text)
    __rt_memclr_w                            0x080003f1   Thumb Code     0  rt_memclr_w.o(.text)
    _memset_w                                0x080003f5   Thumb Code    74  rt_memclr_w.o(.text)
    __use_two_region_memory                  0x0800043f   Thumb Code     2  heapauxi.o(.text)
    __rt_heap_escrow$2region                 0x08000441   Thumb Code     2  heapauxi.o(.text)
    __rt_heap_expand$2region                 0x08000443   Thumb Code     2  heapauxi.o(.text)
    __user_setup_stackheap                   0x08000445   Thumb Code    74  sys_stackheap_outer.o(.text)
    exit                                     0x0800048f   Thumb Code    18  exit.o(.text)
    __user_libspace                          0x080004a1   Thumb Code     8  libspace.o(.text)
    __user_perproc_libspace                  0x080004a1   Thumb Code     0  libspace.o(.text)
    __user_perthread_libspace                0x080004a1   Thumb Code     0  libspace.o(.text)
    _sys_exit                                0x080004a9   Thumb Code     8  sys_exit.o(.text)
    __I$use$semihosting                      0x080004b5   Thumb Code     0  use_no_semi.o(.text)
    __use_no_semihosting_swi                 0x080004b5   Thumb Code     2  use_no_semi.o(.text)
    __semihosting_library_function           0x080004b7   Thumb Code     0  indicate_semi.o(.text)
    CDC_Transmit_FS                          0x08000681   Thumb Code    54  usb_cdc.o(.text.CDC_Transmit_FS)
    CRC_DmaInit                              0x080006b9   Thumb Code   244  usb_cdc.o(.text.CRC_DmaInit)
    Erase_All_App                            0x080007b1   Thumb Code   566  bootloader.o(.text.Erase_All_App)
    Error_Handler                            0x080009e9   Thumb Code     6  usb_device.o(.text.Error_Handler)
    ExitRun0Mode                             0x080009f1   Thumb Code     2  system_stm32h7xx_dualcore_boot_cm4_cm7.o(.text.ExitRun0Mode)
    Flash_Write_B1                           0x080009f9   Thumb Code   566  bootloader.o(.text.Flash_Write_B1)
    GPIO_Init                                0x08000c31   Thumb Code   152  clock_system.o(.text.GPIO_Init)
    GPIO_USB_Init                            0x08000cc9   Thumb Code    90  usb_cdc.o(.text.GPIO_USB_Init)
    GetTick                                  0x08000d29   Thumb Code    12  clock_system.o(.text.GetTick)
    HAL_GPIO_Init                            0x08000d39   Thumb Code   482  stm32h7xx_hal_gpio.o(.text.HAL_GPIO_Init)
    HAL_Init                                 0x08000f21   Thumb Code   100  stm32h7xx_hal.o(.text.HAL_Init)
    HAL_InitTick                             0x08000f89   Thumb Code    80  stm32h7xx_hal.o(.text.HAL_InitTick)
    HAL_MspInit                              0x08000fd9   Thumb Code     2  stm32h7xx_hal.o(.text.HAL_MspInit)
    HAL_NVIC_EnableIRQ                       0x08000fe1   Thumb Code    34  stm32h7xx_hal_cortex.o(.text.HAL_NVIC_EnableIRQ)
    HAL_NVIC_SetPriority                     0x08001009   Thumb Code    90  stm32h7xx_hal_cortex.o(.text.HAL_NVIC_SetPriority)
    HAL_NVIC_SetPriorityGrouping             0x08001069   Thumb Code    32  stm32h7xx_hal_cortex.o(.text.HAL_NVIC_SetPriorityGrouping)
    HAL_PCDEx_ActivateLPM                    0x08001089   Thumb Code    38  stm32h7xx_hal_pcd_ex.o(.text.HAL_PCDEx_ActivateLPM)
    HAL_PCDEx_LPM_Callback                   0x080010b1   Thumb Code     2  stm32h7xx_hal_pcd_ex.o(.text.HAL_PCDEx_LPM_Callback)
    HAL_PCDEx_SetRxFiFo                      0x080010b9   Thumb Code     8  stm32h7xx_hal_pcd_ex.o(.text.HAL_PCDEx_SetRxFiFo)
    HAL_PCDEx_SetTxFiFo                      0x080010c1   Thumb Code   206  stm32h7xx_hal_pcd_ex.o(.text.HAL_PCDEx_SetTxFiFo)
    HAL_PCD_ConnectCallback                  0x08001191   Thumb Code     8  usbd_conf.o(.text.HAL_PCD_ConnectCallback)
    HAL_PCD_DataInStageCallback              0x08001199   Thumb Code    18  usbd_conf.o(.text.HAL_PCD_DataInStageCallback)
    HAL_PCD_DataOutStageCallback             0x080011b1   Thumb Code    20  usbd_conf.o(.text.HAL_PCD_DataOutStageCallback)
    HAL_PCD_DisconnectCallback               0x080011c9   Thumb Code     8  usbd_conf.o(.text.HAL_PCD_DisconnectCallback)
    HAL_PCD_EP_Close                         0x080011d1   Thumb Code    80  stm32h7xx_hal_pcd.o(.text.HAL_PCD_EP_Close)
    HAL_PCD_EP_ClrStall                      0x08001221   Thumb Code    94  stm32h7xx_hal_pcd.o(.text.HAL_PCD_EP_ClrStall)
    HAL_PCD_EP_GetRxCount                    0x08001281   Thumb Code    18  stm32h7xx_hal_pcd.o(.text.HAL_PCD_EP_GetRxCount)
    HAL_PCD_EP_Open                          0x08001299   Thumb Code   126  stm32h7xx_hal_pcd.o(.text.HAL_PCD_EP_Open)
    HAL_PCD_EP_Receive                       0x08001319   Thumb Code    56  stm32h7xx_hal_pcd.o(.text.HAL_PCD_EP_Receive)
    HAL_PCD_EP_SetStall                      0x08001351   Thumb Code   108  stm32h7xx_hal_pcd.o(.text.HAL_PCD_EP_SetStall)
    HAL_PCD_EP_Transmit                      0x080013c1   Thumb Code    60  stm32h7xx_hal_pcd.o(.text.HAL_PCD_EP_Transmit)
    HAL_PCD_IRQHandler                       0x08001401   Thumb Code  2694  stm32h7xx_hal_pcd.o(.text.HAL_PCD_IRQHandler)
    HAL_PCD_ISOINIncompleteCallback          0x08001e89   Thumb Code     8  usbd_conf.o(.text.HAL_PCD_ISOINIncompleteCallback)
    HAL_PCD_ISOOUTIncompleteCallback         0x08001e91   Thumb Code     8  usbd_conf.o(.text.HAL_PCD_ISOOUTIncompleteCallback)
    HAL_PCD_Init                             0x08001e99   Thumb Code   634  stm32h7xx_hal_pcd.o(.text.HAL_PCD_Init)
    HAL_PCD_MspInit                          0x08002119   Thumb Code   150  usbd_conf.o(.text.HAL_PCD_MspInit)
    HAL_PCD_ResetCallback                    0x080021b1   Thumb Code    42  usbd_conf.o(.text.HAL_PCD_ResetCallback)
    HAL_PCD_ResumeCallback                   0x080021e1   Thumb Code     8  usbd_conf.o(.text.HAL_PCD_ResumeCallback)
    HAL_PCD_SOFCallback                      0x080021e9   Thumb Code     8  usbd_conf.o(.text.HAL_PCD_SOFCallback)
    HAL_PCD_SetAddress                       0x080021f1   Thumb Code    40  stm32h7xx_hal_pcd.o(.text.HAL_PCD_SetAddress)
    HAL_PCD_SetupStageCallback               0x08002219   Thumb Code    14  usbd_conf.o(.text.HAL_PCD_SetupStageCallback)
    HAL_PCD_Start                            0x08002229   Thumb Code    62  stm32h7xx_hal_pcd.o(.text.HAL_PCD_Start)
    HAL_PCD_SuspendCallback                  0x08002269   Thumb Code    52  usbd_conf.o(.text.HAL_PCD_SuspendCallback)
    HAL_PWREx_EnableUSBVoltageDetector       0x080022a1   Thumb Code    18  stm32h7xx_hal_pwr_ex.o(.text.HAL_PWREx_EnableUSBVoltageDetector)
    HAL_RCC_GetHCLKFreq                      0x080022b9   Thumb Code    76  stm32h7xx_hal_rcc.o(.text.HAL_RCC_GetHCLKFreq)
    HAL_RCC_GetSysClockFreq                  0x08002309   Thumb Code   264  stm32h7xx_hal_rcc.o(.text.HAL_RCC_GetSysClockFreq)
    HAL_SYSTICK_Config                       0x08002429   Thumb Code    46  stm32h7xx_hal_cortex.o(.text.HAL_SYSTICK_Config)
    LL_GPIO_Init                             0x08002459   Thumb Code   202  stm32h7xx_ll_gpio.o(.text.LL_GPIO_Init)
    LL_Init1msTick                           0x08002529   Thumb Code    40  stm32h7xx_ll_utils.o(.text.LL_Init1msTick)
    LL_SetSystemCoreClock                    0x08002551   Thumb Code    12  stm32h7xx_ll_utils.o(.text.LL_SetSystemCoreClock)
    LL_mDelay                                0x08002561   Thumb Code    74  stm32h7xx_ll_utils.o(.text.LL_mDelay)
    MX_USB_DEVICE_Init                       0x080025b1   Thumb Code   116  usb_device.o(.text.MX_USB_DEVICE_Init)
    OTG_FS_IRQHandler                        0x08002629   Thumb Code    12  usb_cdc.o(.text.OTG_FS_IRQHandler)
    PocessCommand                            0x08002639   Thumb Code   268  bootloader.o(.text.PocessCommand)
    SysTick_Handler                          0x08002749   Thumb Code    16  clock_system.o(.text.SysTick_Handler)
    SystemClock_Init                         0x08002759   Thumb Code   510  clock_system.o(.text.SystemClock_Init)
    SystemInit                               0x08002959   Thumb Code   296  system_stm32h7xx_dualcore_boot_cm4_cm7.o(.text.SystemInit)
    SystemTickConfig                         0x08002a81   Thumb Code    68  clock_system.o(.text.SystemTickConfig)
    USBD_CDC_GetDeviceQualifierDescriptor    0x08002c19   Thumb Code    16  usbd_cdc.o(.text.USBD_CDC_GetDeviceQualifierDescriptor)
    USBD_CDC_ReceivePacket                   0x08002e01   Thumb Code    48  usbd_cdc.o(.text.USBD_CDC_ReceivePacket)
    USBD_CDC_RegisterInterface               0x08002e31   Thumb Code    24  usbd_cdc.o(.text.USBD_CDC_RegisterInterface)
    USBD_CDC_SetRxBuffer                     0x08002e49   Thumb Code    28  usbd_cdc.o(.text.USBD_CDC_SetRxBuffer)
    USBD_CDC_SetTxBuffer                     0x08002e69   Thumb Code    32  usbd_cdc.o(.text.USBD_CDC_SetTxBuffer)
    USBD_CDC_TransmitPacket                  0x08002f71   Thumb Code    68  usbd_cdc.o(.text.USBD_CDC_TransmitPacket)
    USBD_ClrClassConfig                      0x08002fb9   Thumb Code    18  usbd_core.o(.text.USBD_ClrClassConfig)
    USBD_CoreFindEP                          0x08002fd1   Thumb Code     4  usbd_core.o(.text.USBD_CoreFindEP)
    USBD_CoreFindIF                          0x08002fd9   Thumb Code     4  usbd_core.o(.text.USBD_CoreFindIF)
    USBD_CtlContinueRx                       0x08002fe1   Thumb Code    16  usbd_ioreq.o(.text.USBD_CtlContinueRx)
    USBD_CtlContinueSendData                 0x08002ff1   Thumb Code    16  usbd_ioreq.o(.text.USBD_CtlContinueSendData)
    USBD_CtlError                            0x08003001   Thumb Code    22  usbd_ctlreq.o(.text.USBD_CtlError)
    USBD_CtlPrepareRx                        0x08003019   Thumb Code    32  usbd_ioreq.o(.text.USBD_CtlPrepareRx)
    USBD_CtlReceiveStatus                    0x08003039   Thumb Code    22  usbd_ioreq.o(.text.USBD_CtlReceiveStatus)
    USBD_CtlSendData                         0x08003051   Thumb Code    30  usbd_ioreq.o(.text.USBD_CtlSendData)
    USBD_CtlSendStatus                       0x08003071   Thumb Code    22  usbd_ioreq.o(.text.USBD_CtlSendStatus)
    USBD_FS_ConfigStrDescriptor              0x08003089   Thumb Code    24  usbd_desc.o(.text.USBD_FS_ConfigStrDescriptor)
    USBD_FS_DeviceDescriptor                 0x080030b1   Thumb Code    14  usbd_desc.o(.text.USBD_FS_DeviceDescriptor)
    USBD_FS_InterfaceStrDescriptor           0x080030c1   Thumb Code    24  usbd_desc.o(.text.USBD_FS_InterfaceStrDescriptor)
    USBD_FS_LangIDStrDescriptor              0x080030e9   Thumb Code    14  usbd_desc.o(.text.USBD_FS_LangIDStrDescriptor)
    USBD_FS_ManufacturerStrDescriptor        0x080030f9   Thumb Code    24  usbd_desc.o(.text.USBD_FS_ManufacturerStrDescriptor)
    USBD_FS_ProductStrDescriptor             0x08003129   Thumb Code    24  usbd_desc.o(.text.USBD_FS_ProductStrDescriptor)
    USBD_FS_SerialStrDescriptor              0x08003159   Thumb Code   364  usbd_desc.o(.text.USBD_FS_SerialStrDescriptor)
    USBD_GetEpDesc                           0x080032c9   Thumb Code   132  usbd_core.o(.text.USBD_GetEpDesc)
    USBD_GetString                           0x08003351   Thumb Code   256  usbd_ctlreq.o(.text.USBD_GetString)
    USBD_Init                                0x08003451   Thumb Code    40  usbd_core.o(.text.USBD_Init)
    USBD_LL_ClearStallEP                     0x08003479   Thumb Code    34  usbd_conf.o(.text.USBD_LL_ClearStallEP)
    USBD_LL_CloseEP                          0x080034a1   Thumb Code    34  usbd_conf.o(.text.USBD_LL_CloseEP)
    USBD_LL_DataInStage                      0x080034c9   Thumb Code   184  usbd_core.o(.text.USBD_LL_DataInStage)
    USBD_LL_DataOutStage                     0x08003581   Thumb Code   124  usbd_core.o(.text.USBD_LL_DataOutStage)
    USBD_LL_DevConnected                     0x08003601   Thumb Code     4  usbd_core.o(.text.USBD_LL_DevConnected)
    USBD_LL_DevDisconnected                  0x08003609   Thumb Code    32  usbd_core.o(.text.USBD_LL_DevDisconnected)
    USBD_LL_GetRxDataSize                    0x08003629   Thumb Code     8  usbd_conf.o(.text.USBD_LL_GetRxDataSize)
    USBD_LL_Init                             0x08003631   Thumb Code   112  usbd_conf.o(.text.USBD_LL_Init)
    USBD_LL_IsStallEP                        0x080036a1   Thumb Code    42  usbd_conf.o(.text.USBD_LL_IsStallEP)
    USBD_LL_IsoINIncomplete                  0x080036d1   Thumb Code    44  usbd_core.o(.text.USBD_LL_IsoINIncomplete)
    USBD_LL_IsoOUTIncomplete                 0x08003701   Thumb Code    44  usbd_core.o(.text.USBD_LL_IsoOUTIncomplete)
    USBD_LL_OpenEP                           0x08003731   Thumb Code    40  usbd_conf.o(.text.USBD_LL_OpenEP)
    USBD_LL_PrepareReceive                   0x08003759   Thumb Code    34  usbd_conf.o(.text.USBD_LL_PrepareReceive)
    USBD_LL_Reset                            0x08003781   Thumb Code    98  usbd_core.o(.text.USBD_LL_Reset)
    USBD_LL_Resume                           0x080037e9   Thumb Code    20  usbd_core.o(.text.USBD_LL_Resume)
    USBD_LL_SOF                              0x08003801   Thumb Code    30  usbd_core.o(.text.USBD_LL_SOF)
    USBD_LL_SetSpeed                         0x08003821   Thumb Code     8  usbd_core.o(.text.USBD_LL_SetSpeed)
    USBD_LL_SetUSBAddress                    0x08003829   Thumb Code    34  usbd_conf.o(.text.USBD_LL_SetUSBAddress)
    USBD_LL_SetupStage                       0x08003851   Thumb Code    98  usbd_core.o(.text.USBD_LL_SetupStage)
    USBD_LL_StallEP                          0x080038b9   Thumb Code    34  usbd_conf.o(.text.USBD_LL_StallEP)
    USBD_LL_Start                            0x080038e1   Thumb Code    34  usbd_conf.o(.text.USBD_LL_Start)
    USBD_LL_Suspend                          0x08003909   Thumb Code    28  usbd_core.o(.text.USBD_LL_Suspend)
    USBD_LL_Transmit                         0x08003929   Thumb Code    34  usbd_conf.o(.text.USBD_LL_Transmit)
    USBD_ParseSetupRequest                   0x08003951   Thumb Code    22  usbd_ctlreq.o(.text.USBD_ParseSetupRequest)
    USBD_RegisterClass                       0x08003969   Thumb Code    70  usbd_core.o(.text.USBD_RegisterClass)
    USBD_SetClassConfig                      0x080039b1   Thumb Code    16  usbd_core.o(.text.USBD_SetClassConfig)
    USBD_Start                               0x080039c1   Thumb Code     4  usbd_core.o(.text.USBD_Start)
    USBD_StdDevReq                           0x080039c9   Thumb Code   898  usbd_ctlreq.o(.text.USBD_StdDevReq)
    USBD_StdEPReq                            0x08003d51   Thumb Code   352  usbd_ctlreq.o(.text.USBD_StdEPReq)
    USBD_StdItfReq                           0x08003eb1   Thumb Code   112  usbd_ctlreq.o(.text.USBD_StdItfReq)
    USBD_static_free                         0x08003f21   Thumb Code     2  usbd_conf.o(.text.USBD_static_free)
    USBD_static_malloc                       0x08003f29   Thumb Code    10  usbd_conf.o(.text.USBD_static_malloc)
    USB_ActivateEndpoint                     0x08003f39   Thumb Code   134  stm32h7xx_ll_usb.o(.text.USB_ActivateEndpoint)
    USB_ActivateSetup                        0x08003fc1   Thumb Code    32  stm32h7xx_ll_usb.o(.text.USB_ActivateSetup)
    USB_CoreInit                             0x08003fe1   Thumb Code   658  stm32h7xx_ll_usb.o(.text.USB_CoreInit)
    USB_DeactivateEndpoint                   0x08004279   Thumb Code   124  stm32h7xx_ll_usb.o(.text.USB_DeactivateEndpoint)
    USB_DevConnect                           0x080042f9   Thumb Code    30  stm32h7xx_ll_usb.o(.text.USB_DevConnect)
    USB_DevDisconnect                        0x08004319   Thumb Code    30  stm32h7xx_ll_usb.o(.text.USB_DevDisconnect)
    USB_DevInit                              0x08004339   Thumb Code  1196  stm32h7xx_ll_usb.o(.text.USB_DevInit)
    USB_DisableGlobalInt                     0x080047e9   Thumb Code    14  stm32h7xx_ll_usb.o(.text.USB_DisableGlobalInt)
    USB_EP0_OutStart                         0x080047f9   Thumb Code    90  stm32h7xx_ll_usb.o(.text.USB_EP0_OutStart)
    USB_EPClearStall                         0x08004859   Thumb Code    82  stm32h7xx_ll_usb.o(.text.USB_EPClearStall)
    USB_EPSetStall                           0x080048b1   Thumb Code    64  stm32h7xx_ll_usb.o(.text.USB_EPSetStall)
    USB_EPStartXfer                          0x080048f1   Thumb Code   578  stm32h7xx_ll_usb.o(.text.USB_EPStartXfer)
    USB_EPStopXfer                           0x08004b39   Thumb Code   566  stm32h7xx_ll_usb.o(.text.USB_EPStopXfer)
    USB_EnableGlobalInt                      0x08004d71   Thumb Code    14  stm32h7xx_ll_usb.o(.text.USB_EnableGlobalInt)
    USB_FlushTxFifo                          0x08004d81   Thumb Code   190  stm32h7xx_ll_usb.o(.text.USB_FlushTxFifo)
    USB_GetDevSpeed                          0x08004e41   Thumb Code    26  stm32h7xx_ll_usb.o(.text.USB_GetDevSpeed)
    USB_GetMode                              0x08004e61   Thumb Code     8  stm32h7xx_ll_usb.o(.text.USB_GetMode)
    USB_ReadDevAllInEpInterrupt              0x08004e69   Thumb Code    14  stm32h7xx_ll_usb.o(.text.USB_ReadDevAllInEpInterrupt)
    USB_ReadDevAllOutEpInterrupt             0x08004e79   Thumb Code    14  stm32h7xx_ll_usb.o(.text.USB_ReadDevAllOutEpInterrupt)
    USB_ReadDevInEPInterrupt                 0x08004e89   Thumb Code    36  stm32h7xx_ll_usb.o(.text.USB_ReadDevInEPInterrupt)
    USB_ReadDevOutEPInterrupt                0x08004eb1   Thumb Code    16  stm32h7xx_ll_usb.o(.text.USB_ReadDevOutEPInterrupt)
    USB_ReadInterrupts                       0x08004ec1   Thumb Code     8  stm32h7xx_ll_usb.o(.text.USB_ReadInterrupts)
    USB_ReadPacket                           0x08004ec9   Thumb Code   174  stm32h7xx_ll_usb.o(.text.USB_ReadPacket)
    USB_SetCurrentMode                       0x08004f79   Thumb Code   872  stm32h7xx_ll_usb.o(.text.USB_SetCurrentMode)
    USB_SetDevAddress                        0x080052e1   Thumb Code    34  stm32h7xx_ll_usb.o(.text.USB_SetDevAddress)
    USB_SetTurnaroundTime                    0x08005309   Thumb Code   280  stm32h7xx_ll_usb.o(.text.USB_SetTurnaroundTime)
    USB_WritePacket                          0x08005421   Thumb Code   120  stm32h7xx_ll_usb.o(.text.USB_WritePacket)
    bootJumpToApp1                           0x08005499   Thumb Code    30  bootloader.o(.text.bootJumpToApp1)
    main                                     0x080054b9   Thumb Code    94  main_bootloader.o(.text.main)
    software_crc32                           0x08005519   Thumb Code   366  usb_cdc.o(.text.software_crc32)
    _fp_init                                 0x08005687   Thumb Code    26  fpinit.o(x$fpl$fpinit)
    __fplib_config_fpu_vfp                   0x0800569f   Thumb Code     0  fpinit.o(x$fpl$fpinit)
    __fplib_config_pureend_doubles           0x0800569f   Thumb Code     0  fpinit.o(x$fpl$fpinit)
    D1CorePrescTable                         0x080056a0   Data          16  system_stm32h7xx_dualcore_boot_cm4_cm7.o(.rodata.D1CorePrescTable)
    Region$$Table$$Base                      0x080056b0   Number         0  anon$$obj.o(Region$$Table)
    Region$$Table$$Limit                     0x080056d0   Number         0  anon$$obj.o(Region$$Table)
    SystemCoreClock                          0x24000000   Data           4  system_stm32h7xx_dualcore_boot_cm4_cm7.o(.data..L_MergedGlobals)
    SystemD2Clock                            0x24000004   Data           4  system_stm32h7xx_dualcore_boot_cm4_cm7.o(.data..L_MergedGlobals)
    uwTickFreq                               0x24000008   Data           1  stm32h7xx_hal.o(.data..L_MergedGlobals)
    uwTickPrio                               0x2400000c   Data           4  stm32h7xx_hal.o(.data..L_MergedGlobals)
    FS_Desc                                  0x24000010   Data          32  usbd_desc.o(.data.FS_Desc)
    Received_CRC                             0x24000030   Data           4  usb_cdc.o(.data.Received_CRC)
    USBD_CDC                                 0x24000034   Data          56  usbd_cdc.o(.data.USBD_CDC)
    USBD_FS_DeviceDesc                       0x240000bc   Data          18  usbd_desc.o(.data.USBD_FS_DeviceDesc)
    USBD_Interface_fops_FS                   0x240000d0   Data          20  usb_cdc.o(.data.USBD_Interface_fops_FS)
    USBD_LangIDDesc                          0x240000e4   Data           4  usbd_desc.o(.data.USBD_LangIDDesc)
    USBD_StringSerial                        0x240000e8   Data          26  usbd_desc.o(.data.USBD_StringSerial)
    __libspace_start                         0x24000108   Data          96  libspace.o(.bss)
    __temporary_stack_top$libspace           0x24000168   Data           0  libspace.o(.bss)
    current_program                          0x24000168   Data           2  bootloader.o(.bss..L_MergedGlobals)
    u32offset_FlashAddress                   0x2400016c   Data           4  bootloader.o(.bss..L_MergedGlobals)
    My_CRC                                   0x24000170   Data           4  usb_cdc.o(.bss..L_MergedGlobals)
    My_CRC_SW                                0x24000174   Data           4  usb_cdc.o(.bss..L_MergedGlobals)
    current_rx_index                         0x24000178   Data           4  usb_cdc.o(.bss..L_MergedGlobals)
    Part_time                                0x2400017c   Data           4  main_bootloader.o(.bss.Part_time)
    RX_USBCDC_Data                           0x24000180   Data        1024  usb_cdc.o(.bss.RX_USBCDC_Data)
    TIME_1ms                                 0x24000580   Data           4  clock_system.o(.bss.TIME_1ms)
    TX_USBCDC_Data                           0x24000584   Data        1024  bootloader.o(.bss.TX_USBCDC_Data)
    USBBufferFS                              0x24000984   Data         128  usb_cdc.o(.bss.USBBufferFS)
    USBD_StrDesc                             0x24000a08   Data         512  usbd_desc.o(.bss.USBD_StrDesc)
    Version_Edit                             0x24000e28   Data           1  bootloader.o(.bss.Version_Program)
    _32byteBufferFlash                       0x24000e2c   Data          32  bootloader.o(.bss._32byteBufferFlash)
    hUsbDeviceFS                             0x24000e50   Data         732  usb_device.o(.bss.hUsbDeviceFS)
    hpcd_USB_OTG_FS                          0x2400112c   Data        1252  usbd_conf.o(.bss.hpcd_USB_OTG_FS)
    u32BufferProgram                         0x24001610   Data       16256  bootloader.o(.bss.u32BufferProgram)



==============================================================================

Memory Map of the image

  Image Entry point : 0x08000299

  Load Region LR_IROM1 (Base: 0x08000000, Size: 0x000057d8, Max: 0x00020000, ABSOLUTE)

    Execution Region ER_IROM1 (Exec base: 0x08000000, Load base: 0x08000000, Size: 0x000056d0, Max: 0x00020000, ABSOLUTE)

    Exec Addr    Load Addr    Size         Type   Attr      Idx    E Section Name        Object

    0x08000000   0x08000000   0x00000298   Data   RO           19    RESET               startup_stm32h747xx.o
    0x08000298   0x08000298   0x00000008   Code   RO         1214  * !!!main             c_w.l(__main.o)
    0x080002a0   0x080002a0   0x0000005c   Code   RO         1379    !!!scatter          c_w.l(__scatter.o)
    0x080002fc   0x080002fc   0x0000001a   Code   RO         1383    !!handler_copy      c_w.l(__scatter_copy.o)
    0x08000316   0x08000316   0x00000002   PAD
    0x08000318   0x08000318   0x00000002   Code   RO         1380    !!handler_null      c_w.l(__scatter.o)
    0x0800031a   0x0800031a   0x00000002   PAD
    0x0800031c   0x0800031c   0x0000001c   Code   RO         1385    !!handler_zi        c_w.l(__scatter_zi.o)
    0x08000338   0x08000338   0x00000002   Code   RO         1241    .ARM.Collect$$libinit$$00000000  c_w.l(libinit.o)
    0x0800033a   0x0800033a   0x00000004   Code   RO         1247    .ARM.Collect$$libinit$$00000001  c_w.l(libinit2.o)
    0x0800033e   0x0800033e   0x00000000   Code   RO         1250    .ARM.Collect$$libinit$$00000004  c_w.l(libinit2.o)
    0x0800033e   0x0800033e   0x00000000   Code   RO         1252    .ARM.Collect$$libinit$$00000006  c_w.l(libinit2.o)
    0x0800033e   0x0800033e   0x00000000   Code   RO         1255    .ARM.Collect$$libinit$$0000000C  c_w.l(libinit2.o)
    0x0800033e   0x0800033e   0x00000000   Code   RO         1257    .ARM.Collect$$libinit$$0000000E  c_w.l(libinit2.o)
    0x0800033e   0x0800033e   0x00000000   Code   RO         1259    .ARM.Collect$$libinit$$00000010  c_w.l(libinit2.o)
    0x0800033e   0x0800033e   0x00000000   Code   RO         1262    .ARM.Collect$$libinit$$00000013  c_w.l(libinit2.o)
    0x0800033e   0x0800033e   0x00000000   Code   RO         1264    .ARM.Collect$$libinit$$00000015  c_w.l(libinit2.o)
    0x0800033e   0x0800033e   0x00000000   Code   RO         1266    .ARM.Collect$$libinit$$00000017  c_w.l(libinit2.o)
    0x0800033e   0x0800033e   0x00000000   Code   RO         1268    .ARM.Collect$$libinit$$00000019  c_w.l(libinit2.o)
    0x0800033e   0x0800033e   0x00000000   Code   RO         1270    .ARM.Collect$$libinit$$0000001B  c_w.l(libinit2.o)
    0x0800033e   0x0800033e   0x00000000   Code   RO         1272    .ARM.Collect$$libinit$$0000001D  c_w.l(libinit2.o)
    0x0800033e   0x0800033e   0x00000000   Code   RO         1274    .ARM.Collect$$libinit$$0000001F  c_w.l(libinit2.o)
    0x0800033e   0x0800033e   0x00000000   Code   RO         1276    .ARM.Collect$$libinit$$00000021  c_w.l(libinit2.o)
    0x0800033e   0x0800033e   0x00000000   Code   RO         1278    .ARM.Collect$$libinit$$00000023  c_w.l(libinit2.o)
    0x0800033e   0x0800033e   0x00000000   Code   RO         1280    .ARM.Collect$$libinit$$00000025  c_w.l(libinit2.o)
    0x0800033e   0x0800033e   0x00000000   Code   RO         1282    .ARM.Collect$$libinit$$00000027  c_w.l(libinit2.o)
    0x0800033e   0x0800033e   0x00000000   Code   RO         1286    .ARM.Collect$$libinit$$0000002E  c_w.l(libinit2.o)
    0x0800033e   0x0800033e   0x00000000   Code   RO         1288    .ARM.Collect$$libinit$$00000030  c_w.l(libinit2.o)
    0x0800033e   0x0800033e   0x00000000   Code   RO         1290    .ARM.Collect$$libinit$$00000032  c_w.l(libinit2.o)
    0x0800033e   0x0800033e   0x00000000   Code   RO         1292    .ARM.Collect$$libinit$$00000034  c_w.l(libinit2.o)
    0x0800033e   0x0800033e   0x00000002   Code   RO         1293    .ARM.Collect$$libinit$$00000035  c_w.l(libinit2.o)
    0x08000340   0x08000340   0x00000002   Code   RO         1315    .ARM.Collect$$libshutdown$$00000000  c_w.l(libshutdown.o)
    0x08000342   0x08000342   0x00000000   Code   RO         1330    .ARM.Collect$$libshutdown$$00000002  c_w.l(libshutdown2.o)
    0x08000342   0x08000342   0x00000000   Code   RO         1332    .ARM.Collect$$libshutdown$$00000004  c_w.l(libshutdown2.o)
    0x08000342   0x08000342   0x00000000   Code   RO         1335    .ARM.Collect$$libshutdown$$00000007  c_w.l(libshutdown2.o)
    0x08000342   0x08000342   0x00000000   Code   RO         1338    .ARM.Collect$$libshutdown$$0000000A  c_w.l(libshutdown2.o)
    0x08000342   0x08000342   0x00000000   Code   RO         1340    .ARM.Collect$$libshutdown$$0000000C  c_w.l(libshutdown2.o)
    0x08000342   0x08000342   0x00000000   Code   RO         1343    .ARM.Collect$$libshutdown$$0000000F  c_w.l(libshutdown2.o)
    0x08000342   0x08000342   0x00000002   Code   RO         1344    .ARM.Collect$$libshutdown$$00000010  c_w.l(libshutdown2.o)
    0x08000344   0x08000344   0x00000000   Code   RO         1216    .ARM.Collect$$rtentry$$00000000  c_w.l(__rtentry.o)
    0x08000344   0x08000344   0x00000000   Code   RO         1218    .ARM.Collect$$rtentry$$00000002  c_w.l(__rtentry2.o)
    0x08000344   0x08000344   0x00000006   Code   RO         1230    .ARM.Collect$$rtentry$$00000004  c_w.l(__rtentry4.o)
    0x0800034a   0x0800034a   0x00000000   Code   RO         1220    .ARM.Collect$$rtentry$$00000009  c_w.l(__rtentry2.o)
    0x0800034a   0x0800034a   0x00000004   Code   RO         1221    .ARM.Collect$$rtentry$$0000000A  c_w.l(__rtentry2.o)
    0x0800034e   0x0800034e   0x00000000   Code   RO         1223    .ARM.Collect$$rtentry$$0000000C  c_w.l(__rtentry2.o)
    0x0800034e   0x0800034e   0x00000008   Code   RO         1224    .ARM.Collect$$rtentry$$0000000D  c_w.l(__rtentry2.o)
    0x08000356   0x08000356   0x00000002   Code   RO         1245    .ARM.Collect$$rtexit$$00000000  c_w.l(rtexit.o)
    0x08000358   0x08000358   0x00000000   Code   RO         1295    .ARM.Collect$$rtexit$$00000002  c_w.l(rtexit2.o)
    0x08000358   0x08000358   0x00000004   Code   RO         1296    .ARM.Collect$$rtexit$$00000003  c_w.l(rtexit2.o)
    0x0800035c   0x0800035c   0x00000006   Code   RO         1297    .ARM.Collect$$rtexit$$00000004  c_w.l(rtexit2.o)
    0x08000362   0x08000362   0x00000002   PAD
    0x08000364   0x08000364   0x00000048   Code   RO           20    .text               startup_stm32h747xx.o
    0x080003ac   0x080003ac   0x00000044   Code   RO         1208    .text               c_w.l(rt_memclr.o)
    0x080003f0   0x080003f0   0x0000004e   Code   RO         1210    .text               c_w.l(rt_memclr_w.o)
    0x0800043e   0x0800043e   0x00000006   Code   RO         1212    .text               c_w.l(heapauxi.o)
    0x08000444   0x08000444   0x0000004a   Code   RO         1232    .text               c_w.l(sys_stackheap_outer.o)
    0x0800048e   0x0800048e   0x00000012   Code   RO         1234    .text               c_w.l(exit.o)
    0x080004a0   0x080004a0   0x00000008   Code   RO         1242    .text               c_w.l(libspace.o)
    0x080004a8   0x080004a8   0x0000000c   Code   RO         1305    .text               c_w.l(sys_exit.o)
    0x080004b4   0x080004b4   0x00000002   Code   RO         1320    .text               c_w.l(use_no_semi.o)
    0x080004b6   0x080004b6   0x00000000   Code   RO         1322    .text               c_w.l(indicate_semi.o)
    0x080004b6   0x080004b6   0x00000002   PAD
    0x080004b8   0x080004b8   0x00000004   Code   RO         1164    .text.CDC_Control_FS  usb_cdc.o
    0x080004bc   0x080004bc   0x00000004   PAD
    0x080004c0   0x080004c0   0x00000004   Code   RO         1162    .text.CDC_DeInit_FS  usb_cdc.o
    0x080004c4   0x080004c4   0x00000004   PAD
    0x080004c8   0x080004c8   0x0000002a   Code   RO         1160    .text.CDC_Init_FS   usb_cdc.o
    0x080004f2   0x080004f2   0x00000006   PAD
    0x080004f8   0x080004f8   0x0000017c   Code   RO         1166    .text.CDC_Receive_FS  usb_cdc.o
    0x08000674   0x08000674   0x00000004   PAD
    0x08000678   0x08000678   0x00000004   Code   RO         1168    .text.CDC_TransmitCplt_FS  usb_cdc.o
    0x0800067c   0x0800067c   0x00000004   PAD
    0x08000680   0x08000680   0x00000036   Code   RO         1172    .text.CDC_Transmit_FS  usb_cdc.o
    0x080006b6   0x080006b6   0x00000002   PAD
    0x080006b8   0x080006b8   0x000000f4   Code   RO         1178    .text.CRC_DmaInit   usb_cdc.o
    0x080007ac   0x080007ac   0x00000004   PAD
    0x080007b0   0x080007b0   0x00000236   Code   RO         1117    .text.Erase_All_App  bootloader.o
    0x080009e6   0x080009e6   0x00000002   PAD
    0x080009e8   0x080009e8   0x00000006   Code   RO          849    .text.Error_Handler  usb_device.o
    0x080009ee   0x080009ee   0x00000002   PAD
    0x080009f0   0x080009f0   0x00000002   Code   RO            6    .text.ExitRun0Mode  system_stm32h7xx_dualcore_boot_cm4_cm7.o
    0x080009f2   0x080009f2   0x00000006   PAD
    0x080009f8   0x080009f8   0x00000236   Code   RO         1119    .text.Flash_Write_B1  bootloader.o
    0x08000c2e   0x08000c2e   0x00000002   PAD
    0x08000c30   0x08000c30   0x00000098   Code   RO         1149    .text.GPIO_Init     clock_system.o
    0x08000cc8   0x08000cc8   0x0000005a   Code   RO         1170    .text.GPIO_USB_Init  usb_cdc.o
    0x08000d22   0x08000d22   0x00000006   PAD
    0x08000d28   0x08000d28   0x0000000c   Code   RO         1147    .text.GetTick       clock_system.o
    0x08000d34   0x08000d34   0x00000004   PAD
    0x08000d38   0x08000d38   0x000001e2   Code   RO          461    .text.HAL_GPIO_Init  stm32h7xx_hal_gpio.o
    0x08000f1a   0x08000f1a   0x00000006   PAD
    0x08000f20   0x08000f20   0x00000064   Code   RO          277    .text.HAL_Init      stm32h7xx_hal.o
    0x08000f84   0x08000f84   0x00000004   PAD
    0x08000f88   0x08000f88   0x00000050   Code   RO          279    .text.HAL_InitTick  stm32h7xx_hal.o
    0x08000fd8   0x08000fd8   0x00000002   Code   RO          281    .text.HAL_MspInit   stm32h7xx_hal.o
    0x08000fda   0x08000fda   0x00000006   PAD
    0x08000fe0   0x08000fe0   0x00000022   Code   RO          413    .text.HAL_NVIC_EnableIRQ  stm32h7xx_hal_cortex.o
    0x08001002   0x08001002   0x00000006   PAD
    0x08001008   0x08001008   0x0000005a   Code   RO          411    .text.HAL_NVIC_SetPriority  stm32h7xx_hal_cortex.o
    0x08001062   0x08001062   0x00000006   PAD
    0x08001068   0x08001068   0x00000020   Code   RO          409    .text.HAL_NVIC_SetPriorityGrouping  stm32h7xx_hal_cortex.o
    0x08001088   0x08001088   0x00000026   Code   RO          595    .text.HAL_PCDEx_ActivateLPM  stm32h7xx_hal_pcd_ex.o
    0x080010ae   0x080010ae   0x00000002   PAD
    0x080010b0   0x080010b0   0x00000002   Code   RO          607    .text.HAL_PCDEx_LPM_Callback  stm32h7xx_hal_pcd_ex.o
    0x080010b2   0x080010b2   0x00000006   PAD
    0x080010b8   0x080010b8   0x00000008   Code   RO          593    .text.HAL_PCDEx_SetRxFiFo  stm32h7xx_hal_pcd_ex.o
    0x080010c0   0x080010c0   0x000000ce   Code   RO          591    .text.HAL_PCDEx_SetTxFiFo  stm32h7xx_hal_pcd_ex.o
    0x0800118e   0x0800118e   0x00000002   PAD
    0x08001190   0x08001190   0x00000008   Code   RO          911    .text.HAL_PCD_ConnectCallback  usbd_conf.o
    0x08001198   0x08001198   0x00000012   Code   RO          897    .text.HAL_PCD_DataInStageCallback  usbd_conf.o
    0x080011aa   0x080011aa   0x00000006   PAD
    0x080011b0   0x080011b0   0x00000014   Code   RO          895    .text.HAL_PCD_DataOutStageCallback  usbd_conf.o
    0x080011c4   0x080011c4   0x00000004   PAD
    0x080011c8   0x080011c8   0x00000008   Code   RO          913    .text.HAL_PCD_DisconnectCallback  usbd_conf.o
    0x080011d0   0x080011d0   0x00000050   Code   RO          561    .text.HAL_PCD_EP_Close  stm32h7xx_hal_pcd.o
    0x08001220   0x08001220   0x0000005e   Code   RO          571    .text.HAL_PCD_EP_ClrStall  stm32h7xx_hal_pcd.o
    0x0800127e   0x0800127e   0x00000002   PAD
    0x08001280   0x08001280   0x00000012   Code   RO          565    .text.HAL_PCD_EP_GetRxCount  stm32h7xx_hal_pcd.o
    0x08001292   0x08001292   0x00000006   PAD
    0x08001298   0x08001298   0x0000007e   Code   RO          559    .text.HAL_PCD_EP_Open  stm32h7xx_hal_pcd.o
    0x08001316   0x08001316   0x00000002   PAD
    0x08001318   0x08001318   0x00000038   Code   RO          563    .text.HAL_PCD_EP_Receive  stm32h7xx_hal_pcd.o
    0x08001350   0x08001350   0x0000006c   Code   RO          569    .text.HAL_PCD_EP_SetStall  stm32h7xx_hal_pcd.o
    0x080013bc   0x080013bc   0x00000004   PAD
    0x080013c0   0x080013c0   0x0000003c   Code   RO          567    .text.HAL_PCD_EP_Transmit  stm32h7xx_hal_pcd.o
    0x080013fc   0x080013fc   0x00000004   PAD
    0x08001400   0x08001400   0x00000a86   Code   RO          527    .text.HAL_PCD_IRQHandler  stm32h7xx_hal_pcd.o
    0x08001e86   0x08001e86   0x00000002   PAD
    0x08001e88   0x08001e88   0x00000008   Code   RO          909    .text.HAL_PCD_ISOINIncompleteCallback  usbd_conf.o
    0x08001e90   0x08001e90   0x00000008   Code   RO          907    .text.HAL_PCD_ISOOUTIncompleteCallback  usbd_conf.o
    0x08001e98   0x08001e98   0x0000027a   Code   RO          515    .text.HAL_PCD_Init  stm32h7xx_hal_pcd.o
    0x08002112   0x08002112   0x00000006   PAD
    0x08002118   0x08002118   0x00000096   Code   RO          889    .text.HAL_PCD_MspInit  usbd_conf.o
    0x080021ae   0x080021ae   0x00000002   PAD
    0x080021b0   0x080021b0   0x0000002a   Code   RO          901    .text.HAL_PCD_ResetCallback  usbd_conf.o
    0x080021da   0x080021da   0x00000006   PAD
    0x080021e0   0x080021e0   0x00000008   Code   RO          905    .text.HAL_PCD_ResumeCallback  usbd_conf.o
    0x080021e8   0x080021e8   0x00000008   Code   RO          899    .text.HAL_PCD_SOFCallback  usbd_conf.o
    0x080021f0   0x080021f0   0x00000028   Code   RO          557    .text.HAL_PCD_SetAddress  stm32h7xx_hal_pcd.o
    0x08002218   0x08002218   0x0000000e   Code   RO          893    .text.HAL_PCD_SetupStageCallback  usbd_conf.o
    0x08002226   0x08002226   0x00000002   PAD
    0x08002228   0x08002228   0x0000003e   Code   RO          523    .text.HAL_PCD_Start  stm32h7xx_hal_pcd.o
    0x08002266   0x08002266   0x00000002   PAD
    0x08002268   0x08002268   0x00000034   Code   RO          903    .text.HAL_PCD_SuspendCallback  usbd_conf.o
    0x0800229c   0x0800229c   0x00000004   PAD
    0x080022a0   0x080022a0   0x00000012   Code   RO          749    .text.HAL_PWREx_EnableUSBVoltageDetector  stm32h7xx_hal_pwr_ex.o
    0x080022b2   0x080022b2   0x00000006   PAD
    0x080022b8   0x080022b8   0x0000004c   Code   RO          631    .text.HAL_RCC_GetHCLKFreq  stm32h7xx_hal_rcc.o
    0x08002304   0x08002304   0x00000004   PAD
    0x08002308   0x08002308   0x0000011c   Code   RO          623    .text.HAL_RCC_GetSysClockFreq  stm32h7xx_hal_rcc.o
    0x08002424   0x08002424   0x00000004   PAD
    0x08002428   0x08002428   0x0000002e   Code   RO          421    .text.HAL_SYSTICK_Config  stm32h7xx_hal_cortex.o
    0x08002456   0x08002456   0x00000002   PAD
    0x08002458   0x08002458   0x000000ca   Code   RO           53    .text.LL_GPIO_Init  stm32h7xx_ll_gpio.o
    0x08002522   0x08002522   0x00000006   PAD
    0x08002528   0x08002528   0x00000028   Code   RO          246    .text.LL_Init1msTick  stm32h7xx_ll_utils.o
    0x08002550   0x08002550   0x0000000c   Code   RO          250    .text.LL_SetSystemCoreClock  stm32h7xx_ll_utils.o
    0x0800255c   0x0800255c   0x00000004   PAD
    0x08002560   0x08002560   0x0000004a   Code   RO          248    .text.LL_mDelay     stm32h7xx_ll_utils.o
    0x080025aa   0x080025aa   0x00000006   PAD
    0x080025b0   0x080025b0   0x00000074   Code   RO          851    .text.MX_USB_DEVICE_Init  usb_device.o
    0x08002624   0x08002624   0x00000004   PAD
    0x08002628   0x08002628   0x0000000c   Code   RO         1182    .text.OTG_FS_IRQHandler  usb_cdc.o
    0x08002634   0x08002634   0x00000004   PAD
    0x08002638   0x08002638   0x0000010c   Code   RO         1121    .text.PocessCommand  bootloader.o
    0x08002744   0x08002744   0x00000004   PAD
    0x08002748   0x08002748   0x00000010   Code   RO         1145    .text.SysTick_Handler  clock_system.o
    0x08002758   0x08002758   0x000001fe   Code   RO         1137    .text.SystemClock_Init  clock_system.o
    0x08002956   0x08002956   0x00000002   PAD
    0x08002958   0x08002958   0x00000128   Code   RO            2    .text.SystemInit    system_stm32h7xx_dualcore_boot_cm4_cm7.o
    0x08002a80   0x08002a80   0x00000044   Code   RO         1139    .text.SystemTickConfig  clock_system.o
    0x08002ac4   0x08002ac4   0x00000004   PAD
    0x08002ac8   0x08002ac8   0x00000074   Code   RO          969    .text.USBD_CDC_DataIn  usbd_cdc.o
    0x08002b3c   0x08002b3c   0x00000004   PAD
    0x08002b40   0x08002b40   0x0000003c   Code   RO          971    .text.USBD_CDC_DataOut  usbd_cdc.o
    0x08002b7c   0x08002b7c   0x00000004   PAD
    0x08002b80   0x08002b80   0x00000060   Code   RO          963    .text.USBD_CDC_DeInit  usbd_cdc.o
    0x08002be0   0x08002be0   0x00000038   Code   RO          967    .text.USBD_CDC_EP0_RxReady  usbd_cdc.o
    0x08002c18   0x08002c18   0x00000010   Code   RO          979    .text.USBD_CDC_GetDeviceQualifierDescriptor  usbd_cdc.o
    0x08002c28   0x08002c28   0x00000052   Code   RO          975    .text.USBD_CDC_GetFSCfgDesc  usbd_cdc.o
    0x08002c7a   0x08002c7a   0x00000006   PAD
    0x08002c80   0x08002c80   0x00000056   Code   RO          973    .text.USBD_CDC_GetHSCfgDesc  usbd_cdc.o
    0x08002cd6   0x08002cd6   0x00000002   PAD
    0x08002cd8   0x08002cd8   0x00000052   Code   RO          977    .text.USBD_CDC_GetOtherSpeedCfgDesc  usbd_cdc.o
    0x08002d2a   0x08002d2a   0x00000006   PAD
    0x08002d30   0x08002d30   0x000000ca   Code   RO          961    .text.USBD_CDC_Init  usbd_cdc.o
    0x08002dfa   0x08002dfa   0x00000006   PAD
    0x08002e00   0x08002e00   0x00000030   Code   RO          989    .text.USBD_CDC_ReceivePacket  usbd_cdc.o
    0x08002e30   0x08002e30   0x00000018   Code   RO          981    .text.USBD_CDC_RegisterInterface  usbd_cdc.o
    0x08002e48   0x08002e48   0x0000001c   Code   RO          985    .text.USBD_CDC_SetRxBuffer  usbd_cdc.o
    0x08002e64   0x08002e64   0x00000004   PAD
    0x08002e68   0x08002e68   0x00000020   Code   RO          983    .text.USBD_CDC_SetTxBuffer  usbd_cdc.o
    0x08002e88   0x08002e88   0x000000e8   Code   RO          965    .text.USBD_CDC_Setup  usbd_cdc.o
    0x08002f70   0x08002f70   0x00000044   Code   RO          987    .text.USBD_CDC_TransmitPacket  usbd_cdc.o
    0x08002fb4   0x08002fb4   0x00000004   PAD
    0x08002fb8   0x08002fb8   0x00000012   Code   RO         1016    .text.USBD_ClrClassConfig  usbd_core.o
    0x08002fca   0x08002fca   0x00000006   PAD
    0x08002fd0   0x08002fd0   0x00000004   Code   RO         1024    .text.USBD_CoreFindEP  usbd_core.o
    0x08002fd4   0x08002fd4   0x00000004   PAD
    0x08002fd8   0x08002fd8   0x00000004   Code   RO         1022    .text.USBD_CoreFindIF  usbd_core.o
    0x08002fdc   0x08002fdc   0x00000004   PAD
    0x08002fe0   0x08002fe0   0x00000010   Code   RO         1085    .text.USBD_CtlContinueRx  usbd_ioreq.o
    0x08002ff0   0x08002ff0   0x00000010   Code   RO         1081    .text.USBD_CtlContinueSendData  usbd_ioreq.o
    0x08003000   0x08003000   0x00000016   Code   RO         1060    .text.USBD_CtlError  usbd_ctlreq.o
    0x08003016   0x08003016   0x00000002   PAD
    0x08003018   0x08003018   0x00000020   Code   RO         1083    .text.USBD_CtlPrepareRx  usbd_ioreq.o
    0x08003038   0x08003038   0x00000016   Code   RO         1089    .text.USBD_CtlReceiveStatus  usbd_ioreq.o
    0x0800304e   0x0800304e   0x00000002   PAD
    0x08003050   0x08003050   0x0000001e   Code   RO         1079    .text.USBD_CtlSendData  usbd_ioreq.o
    0x0800306e   0x0800306e   0x00000002   PAD
    0x08003070   0x08003070   0x00000016   Code   RO         1087    .text.USBD_CtlSendStatus  usbd_ioreq.o
    0x08003086   0x08003086   0x00000002   PAD
    0x08003088   0x08003088   0x00000024   Code   RO          871    .text.USBD_FS_ConfigStrDescriptor  usbd_desc.o
    0x080030ac   0x080030ac   0x00000004   PAD
    0x080030b0   0x080030b0   0x0000000e   Code   RO          861    .text.USBD_FS_DeviceDescriptor  usbd_desc.o
    0x080030be   0x080030be   0x00000002   PAD
    0x080030c0   0x080030c0   0x00000028   Code   RO          873    .text.USBD_FS_InterfaceStrDescriptor  usbd_desc.o
    0x080030e8   0x080030e8   0x0000000e   Code   RO          863    .text.USBD_FS_LangIDStrDescriptor  usbd_desc.o
    0x080030f6   0x080030f6   0x00000002   PAD
    0x080030f8   0x080030f8   0x0000002c   Code   RO          865    .text.USBD_FS_ManufacturerStrDescriptor  usbd_desc.o
    0x08003124   0x08003124   0x00000004   PAD
    0x08003128   0x08003128   0x00000030   Code   RO          867    .text.USBD_FS_ProductStrDescriptor  usbd_desc.o
    0x08003158   0x08003158   0x0000016c   Code   RO          869    .text.USBD_FS_SerialStrDescriptor  usbd_desc.o
    0x080032c4   0x080032c4   0x00000004   PAD
    0x080032c8   0x080032c8   0x00000084   Code   RO         1046    .text.USBD_GetEpDesc  usbd_core.o
    0x0800334c   0x0800334c   0x00000004   PAD
    0x08003350   0x08003350   0x00000100   Code   RO         1068    .text.USBD_GetString  usbd_ctlreq.o
    0x08003450   0x08003450   0x00000028   Code   RO         1002    .text.USBD_Init     usbd_core.o
    0x08003478   0x08003478   0x00000022   Code   RO          933    .text.USBD_LL_ClearStallEP  usbd_conf.o
    0x0800349a   0x0800349a   0x00000006   PAD
    0x080034a0   0x080034a0   0x00000022   Code   RO          927    .text.USBD_LL_CloseEP  usbd_conf.o
    0x080034c2   0x080034c2   0x00000006   PAD
    0x080034c8   0x080034c8   0x000000b8   Code   RO         1026    .text.USBD_LL_DataInStage  usbd_core.o
    0x08003580   0x08003580   0x0000007c   Code   RO         1020    .text.USBD_LL_DataOutStage  usbd_core.o
    0x080035fc   0x080035fc   0x00000004   PAD
    0x08003600   0x08003600   0x00000004   Code   RO         1042    .text.USBD_LL_DevConnected  usbd_core.o
    0x08003604   0x08003604   0x00000004   PAD
    0x08003608   0x08003608   0x00000020   Code   RO         1044    .text.USBD_LL_DevDisconnected  usbd_core.o
    0x08003628   0x08003628   0x00000008   Code   RO          943    .text.USBD_LL_GetRxDataSize  usbd_conf.o
    0x08003630   0x08003630   0x00000070   Code   RO          915    .text.USBD_LL_Init  usbd_conf.o
    0x080036a0   0x080036a0   0x0000002a   Code   RO          935    .text.USBD_LL_IsStallEP  usbd_conf.o
    0x080036ca   0x080036ca   0x00000006   PAD
    0x080036d0   0x080036d0   0x0000002c   Code   RO         1038    .text.USBD_LL_IsoINIncomplete  usbd_core.o
    0x080036fc   0x080036fc   0x00000004   PAD
    0x08003700   0x08003700   0x0000002c   Code   RO         1040    .text.USBD_LL_IsoOUTIncomplete  usbd_core.o
    0x0800372c   0x0800372c   0x00000004   PAD
    0x08003730   0x08003730   0x00000028   Code   RO          925    .text.USBD_LL_OpenEP  usbd_conf.o
    0x08003758   0x08003758   0x00000022   Code   RO          941    .text.USBD_LL_PrepareReceive  usbd_conf.o
    0x0800377a   0x0800377a   0x00000006   PAD
    0x08003780   0x08003780   0x00000062   Code   RO         1028    .text.USBD_LL_Reset  usbd_core.o
    0x080037e2   0x080037e2   0x00000006   PAD
    0x080037e8   0x080037e8   0x00000014   Code   RO         1034    .text.USBD_LL_Resume  usbd_core.o
    0x080037fc   0x080037fc   0x00000004   PAD
    0x08003800   0x08003800   0x0000001e   Code   RO         1036    .text.USBD_LL_SOF   usbd_core.o
    0x0800381e   0x0800381e   0x00000002   PAD
    0x08003820   0x08003820   0x00000008   Code   RO         1030    .text.USBD_LL_SetSpeed  usbd_core.o
    0x08003828   0x08003828   0x00000022   Code   RO          937    .text.USBD_LL_SetUSBAddress  usbd_conf.o
    0x0800384a   0x0800384a   0x00000006   PAD
    0x08003850   0x08003850   0x00000062   Code   RO         1018    .text.USBD_LL_SetupStage  usbd_core.o
    0x080038b2   0x080038b2   0x00000006   PAD
    0x080038b8   0x080038b8   0x00000022   Code   RO          931    .text.USBD_LL_StallEP  usbd_conf.o
    0x080038da   0x080038da   0x00000006   PAD
    0x080038e0   0x080038e0   0x00000022   Code   RO          921    .text.USBD_LL_Start  usbd_conf.o
    0x08003902   0x08003902   0x00000006   PAD
    0x08003908   0x08003908   0x0000001c   Code   RO         1032    .text.USBD_LL_Suspend  usbd_core.o
    0x08003924   0x08003924   0x00000004   PAD
    0x08003928   0x08003928   0x00000022   Code   RO          939    .text.USBD_LL_Transmit  usbd_conf.o
    0x0800394a   0x0800394a   0x00000006   PAD
    0x08003950   0x08003950   0x00000016   Code   RO         1066    .text.USBD_ParseSetupRequest  usbd_ctlreq.o
    0x08003966   0x08003966   0x00000002   PAD
    0x08003968   0x08003968   0x00000046   Code   RO         1006    .text.USBD_RegisterClass  usbd_core.o
    0x080039ae   0x080039ae   0x00000002   PAD
    0x080039b0   0x080039b0   0x00000010   Code   RO         1014    .text.USBD_SetClassConfig  usbd_core.o
    0x080039c0   0x080039c0   0x00000004   Code   RO         1008    .text.USBD_Start    usbd_core.o
    0x080039c4   0x080039c4   0x00000004   PAD
    0x080039c8   0x080039c8   0x00000382   Code   RO         1058    .text.USBD_StdDevReq  usbd_ctlreq.o
    0x08003d4a   0x08003d4a   0x00000006   PAD
    0x08003d50   0x08003d50   0x00000160   Code   RO         1064    .text.USBD_StdEPReq  usbd_ctlreq.o
    0x08003eb0   0x08003eb0   0x00000070   Code   RO         1062    .text.USBD_StdItfReq  usbd_ctlreq.o
    0x08003f20   0x08003f20   0x00000002   Code   RO          947    .text.USBD_static_free  usbd_conf.o
    0x08003f22   0x08003f22   0x00000006   PAD
    0x08003f28   0x08003f28   0x0000000a   Code   RO          945    .text.USBD_static_malloc  usbd_conf.o
    0x08003f32   0x08003f32   0x00000006   PAD
    0x08003f38   0x08003f38   0x00000086   Code   RO          172    .text.USB_ActivateEndpoint  stm32h7xx_ll_usb.o
    0x08003fbe   0x08003fbe   0x00000002   PAD
    0x08003fc0   0x08003fc0   0x00000020   Code   RO          214    .text.USB_ActivateSetup  stm32h7xx_ll_usb.o
    0x08003fe0   0x08003fe0   0x00000292   Code   RO          150    .text.USB_CoreInit  stm32h7xx_ll_usb.o
    0x08004272   0x08004272   0x00000006   PAD
    0x08004278   0x08004278   0x0000007c   Code   RO          176    .text.USB_DeactivateEndpoint  stm32h7xx_ll_usb.o
    0x080042f4   0x080042f4   0x00000004   PAD
    0x080042f8   0x080042f8   0x0000001e   Code   RO          196    .text.USB_DevConnect  stm32h7xx_ll_usb.o
    0x08004316   0x08004316   0x00000002   PAD
    0x08004318   0x08004318   0x0000001e   Code   RO          198    .text.USB_DevDisconnect  stm32h7xx_ll_usb.o
    0x08004336   0x08004336   0x00000002   PAD
    0x08004338   0x08004338   0x000004ac   Code   RO          162    .text.USB_DevInit   stm32h7xx_ll_usb.o
    0x080047e4   0x080047e4   0x00000004   PAD
    0x080047e8   0x080047e8   0x0000000e   Code   RO          156    .text.USB_DisableGlobalInt  stm32h7xx_ll_usb.o
    0x080047f6   0x080047f6   0x00000002   PAD
    0x080047f8   0x080047f8   0x0000005a   Code   RO          216    .text.USB_EP0_OutStart  stm32h7xx_ll_usb.o
    0x08004852   0x08004852   0x00000006   PAD
    0x08004858   0x08004858   0x00000052   Code   RO          188    .text.USB_EPClearStall  stm32h7xx_ll_usb.o
    0x080048aa   0x080048aa   0x00000006   PAD
    0x080048b0   0x080048b0   0x00000040   Code   RO          186    .text.USB_EPSetStall  stm32h7xx_ll_usb.o
    0x080048f0   0x080048f0   0x00000242   Code   RO          180    .text.USB_EPStartXfer  stm32h7xx_ll_usb.o
    0x08004b32   0x08004b32   0x00000006   PAD
    0x08004b38   0x08004b38   0x00000236   Code   RO          184    .text.USB_EPStopXfer  stm32h7xx_ll_usb.o
    0x08004d6e   0x08004d6e   0x00000002   PAD
    0x08004d70   0x08004d70   0x0000000e   Code   RO          154    .text.USB_EnableGlobalInt  stm32h7xx_ll_usb.o
    0x08004d7e   0x08004d7e   0x00000002   PAD
    0x08004d80   0x08004d80   0x000000be   Code   RO          166    .text.USB_FlushTxFifo  stm32h7xx_ll_usb.o
    0x08004e3e   0x08004e3e   0x00000002   PAD
    0x08004e40   0x08004e40   0x0000001a   Code   RO          170    .text.USB_GetDevSpeed  stm32h7xx_ll_usb.o
    0x08004e5a   0x08004e5a   0x00000006   PAD
    0x08004e60   0x08004e60   0x00000008   Code   RO          160    .text.USB_GetMode   stm32h7xx_ll_usb.o
    0x08004e68   0x08004e68   0x0000000e   Code   RO          206    .text.USB_ReadDevAllInEpInterrupt  stm32h7xx_ll_usb.o
    0x08004e76   0x08004e76   0x00000002   PAD
    0x08004e78   0x08004e78   0x0000000e   Code   RO          204    .text.USB_ReadDevAllOutEpInterrupt  stm32h7xx_ll_usb.o
    0x08004e86   0x08004e86   0x00000002   PAD
    0x08004e88   0x08004e88   0x00000024   Code   RO          210    .text.USB_ReadDevInEPInterrupt  stm32h7xx_ll_usb.o
    0x08004eac   0x08004eac   0x00000004   PAD
    0x08004eb0   0x08004eb0   0x00000010   Code   RO          208    .text.USB_ReadDevOutEPInterrupt  stm32h7xx_ll_usb.o
    0x08004ec0   0x08004ec0   0x00000008   Code   RO          200    .text.USB_ReadInterrupts  stm32h7xx_ll_usb.o
    0x08004ec8   0x08004ec8   0x000000ae   Code   RO          190    .text.USB_ReadPacket  stm32h7xx_ll_usb.o
    0x08004f76   0x08004f76   0x00000002   PAD
    0x08004f78   0x08004f78   0x00000368   Code   RO          158    .text.USB_SetCurrentMode  stm32h7xx_ll_usb.o
    0x080052e0   0x080052e0   0x00000022   Code   RO          194    .text.USB_SetDevAddress  stm32h7xx_ll_usb.o
    0x08005302   0x08005302   0x00000006   PAD
    0x08005308   0x08005308   0x00000118   Code   RO          152    .text.USB_SetTurnaroundTime  stm32h7xx_ll_usb.o
    0x08005420   0x08005420   0x00000078   Code   RO          182    .text.USB_WritePacket  stm32h7xx_ll_usb.o
    0x08005498   0x08005498   0x0000001e   Code   RO         1101    .text.bootJumpToApp1  bootloader.o
    0x080054b6   0x080054b6   0x00000002   PAD
    0x080054b8   0x080054b8   0x0000005e   Code   RO         1197    .text.main          main_bootloader.o
    0x08005516   0x08005516   0x00000002   PAD
    0x08005518   0x08005518   0x0000016e   Code   RO         1176    .text.software_crc32  usb_cdc.o
    0x08005686   0x08005686   0x0000001a   Code   RO         1303    x$fpl$fpinit        fz_wv.l(fpinit.o)
    0x080056a0   0x080056a0   0x00000010   Data   RO            8    .rodata.D1CorePrescTable  system_stm32h7xx_dualcore_boot_cm4_cm7.o
    0x080056b0   0x080056b0   0x00000020   Data   RO         1378    Region$$Table       anon$$obj.o


    Execution Region RW_IRAM2 (Exec base: 0x24000000, Load base: 0x080056d0, Size: 0x00005b90, Max: 0x00080000, ABSOLUTE)

    Exec Addr    Load Addr    Size         Type   Attr      Idx    E Section Name        Object

    0x24000000   0x080056d0   0x00000008   Data   RW            9    .data..L_MergedGlobals  system_stm32h7xx_dualcore_boot_cm4_cm7.o
    0x24000008   0x080056d8   0x00000008   Data   RW          400    .data..L_MergedGlobals  stm32h7xx_hal.o
    0x24000010   0x080056e0   0x00000020   Data   RW          875    .data.FS_Desc       usbd_desc.o
    0x24000030   0x08005700   0x00000004   Data   RW         1185    .data.Received_CRC  usb_cdc.o
    0x24000034   0x08005704   0x00000038   Data   RW          991    .data.USBD_CDC      usbd_cdc.o
    0x2400006c   0x0800573c   0x00000043   Data   RW          993    .data.USBD_CDC_CfgDesc  usbd_cdc.o
    0x240000af   0x0800577f   0x00000001   PAD
    0x240000b0   0x08005780   0x0000000a   Data   RW          992    .data.USBD_CDC_DeviceQualifierDesc  usbd_cdc.o
    0x240000ba   0x0800578a   0x00000002   PAD
    0x240000bc   0x0800578c   0x00000012   Data   RW          876    .data.USBD_FS_DeviceDesc  usbd_desc.o
    0x240000ce   0x0800579e   0x00000002   PAD
    0x240000d0   0x080057a0   0x00000014   Data   RW         1184    .data.USBD_Interface_fops_FS  usb_cdc.o
    0x240000e4   0x080057b4   0x00000004   Data   RW          878    .data.USBD_LangIDDesc  usbd_desc.o
    0x240000e8   0x080057b8   0x0000001a   Data   RW          879    .data.USBD_StringSerial  usbd_desc.o
    0x24000102   0x080057d2   0x00000006   PAD
    0x24000108        -       0x00000060   Zero   RW         1243    .bss                c_w.l(libspace.o)
    0x24000168        -       0x00000008   Zero   RW         1128    .bss..L_MergedGlobals  bootloader.o
    0x24000170        -       0x0000000c   Zero   RW         1188    .bss..L_MergedGlobals  usb_cdc.o
    0x2400017c        -       0x00000004   Zero   RW         1199    .bss.Part_time      main_bootloader.o
    0x24000180        -       0x00000400   Zero   RW         1186    .bss.RX_USBCDC_Data  usb_cdc.o
    0x24000580        -       0x00000004   Zero   RW         1151    .bss.TIME_1ms       clock_system.o
    0x24000584        -       0x00000400   Zero   RW         1125    .bss.TX_USBCDC_Data  bootloader.o
    0x24000984        -       0x00000080   Zero   RW         1187    .bss.USBBufferFS    usb_cdc.o
    0x24000a04        -       0x00000001   Zero   RW         1070    .bss.USBD_SetConfig.cfgidx  usbd_ctlreq.o
    0x24000a05   0x080057d2   0x00000003   PAD
    0x24000a08        -       0x00000200   Zero   RW          880    .bss.USBD_StrDesc   usbd_desc.o
    0x24000c08        -       0x00000220   Zero   RW          952    .bss.USBD_static_malloc.mem  usbd_conf.o
    0x24000e28        -       0x00000001   Zero   RW         1127    .bss.Version_Program  bootloader.o
    0x24000e29   0x080057d2   0x00000003   PAD
    0x24000e2c        -       0x00000020   Zero   RW         1124    .bss._32byteBufferFlash  bootloader.o
    0x24000e4c        -       0x00000004   Zero   RW         1123    .bss.bootJumpToApp1.vJumpToApp  bootloader.o
    0x24000e50        -       0x000002dc   Zero   RW          853    .bss.hUsbDeviceFS   usb_device.o
    0x2400112c        -       0x000004e4   Zero   RW          951    .bss.hpcd_USB_OTG_FS  usbd_conf.o
    0x24001610        -       0x00003f80   Zero   RW         1126    .bss.u32BufferProgram  bootloader.o
    0x24005590        -       0x00000200   Zero   RW           18    HEAP                startup_stm32h747xx.o
    0x24005790        -       0x00000400   Zero   RW           17    STACK               startup_stm32h747xx.o


==============================================================================

Image component sizes


      Code (inc. data)   RO Data    RW Data    ZI Data      Debug   Object Name

      1430          0          0          0      17325       7510   bootloader.o
       758          0          0          0          4      13764   clock_system.o
        94          0          0          0          4       1464   main_bootloader.o
        72         30        664          0       1536        980   startup_stm32h747xx.o
       182          0          0          8          0      17384   stm32h7xx_hal.o
       202          0          0          0          0      12698   stm32h7xx_hal_cortex.o
       482          0          0          0          0       7489   stm32h7xx_hal_gpio.o
      3972          0          0          0          0      17968   stm32h7xx_hal_pcd.o
       254          0          0          0          0       6473   stm32h7xx_hal_pcd_ex.o
        18          0          0          0          0      12054   stm32h7xx_hal_pwr_ex.o
       360         24          0          0          0      12154   stm32h7xx_hal_rcc.o
       202          0          0          0          0       4700   stm32h7xx_ll_gpio.o
      5404          0          0          0          0      32905   stm32h7xx_ll_usb.o
       126          0          0          0          0      13829   stm32h7xx_ll_utils.o
       298          0         16          8          0       6559   system_stm32h7xx_dualcore_boot_cm4_cm7.o
      1200          0          0         24       1164      16551   usb_cdc.o
       122          0          0          0        732       3856   usb_device.o
      1228         12          0        133          0      12059   usbd_cdc.o
       796          0          0          0       1796      21944   usbd_conf.o
      1002          0          0          0          0      11442   usbd_core.o
      1662         34          0          0          1      11522   usbd_ctlreq.o
       560         72          0         80        512       4237   usbd_desc.o
       138          0          0          0          0       4790   usbd_ioreq.o

    ----------------------------------------------------------------------
     21014        184        712        260      23084     254332   Object Totals
         0          0         32          0          0          0   (incl. Generated)
       452         12          0          7         10          0   (incl. Padding)

    ----------------------------------------------------------------------

      Code (inc. data)   RO Data    RW Data    ZI Data      Debug   Library Member Name

         8          0          0          0          0         68   __main.o
         0          0          0          0          0          0   __rtentry.o
        12          0          0          0          0          0   __rtentry2.o
         6          0          0          0          0          0   __rtentry4.o
        94          8          0          0          0          0   __scatter.o
        26          0          0          0          0          0   __scatter_copy.o
        28          0          0          0          0          0   __scatter_zi.o
        18          0          0          0          0         80   exit.o
         6          0          0          0          0        152   heapauxi.o
         0          0          0          0          0          0   indicate_semi.o
         2          0          0          0          0          0   libinit.o
         6          0          0          0          0          0   libinit2.o
         2          0          0          0          0          0   libshutdown.o
         2          0          0          0          0          0   libshutdown2.o
         8          4          0          0         96         68   libspace.o
        68          0          0          0          0         68   rt_memclr.o
        78          0          0          0          0         80   rt_memclr_w.o
         2          0          0          0          0          0   rtexit.o
        10          0          0          0          0          0   rtexit2.o
        12          4          0          0          0         68   sys_exit.o
        74          0          0          0          0         80   sys_stackheap_outer.o
         2          0          0          0          0         68   use_no_semi.o
        26          0          0          0          0        116   fpinit.o

    ----------------------------------------------------------------------
       498         16          0          0         96        848   Library Totals
         8          0          0          0          0          0   (incl. Padding)

    ----------------------------------------------------------------------

      Code (inc. data)   RO Data    RW Data    ZI Data      Debug   Library Name

       464         16          0          0         96        732   c_w.l
        26          0          0          0          0        116   fz_wv.l

    ----------------------------------------------------------------------
       498         16          0          0         96        848   Library Totals

    ----------------------------------------------------------------------

==============================================================================


      Code (inc. data)   RO Data    RW Data    ZI Data      Debug   

     21512        200        712        260      23180     254568   Grand Totals
     21512        200        712        260      23180     254568   ELF Image Totals
     21512        200        712        260          0          0   ROM Totals

==============================================================================

    Total RO  Size (Code + RO Data)                22224 (  21.70kB)
    Total RW  Size (RW Data + ZI Data)             23440 (  22.89kB)
    Total ROM Size (Code + RO Data + RW Data)      22484 (  21.96kB)

==============================================================================

