<!doctype html public "-//w3c//dtd html 4.0 transitional//en">
<html><head>
<title>Static Call Graph - [.\Objects\App.axf]</title></head>
<body><HR>
<H1>Static Call Graph for image .\Objects\App.axf</H1><HR>
<BR><P>#&#060CALLGRAPH&#062# ARM Linker, 6240002: Last Updated: Wed Aug 12 14:47:50 2026
<BR><P>
<H3>Maximum Stack Usage =        124 bytes + Unknown(Functions without stacksize, Cycles, Untraceable Function Pointers)</H3><H3>
Call chain for Maximum Stack Depth:</H3>
__rt_entry_main &rArr; main &rArr; GPIO_Init &rArr; LL_GPIO_Init &rArr; LL_GPIO_SetPinMode
<P>
<H3>
Functions with no stack information
</H3><UL>
 <LI><a href="#[b0]">__user_initial_stackheap</a>
</UL>
</UL>
<P>
<H3>
Mutually Recursive functions
</H3> <LI><a href="#[1]">NMI_Handler</a>&nbsp;&nbsp;&nbsp;&rArr;&nbsp;&nbsp;&nbsp;<a href="#[1]">NMI_Handler</a><BR>
 <LI><a href="#[2]">HardFault_Handler</a>&nbsp;&nbsp;&nbsp;&rArr;&nbsp;&nbsp;&nbsp;<a href="#[2]">HardFault_Handler</a><BR>
 <LI><a href="#[3]">MemManage_Handler</a>&nbsp;&nbsp;&nbsp;&rArr;&nbsp;&nbsp;&nbsp;<a href="#[3]">MemManage_Handler</a><BR>
 <LI><a href="#[4]">BusFault_Handler</a>&nbsp;&nbsp;&nbsp;&rArr;&nbsp;&nbsp;&nbsp;<a href="#[4]">BusFault_Handler</a><BR>
 <LI><a href="#[5]">UsageFault_Handler</a>&nbsp;&nbsp;&nbsp;&rArr;&nbsp;&nbsp;&nbsp;<a href="#[5]">UsageFault_Handler</a><BR>
 <LI><a href="#[6]">SVC_Handler</a>&nbsp;&nbsp;&nbsp;&rArr;&nbsp;&nbsp;&nbsp;<a href="#[6]">SVC_Handler</a><BR>
 <LI><a href="#[7]">DebugMon_Handler</a>&nbsp;&nbsp;&nbsp;&rArr;&nbsp;&nbsp;&nbsp;<a href="#[7]">DebugMon_Handler</a><BR>
 <LI><a href="#[8]">PendSV_Handler</a>&nbsp;&nbsp;&nbsp;&rArr;&nbsp;&nbsp;&nbsp;<a href="#[8]">PendSV_Handler</a><BR>
 <LI><a href="#[85]">ADC3_IRQHandler</a>&nbsp;&nbsp;&nbsp;&rArr;&nbsp;&nbsp;&nbsp;<a href="#[85]">ADC3_IRQHandler</a><BR>
</UL>
<P>
<H3>
Function Pointers
</H3><UL>
 <LI><a href="#[85]">ADC3_IRQHandler</a> from startup_stm32h747xx.o(.text) referenced from startup_stm32h747xx.o(RESET)
 <LI><a href="#[1c]">ADC_IRQHandler</a> from startup_stm32h747xx.o(.text) referenced from startup_stm32h747xx.o(RESET)
 <LI><a href="#[87]">BDMA_Channel0_IRQHandler</a> from startup_stm32h747xx.o(.text) referenced from startup_stm32h747xx.o(RESET)
 <LI><a href="#[88]">BDMA_Channel1_IRQHandler</a> from startup_stm32h747xx.o(.text) referenced from startup_stm32h747xx.o(RESET)
 <LI><a href="#[89]">BDMA_Channel2_IRQHandler</a> from startup_stm32h747xx.o(.text) referenced from startup_stm32h747xx.o(RESET)
 <LI><a href="#[8a]">BDMA_Channel3_IRQHandler</a> from startup_stm32h747xx.o(.text) referenced from startup_stm32h747xx.o(RESET)
 <LI><a href="#[8b]">BDMA_Channel4_IRQHandler</a> from startup_stm32h747xx.o(.text) referenced from startup_stm32h747xx.o(RESET)
 <LI><a href="#[8c]">BDMA_Channel5_IRQHandler</a> from startup_stm32h747xx.o(.text) referenced from startup_stm32h747xx.o(RESET)
 <LI><a href="#[8d]">BDMA_Channel6_IRQHandler</a> from startup_stm32h747xx.o(.text) referenced from startup_stm32h747xx.o(RESET)
 <LI><a href="#[8e]">BDMA_Channel7_IRQHandler</a> from startup_stm32h747xx.o(.text) referenced from startup_stm32h747xx.o(RESET)
 <LI><a href="#[4]">BusFault_Handler</a> from startup_stm32h747xx.o(.text) referenced from startup_stm32h747xx.o(RESET)
 <LI><a href="#[64]">CEC_IRQHandler</a> from startup_stm32h747xx.o(.text) referenced from startup_stm32h747xx.o(RESET)
 <LI><a href="#[4a]">CM4_SEV_IRQHandler</a> from startup_stm32h747xx.o(.text) referenced from startup_stm32h747xx.o(RESET)
 <LI><a href="#[49]">CM7_SEV_IRQHandler</a> from startup_stm32h747xx.o(.text) referenced from startup_stm32h747xx.o(RESET)
 <LI><a href="#[8f]">COMP1_IRQHandler</a> from startup_stm32h747xx.o(.text) referenced from startup_stm32h747xx.o(RESET)
 <LI><a href="#[96]">CRS_IRQHandler</a> from startup_stm32h747xx.o(.text) referenced from startup_stm32h747xx.o(RESET)
 <LI><a href="#[55]">DCMI_IRQHandler</a> from startup_stm32h747xx.o(.text) referenced from startup_stm32h747xx.o(RESET)
 <LI><a href="#[74]">DFSDM1_FLT0_IRQHandler</a> from startup_stm32h747xx.o(.text) referenced from startup_stm32h747xx.o(RESET)
 <LI><a href="#[75]">DFSDM1_FLT1_IRQHandler</a> from startup_stm32h747xx.o(.text) referenced from startup_stm32h747xx.o(RESET)
 <LI><a href="#[76]">DFSDM1_FLT2_IRQHandler</a> from startup_stm32h747xx.o(.text) referenced from startup_stm32h747xx.o(RESET)
 <LI><a href="#[77]">DFSDM1_FLT3_IRQHandler</a> from startup_stm32h747xx.o(.text) referenced from startup_stm32h747xx.o(RESET)
 <LI><a href="#[15]">DMA1_Stream0_IRQHandler</a> from startup_stm32h747xx.o(.text) referenced from startup_stm32h747xx.o(RESET)
 <LI><a href="#[16]">DMA1_Stream1_IRQHandler</a> from startup_stm32h747xx.o(.text) referenced from startup_stm32h747xx.o(RESET)
 <LI><a href="#[17]">DMA1_Stream2_IRQHandler</a> from startup_stm32h747xx.o(.text) referenced from startup_stm32h747xx.o(RESET)
 <LI><a href="#[18]">DMA1_Stream3_IRQHandler</a> from startup_stm32h747xx.o(.text) referenced from startup_stm32h747xx.o(RESET)
 <LI><a href="#[19]">DMA1_Stream4_IRQHandler</a> from startup_stm32h747xx.o(.text) referenced from startup_stm32h747xx.o(RESET)
 <LI><a href="#[1a]">DMA1_Stream5_IRQHandler</a> from startup_stm32h747xx.o(.text) referenced from startup_stm32h747xx.o(RESET)
 <LI><a href="#[1b]">DMA1_Stream6_IRQHandler</a> from startup_stm32h747xx.o(.text) referenced from startup_stm32h747xx.o(RESET)
 <LI><a href="#[38]">DMA1_Stream7_IRQHandler</a> from startup_stm32h747xx.o(.text) referenced from startup_stm32h747xx.o(RESET)
 <LI><a href="#[60]">DMA2D_IRQHandler</a> from startup_stm32h747xx.o(.text) referenced from startup_stm32h747xx.o(RESET)
 <LI><a href="#[41]">DMA2_Stream0_IRQHandler</a> from startup_stm32h747xx.o(.text) referenced from startup_stm32h747xx.o(RESET)
 <LI><a href="#[42]">DMA2_Stream1_IRQHandler</a> from startup_stm32h747xx.o(.text) referenced from startup_stm32h747xx.o(RESET)
 <LI><a href="#[43]">DMA2_Stream2_IRQHandler</a> from startup_stm32h747xx.o(.text) referenced from startup_stm32h747xx.o(RESET)
 <LI><a href="#[44]">DMA2_Stream3_IRQHandler</a> from startup_stm32h747xx.o(.text) referenced from startup_stm32h747xx.o(RESET)
 <LI><a href="#[45]">DMA2_Stream4_IRQHandler</a> from startup_stm32h747xx.o(.text) referenced from startup_stm32h747xx.o(RESET)
 <LI><a href="#[4b]">DMA2_Stream5_IRQHandler</a> from startup_stm32h747xx.o(.text) referenced from startup_stm32h747xx.o(RESET)
 <LI><a href="#[4c]">DMA2_Stream6_IRQHandler</a> from startup_stm32h747xx.o(.text) referenced from startup_stm32h747xx.o(RESET)
 <LI><a href="#[4d]">DMA2_Stream7_IRQHandler</a> from startup_stm32h747xx.o(.text) referenced from startup_stm32h747xx.o(RESET)
 <LI><a href="#[6c]">DMAMUX1_OVR_IRQHandler</a> from startup_stm32h747xx.o(.text) referenced from startup_stm32h747xx.o(RESET)
 <LI><a href="#[86]">DMAMUX2_OVR_IRQHandler</a> from startup_stm32h747xx.o(.text) referenced from startup_stm32h747xx.o(RESET)
 <LI><a href="#[81]">DSI_IRQHandler</a> from startup_stm32h747xx.o(.text) referenced from startup_stm32h747xx.o(RESET)
 <LI><a href="#[7]">DebugMon_Handler</a> from startup_stm32h747xx.o(.text) referenced from startup_stm32h747xx.o(RESET)
 <LI><a href="#[97]">ECC_IRQHandler</a> from startup_stm32h747xx.o(.text) referenced from startup_stm32h747xx.o(RESET)
 <LI><a href="#[46]">ETH_IRQHandler</a> from startup_stm32h747xx.o(.text) referenced from startup_stm32h747xx.o(RESET)
 <LI><a href="#[47]">ETH_WKUP_IRQHandler</a> from startup_stm32h747xx.o(.text) referenced from startup_stm32h747xx.o(RESET)
 <LI><a href="#[10]">EXTI0_IRQHandler</a> from startup_stm32h747xx.o(.text) referenced from startup_stm32h747xx.o(RESET)
 <LI><a href="#[32]">EXTI15_10_IRQHandler</a> from startup_stm32h747xx.o(.text) referenced from startup_stm32h747xx.o(RESET)
 <LI><a href="#[11]">EXTI1_IRQHandler</a> from startup_stm32h747xx.o(.text) referenced from startup_stm32h747xx.o(RESET)
 <LI><a href="#[12]">EXTI2_IRQHandler</a> from startup_stm32h747xx.o(.text) referenced from startup_stm32h747xx.o(RESET)
 <LI><a href="#[13]">EXTI3_IRQHandler</a> from startup_stm32h747xx.o(.text) referenced from startup_stm32h747xx.o(RESET)
 <LI><a href="#[14]">EXTI4_IRQHandler</a> from startup_stm32h747xx.o(.text) referenced from startup_stm32h747xx.o(RESET)
 <LI><a href="#[21]">EXTI9_5_IRQHandler</a> from startup_stm32h747xx.o(.text) referenced from startup_stm32h747xx.o(RESET)
 <LI><a href="#[9b]">ExitRun0Mode</a> from system_stm32h7xx_dualcore_boot_cm4_cm7.o(.text.ExitRun0Mode) referenced from startup_stm32h747xx.o(.text)
 <LI><a href="#[1d]">FDCAN1_IT0_IRQHandler</a> from startup_stm32h747xx.o(.text) referenced from startup_stm32h747xx.o(RESET)
 <LI><a href="#[1f]">FDCAN1_IT1_IRQHandler</a> from startup_stm32h747xx.o(.text) referenced from startup_stm32h747xx.o(RESET)
 <LI><a href="#[1e]">FDCAN2_IT0_IRQHandler</a> from startup_stm32h747xx.o(.text) referenced from startup_stm32h747xx.o(RESET)
 <LI><a href="#[20]">FDCAN2_IT1_IRQHandler</a> from startup_stm32h747xx.o(.text) referenced from startup_stm32h747xx.o(RESET)
 <LI><a href="#[48]">FDCAN_CAL_IRQHandler</a> from startup_stm32h747xx.o(.text) referenced from startup_stm32h747xx.o(RESET)
 <LI><a href="#[e]">FLASH_IRQHandler</a> from startup_stm32h747xx.o(.text) referenced from startup_stm32h747xx.o(RESET)
 <LI><a href="#[39]">FMC_IRQHandler</a> from startup_stm32h747xx.o(.text) referenced from startup_stm32h747xx.o(RESET)
 <LI><a href="#[57]">FPU_IRQHandler</a> from startup_stm32h747xx.o(.text) referenced from startup_stm32h747xx.o(RESET)
 <LI><a href="#[99]">HOLD_CORE_IRQHandler</a> from startup_stm32h747xx.o(.text) referenced from startup_stm32h747xx.o(RESET)
 <LI><a href="#[73]">HRTIM1_FLT_IRQHandler</a> from startup_stm32h747xx.o(.text) referenced from startup_stm32h747xx.o(RESET)
 <LI><a href="#[6d]">HRTIM1_Master_IRQHandler</a> from startup_stm32h747xx.o(.text) referenced from startup_stm32h747xx.o(RESET)
 <LI><a href="#[6e]">HRTIM1_TIMA_IRQHandler</a> from startup_stm32h747xx.o(.text) referenced from startup_stm32h747xx.o(RESET)
 <LI><a href="#[6f]">HRTIM1_TIMB_IRQHandler</a> from startup_stm32h747xx.o(.text) referenced from startup_stm32h747xx.o(RESET)
 <LI><a href="#[70]">HRTIM1_TIMC_IRQHandler</a> from startup_stm32h747xx.o(.text) referenced from startup_stm32h747xx.o(RESET)
 <LI><a href="#[71]">HRTIM1_TIMD_IRQHandler</a> from startup_stm32h747xx.o(.text) referenced from startup_stm32h747xx.o(RESET)
 <LI><a href="#[72]">HRTIM1_TIME_IRQHandler</a> from startup_stm32h747xx.o(.text) referenced from startup_stm32h747xx.o(RESET)
 <LI><a href="#[83]">HSEM1_IRQHandler</a> from startup_stm32h747xx.o(.text) referenced from startup_stm32h747xx.o(RESET)
 <LI><a href="#[84]">HSEM2_IRQHandler</a> from startup_stm32h747xx.o(.text) referenced from startup_stm32h747xx.o(RESET)
 <LI><a href="#[2]">HardFault_Handler</a> from startup_stm32h747xx.o(.text) referenced from startup_stm32h747xx.o(RESET)
 <LI><a href="#[2a]">I2C1_ER_IRQHandler</a> from startup_stm32h747xx.o(.text) referenced from startup_stm32h747xx.o(RESET)
 <LI><a href="#[29]">I2C1_EV_IRQHandler</a> from startup_stm32h747xx.o(.text) referenced from startup_stm32h747xx.o(RESET)
 <LI><a href="#[2c]">I2C2_ER_IRQHandler</a> from startup_stm32h747xx.o(.text) referenced from startup_stm32h747xx.o(RESET)
 <LI><a href="#[2b]">I2C2_EV_IRQHandler</a> from startup_stm32h747xx.o(.text) referenced from startup_stm32h747xx.o(RESET)
 <LI><a href="#[50]">I2C3_ER_IRQHandler</a> from startup_stm32h747xx.o(.text) referenced from startup_stm32h747xx.o(RESET)
 <LI><a href="#[4f]">I2C3_EV_IRQHandler</a> from startup_stm32h747xx.o(.text) referenced from startup_stm32h747xx.o(RESET)
 <LI><a href="#[66]">I2C4_ER_IRQHandler</a> from startup_stm32h747xx.o(.text) referenced from startup_stm32h747xx.o(RESET)
 <LI><a href="#[65]">I2C4_EV_IRQHandler</a> from startup_stm32h747xx.o(.text) referenced from startup_stm32h747xx.o(RESET)
 <LI><a href="#[7f]">JPEG_IRQHandler</a> from startup_stm32h747xx.o(.text) referenced from startup_stm32h747xx.o(RESET)
 <LI><a href="#[63]">LPTIM1_IRQHandler</a> from startup_stm32h747xx.o(.text) referenced from startup_stm32h747xx.o(RESET)
 <LI><a href="#[90]">LPTIM2_IRQHandler</a> from startup_stm32h747xx.o(.text) referenced from startup_stm32h747xx.o(RESET)
 <LI><a href="#[91]">LPTIM3_IRQHandler</a> from startup_stm32h747xx.o(.text) referenced from startup_stm32h747xx.o(RESET)
 <LI><a href="#[92]">LPTIM4_IRQHandler</a> from startup_stm32h747xx.o(.text) referenced from startup_stm32h747xx.o(RESET)
 <LI><a href="#[93]">LPTIM5_IRQHandler</a> from startup_stm32h747xx.o(.text) referenced from startup_stm32h747xx.o(RESET)
 <LI><a href="#[94]">LPUART1_IRQHandler</a> from startup_stm32h747xx.o(.text) referenced from startup_stm32h747xx.o(RESET)
 <LI><a href="#[5f]">LTDC_ER_IRQHandler</a> from startup_stm32h747xx.o(.text) referenced from startup_stm32h747xx.o(RESET)
 <LI><a href="#[5e]">LTDC_IRQHandler</a> from startup_stm32h747xx.o(.text) referenced from startup_stm32h747xx.o(RESET)
 <LI><a href="#[7e]">MDIOS_IRQHandler</a> from startup_stm32h747xx.o(.text) referenced from startup_stm32h747xx.o(RESET)
 <LI><a href="#[7d]">MDIOS_WKUP_IRQHandler</a> from startup_stm32h747xx.o(.text) referenced from startup_stm32h747xx.o(RESET)
 <LI><a href="#[80]">MDMA_IRQHandler</a> from startup_stm32h747xx.o(.text) referenced from startup_stm32h747xx.o(RESET)
 <LI><a href="#[3]">MemManage_Handler</a> from startup_stm32h747xx.o(.text) referenced from startup_stm32h747xx.o(RESET)
 <LI><a href="#[1]">NMI_Handler</a> from startup_stm32h747xx.o(.text) referenced from startup_stm32h747xx.o(RESET)
 <LI><a href="#[69]">OTG_FS_EP1_IN_IRQHandler</a> from startup_stm32h747xx.o(.text) referenced from startup_stm32h747xx.o(RESET)
 <LI><a href="#[68]">OTG_FS_EP1_OUT_IRQHandler</a> from startup_stm32h747xx.o(.text) referenced from startup_stm32h747xx.o(RESET)
 <LI><a href="#[6b]">OTG_FS_IRQHandler</a> from startup_stm32h747xx.o(.text) referenced from startup_stm32h747xx.o(RESET)
 <LI><a href="#[6a]">OTG_FS_WKUP_IRQHandler</a> from startup_stm32h747xx.o(.text) referenced from startup_stm32h747xx.o(RESET)
 <LI><a href="#[52]">OTG_HS_EP1_IN_IRQHandler</a> from startup_stm32h747xx.o(.text) referenced from startup_stm32h747xx.o(RESET)
 <LI><a href="#[51]">OTG_HS_EP1_OUT_IRQHandler</a> from startup_stm32h747xx.o(.text) referenced from startup_stm32h747xx.o(RESET)
 <LI><a href="#[54]">OTG_HS_IRQHandler</a> from startup_stm32h747xx.o(.text) referenced from startup_stm32h747xx.o(RESET)
 <LI><a href="#[53]">OTG_HS_WKUP_IRQHandler</a> from startup_stm32h747xx.o(.text) referenced from startup_stm32h747xx.o(RESET)
 <LI><a href="#[b]">PVD_AVD_IRQHandler</a> from startup_stm32h747xx.o(.text) referenced from startup_stm32h747xx.o(RESET)
 <LI><a href="#[8]">PendSV_Handler</a> from startup_stm32h747xx.o(.text) referenced from startup_stm32h747xx.o(RESET)
 <LI><a href="#[62]">QUADSPI_IRQHandler</a> from startup_stm32h747xx.o(.text) referenced from startup_stm32h747xx.o(RESET)
 <LI><a href="#[f]">RCC_IRQHandler</a> from startup_stm32h747xx.o(.text) referenced from startup_stm32h747xx.o(RESET)
 <LI><a href="#[56]">RNG_IRQHandler</a> from startup_stm32h747xx.o(.text) referenced from startup_stm32h747xx.o(RESET)
 <LI><a href="#[33]">RTC_Alarm_IRQHandler</a> from startup_stm32h747xx.o(.text) referenced from startup_stm32h747xx.o(RESET)
 <LI><a href="#[d]">RTC_WKUP_IRQHandler</a> from startup_stm32h747xx.o(.text) referenced from startup_stm32h747xx.o(RESET)
 <LI><a href="#[0]">Reset_Handler</a> from startup_stm32h747xx.o(.text) referenced from startup_stm32h747xx.o(RESET)
 <LI><a href="#[5d]">SAI1_IRQHandler</a> from startup_stm32h747xx.o(.text) referenced from startup_stm32h747xx.o(RESET)
 <LI><a href="#[61]">SAI2_IRQHandler</a> from startup_stm32h747xx.o(.text) referenced from startup_stm32h747xx.o(RESET)
 <LI><a href="#[78]">SAI3_IRQHandler</a> from startup_stm32h747xx.o(.text) referenced from startup_stm32h747xx.o(RESET)
 <LI><a href="#[98]">SAI4_IRQHandler</a> from startup_stm32h747xx.o(.text) referenced from startup_stm32h747xx.o(RESET)
 <LI><a href="#[3a]">SDMMC1_IRQHandler</a> from startup_stm32h747xx.o(.text) referenced from startup_stm32h747xx.o(RESET)
 <LI><a href="#[82]">SDMMC2_IRQHandler</a> from startup_stm32h747xx.o(.text) referenced from startup_stm32h747xx.o(RESET)
 <LI><a href="#[67]">SPDIF_RX_IRQHandler</a> from startup_stm32h747xx.o(.text) referenced from startup_stm32h747xx.o(RESET)
 <LI><a href="#[2d]">SPI1_IRQHandler</a> from startup_stm32h747xx.o(.text) referenced from startup_stm32h747xx.o(RESET)
 <LI><a href="#[2e]">SPI2_IRQHandler</a> from startup_stm32h747xx.o(.text) referenced from startup_stm32h747xx.o(RESET)
 <LI><a href="#[3c]">SPI3_IRQHandler</a> from startup_stm32h747xx.o(.text) referenced from startup_stm32h747xx.o(RESET)
 <LI><a href="#[5a]">SPI4_IRQHandler</a> from startup_stm32h747xx.o(.text) referenced from startup_stm32h747xx.o(RESET)
 <LI><a href="#[5b]">SPI5_IRQHandler</a> from startup_stm32h747xx.o(.text) referenced from startup_stm32h747xx.o(RESET)
 <LI><a href="#[5c]">SPI6_IRQHandler</a> from startup_stm32h747xx.o(.text) referenced from startup_stm32h747xx.o(RESET)
 <LI><a href="#[6]">SVC_Handler</a> from startup_stm32h747xx.o(.text) referenced from startup_stm32h747xx.o(RESET)
 <LI><a href="#[79]">SWPMI1_IRQHandler</a> from startup_stm32h747xx.o(.text) referenced from startup_stm32h747xx.o(RESET)
 <LI><a href="#[9]">SysTick_Handler</a> from clock_system.o(.text.SysTick_Handler) referenced from startup_stm32h747xx.o(RESET)
 <LI><a href="#[9c]">SystemInit</a> from system_stm32h7xx_dualcore_boot_cm4_cm7.o(.text.SystemInit) referenced from startup_stm32h747xx.o(.text)
 <LI><a href="#[c]">TAMP_STAMP_IRQHandler</a> from startup_stm32h747xx.o(.text) referenced from startup_stm32h747xx.o(RESET)
 <LI><a href="#[7a]">TIM15_IRQHandler</a> from startup_stm32h747xx.o(.text) referenced from startup_stm32h747xx.o(RESET)
 <LI><a href="#[7b]">TIM16_IRQHandler</a> from startup_stm32h747xx.o(.text) referenced from startup_stm32h747xx.o(RESET)
 <LI><a href="#[7c]">TIM17_IRQHandler</a> from startup_stm32h747xx.o(.text) referenced from startup_stm32h747xx.o(RESET)
 <LI><a href="#[22]">TIM1_BRK_IRQHandler</a> from startup_stm32h747xx.o(.text) referenced from startup_stm32h747xx.o(RESET)
 <LI><a href="#[25]">TIM1_CC_IRQHandler</a> from startup_stm32h747xx.o(.text) referenced from startup_stm32h747xx.o(RESET)
 <LI><a href="#[24]">TIM1_TRG_COM_IRQHandler</a> from startup_stm32h747xx.o(.text) referenced from startup_stm32h747xx.o(RESET)
 <LI><a href="#[23]">TIM1_UP_IRQHandler</a> from startup_stm32h747xx.o(.text) referenced from startup_stm32h747xx.o(RESET)
 <LI><a href="#[26]">TIM2_IRQHandler</a> from startup_stm32h747xx.o(.text) referenced from startup_stm32h747xx.o(RESET)
 <LI><a href="#[27]">TIM3_IRQHandler</a> from startup_stm32h747xx.o(.text) referenced from startup_stm32h747xx.o(RESET)
 <LI><a href="#[28]">TIM4_IRQHandler</a> from startup_stm32h747xx.o(.text) referenced from startup_stm32h747xx.o(RESET)
 <LI><a href="#[3b]">TIM5_IRQHandler</a> from startup_stm32h747xx.o(.text) referenced from startup_stm32h747xx.o(RESET)
 <LI><a href="#[3f]">TIM6_DAC_IRQHandler</a> from startup_stm32h747xx.o(.text) referenced from startup_stm32h747xx.o(RESET)
 <LI><a href="#[40]">TIM7_IRQHandler</a> from startup_stm32h747xx.o(.text) referenced from startup_stm32h747xx.o(RESET)
 <LI><a href="#[34]">TIM8_BRK_TIM12_IRQHandler</a> from startup_stm32h747xx.o(.text) referenced from startup_stm32h747xx.o(RESET)
 <LI><a href="#[37]">TIM8_CC_IRQHandler</a> from startup_stm32h747xx.o(.text) referenced from startup_stm32h747xx.o(RESET)
 <LI><a href="#[36]">TIM8_TRG_COM_TIM14_IRQHandler</a> from startup_stm32h747xx.o(.text) referenced from startup_stm32h747xx.o(RESET)
 <LI><a href="#[35]">TIM8_UP_TIM13_IRQHandler</a> from startup_stm32h747xx.o(.text) referenced from startup_stm32h747xx.o(RESET)
 <LI><a href="#[3d]">UART4_IRQHandler</a> from startup_stm32h747xx.o(.text) referenced from startup_stm32h747xx.o(RESET)
 <LI><a href="#[3e]">UART5_IRQHandler</a> from startup_stm32h747xx.o(.text) referenced from startup_stm32h747xx.o(RESET)
 <LI><a href="#[58]">UART7_IRQHandler</a> from startup_stm32h747xx.o(.text) referenced from startup_stm32h747xx.o(RESET)
 <LI><a href="#[59]">UART8_IRQHandler</a> from startup_stm32h747xx.o(.text) referenced from startup_stm32h747xx.o(RESET)
 <LI><a href="#[2f]">USART1_IRQHandler</a> from startup_stm32h747xx.o(.text) referenced from startup_stm32h747xx.o(RESET)
 <LI><a href="#[30]">USART2_IRQHandler</a> from startup_stm32h747xx.o(.text) referenced from startup_stm32h747xx.o(RESET)
 <LI><a href="#[31]">USART3_IRQHandler</a> from startup_stm32h747xx.o(.text) referenced from startup_stm32h747xx.o(RESET)
 <LI><a href="#[4e]">USART6_IRQHandler</a> from startup_stm32h747xx.o(.text) referenced from startup_stm32h747xx.o(RESET)
 <LI><a href="#[5]">UsageFault_Handler</a> from startup_stm32h747xx.o(.text) referenced from startup_stm32h747xx.o(RESET)
 <LI><a href="#[9a]">WAKEUP_PIN_IRQHandler</a> from startup_stm32h747xx.o(.text) referenced from startup_stm32h747xx.o(RESET)
 <LI><a href="#[a]">WWDG_IRQHandler</a> from startup_stm32h747xx.o(.text) referenced from startup_stm32h747xx.o(RESET)
 <LI><a href="#[95]">WWDG_RST_IRQHandler</a> from startup_stm32h747xx.o(.text) referenced from startup_stm32h747xx.o(RESET)
 <LI><a href="#[9d]">__main</a> from __main.o(!!!main) referenced from startup_stm32h747xx.o(.text)
</UL>
<P>
<H3>
Global Symbols
</H3>
<P><STRONG><a name="[9d]"></a>__main</STRONG> (Thumb, 8 bytes, Stack size 0 bytes, __main.o(!!!main))
<BR><BR>[Calls]<UL><LI><a href="#[9f]">&gt;&gt;</a>&nbsp;&nbsp;&nbsp;__rt_entry
<LI><a href="#[9e]">&gt;&gt;</a>&nbsp;&nbsp;&nbsp;__scatterload
</UL>
<BR>[Address Reference Count : 1]<UL><LI> startup_stm32h747xx.o(.text)
</UL>
<P><STRONG><a name="[9e]"></a>__scatterload</STRONG> (Thumb, 0 bytes, Stack size unknown bytes, __scatter.o(!!!scatter))
<BR><BR>[Called By]<UL><LI><a href="#[9d]">&gt;&gt;</a>&nbsp;&nbsp;&nbsp;__main
</UL>

<P><STRONG><a name="[a0]"></a>__scatterload_rt2</STRONG> (Thumb, 84 bytes, Stack size unknown bytes, __scatter.o(!!!scatter), UNUSED)
<BR><BR>[Calls]<UL><LI><a href="#[9f]">&gt;&gt;</a>&nbsp;&nbsp;&nbsp;__rt_entry
</UL>

<P><STRONG><a name="[e9]"></a>__scatterload_rt2_thumb_only</STRONG> (Thumb, 0 bytes, Stack size unknown bytes, __scatter.o(!!!scatter), UNUSED)

<P><STRONG><a name="[ea]"></a>__scatterload_loop</STRONG> (Thumb, 0 bytes, Stack size unknown bytes, __scatter.o(!!!scatter), UNUSED)

<P><STRONG><a name="[a1]"></a>__scatterload_copy</STRONG> (Thumb, 26 bytes, Stack size unknown bytes, __scatter_copy.o(!!handler_copy), UNUSED)
<BR><BR>[Calls]<UL><LI><a href="#[a1]">&gt;&gt;</a>&nbsp;&nbsp;&nbsp;__scatterload_copy
</UL>
<BR>[Called By]<UL><LI><a href="#[a1]">&gt;&gt;</a>&nbsp;&nbsp;&nbsp;__scatterload_copy
</UL>

<P><STRONG><a name="[eb]"></a>__scatterload_null</STRONG> (Thumb, 2 bytes, Stack size unknown bytes, __scatter.o(!!handler_null), UNUSED)

<P><STRONG><a name="[ec]"></a>__scatterload_zeroinit</STRONG> (Thumb, 28 bytes, Stack size unknown bytes, __scatter_zi.o(!!handler_zi), UNUSED)

<P><STRONG><a name="[a7]"></a>__rt_lib_init</STRONG> (Thumb, 0 bytes, Stack size unknown bytes, libinit.o(.ARM.Collect$$libinit$$00000000))
<BR><BR>[Called By]<UL><LI><a href="#[a6]">&gt;&gt;</a>&nbsp;&nbsp;&nbsp;__rt_entry_li
</UL>

<P><STRONG><a name="[a2]"></a>__rt_lib_init_fp_1</STRONG> (Thumb, 0 bytes, Stack size unknown bytes, libinit2.o(.ARM.Collect$$libinit$$00000001))
<BR><BR>[Calls]<UL><LI><a href="#[a3]">&gt;&gt;</a>&nbsp;&nbsp;&nbsp;_fp_init
</UL>

<P><STRONG><a name="[ed]"></a>__rt_lib_init_alloca_1</STRONG> (Thumb, 0 bytes, Stack size unknown bytes, libinit2.o(.ARM.Collect$$libinit$$00000030))

<P><STRONG><a name="[ee]"></a>__rt_lib_init_argv_1</STRONG> (Thumb, 0 bytes, Stack size unknown bytes, libinit2.o(.ARM.Collect$$libinit$$0000002E))

<P><STRONG><a name="[ef]"></a>__rt_lib_init_atexit_1</STRONG> (Thumb, 0 bytes, Stack size unknown bytes, libinit2.o(.ARM.Collect$$libinit$$0000001D))

<P><STRONG><a name="[f0]"></a>__rt_lib_init_clock_1</STRONG> (Thumb, 0 bytes, Stack size unknown bytes, libinit2.o(.ARM.Collect$$libinit$$00000023))

<P><STRONG><a name="[f1]"></a>__rt_lib_init_cpp_1</STRONG> (Thumb, 0 bytes, Stack size unknown bytes, libinit2.o(.ARM.Collect$$libinit$$00000034))

<P><STRONG><a name="[f2]"></a>__rt_lib_init_exceptions_1</STRONG> (Thumb, 0 bytes, Stack size unknown bytes, libinit2.o(.ARM.Collect$$libinit$$00000032))

<P><STRONG><a name="[f3]"></a>__rt_lib_init_fp_trap_1</STRONG> (Thumb, 0 bytes, Stack size unknown bytes, libinit2.o(.ARM.Collect$$libinit$$00000021))

<P><STRONG><a name="[f4]"></a>__rt_lib_init_getenv_1</STRONG> (Thumb, 0 bytes, Stack size unknown bytes, libinit2.o(.ARM.Collect$$libinit$$00000025))

<P><STRONG><a name="[f5]"></a>__rt_lib_init_heap_1</STRONG> (Thumb, 0 bytes, Stack size unknown bytes, libinit2.o(.ARM.Collect$$libinit$$0000000C))

<P><STRONG><a name="[f6]"></a>__rt_lib_init_lc_collate_1</STRONG> (Thumb, 0 bytes, Stack size unknown bytes, libinit2.o(.ARM.Collect$$libinit$$00000013))

<P><STRONG><a name="[f7]"></a>__rt_lib_init_lc_ctype_1</STRONG> (Thumb, 0 bytes, Stack size unknown bytes, libinit2.o(.ARM.Collect$$libinit$$00000015))

<P><STRONG><a name="[f8]"></a>__rt_lib_init_lc_monetary_1</STRONG> (Thumb, 0 bytes, Stack size unknown bytes, libinit2.o(.ARM.Collect$$libinit$$00000017))

<P><STRONG><a name="[f9]"></a>__rt_lib_init_lc_numeric_1</STRONG> (Thumb, 0 bytes, Stack size unknown bytes, libinit2.o(.ARM.Collect$$libinit$$00000019))

<P><STRONG><a name="[fa]"></a>__rt_lib_init_lc_time_1</STRONG> (Thumb, 0 bytes, Stack size unknown bytes, libinit2.o(.ARM.Collect$$libinit$$0000001B))

<P><STRONG><a name="[fb]"></a>__rt_lib_init_preinit_1</STRONG> (Thumb, 0 bytes, Stack size unknown bytes, libinit2.o(.ARM.Collect$$libinit$$00000006))

<P><STRONG><a name="[fc]"></a>__rt_lib_init_rand_1</STRONG> (Thumb, 0 bytes, Stack size unknown bytes, libinit2.o(.ARM.Collect$$libinit$$00000010))

<P><STRONG><a name="[fd]"></a>__rt_lib_init_relocate_pie_1</STRONG> (Thumb, 0 bytes, Stack size unknown bytes, libinit2.o(.ARM.Collect$$libinit$$00000004))

<P><STRONG><a name="[fe]"></a>__rt_lib_init_return</STRONG> (Thumb, 0 bytes, Stack size unknown bytes, libinit2.o(.ARM.Collect$$libinit$$00000035))

<P><STRONG><a name="[ff]"></a>__rt_lib_init_signal_1</STRONG> (Thumb, 0 bytes, Stack size unknown bytes, libinit2.o(.ARM.Collect$$libinit$$0000001F))

<P><STRONG><a name="[100]"></a>__rt_lib_init_stdio_1</STRONG> (Thumb, 0 bytes, Stack size unknown bytes, libinit2.o(.ARM.Collect$$libinit$$00000027))

<P><STRONG><a name="[101]"></a>__rt_lib_init_user_alloc_1</STRONG> (Thumb, 0 bytes, Stack size unknown bytes, libinit2.o(.ARM.Collect$$libinit$$0000000E))

<P><STRONG><a name="[ac]"></a>__rt_lib_shutdown</STRONG> (Thumb, 0 bytes, Stack size unknown bytes, libshutdown.o(.ARM.Collect$$libshutdown$$00000000))
<BR><BR>[Called By]<UL><LI><a href="#[ab]">&gt;&gt;</a>&nbsp;&nbsp;&nbsp;__rt_exit_ls
</UL>

<P><STRONG><a name="[102]"></a>__rt_lib_shutdown_cpp_1</STRONG> (Thumb, 0 bytes, Stack size unknown bytes, libshutdown2.o(.ARM.Collect$$libshutdown$$00000002))

<P><STRONG><a name="[103]"></a>__rt_lib_shutdown_fp_trap_1</STRONG> (Thumb, 0 bytes, Stack size unknown bytes, libshutdown2.o(.ARM.Collect$$libshutdown$$00000007))

<P><STRONG><a name="[104]"></a>__rt_lib_shutdown_heap_1</STRONG> (Thumb, 0 bytes, Stack size unknown bytes, libshutdown2.o(.ARM.Collect$$libshutdown$$0000000F))

<P><STRONG><a name="[105]"></a>__rt_lib_shutdown_return</STRONG> (Thumb, 0 bytes, Stack size unknown bytes, libshutdown2.o(.ARM.Collect$$libshutdown$$00000010))

<P><STRONG><a name="[106]"></a>__rt_lib_shutdown_signal_1</STRONG> (Thumb, 0 bytes, Stack size unknown bytes, libshutdown2.o(.ARM.Collect$$libshutdown$$0000000A))

<P><STRONG><a name="[107]"></a>__rt_lib_shutdown_stdio_1</STRONG> (Thumb, 0 bytes, Stack size unknown bytes, libshutdown2.o(.ARM.Collect$$libshutdown$$00000004))

<P><STRONG><a name="[108]"></a>__rt_lib_shutdown_user_alloc_1</STRONG> (Thumb, 0 bytes, Stack size unknown bytes, libshutdown2.o(.ARM.Collect$$libshutdown$$0000000C))

<P><STRONG><a name="[9f]"></a>__rt_entry</STRONG> (Thumb, 0 bytes, Stack size unknown bytes, __rtentry.o(.ARM.Collect$$rtentry$$00000000))
<BR><BR>[Called By]<UL><LI><a href="#[9d]">&gt;&gt;</a>&nbsp;&nbsp;&nbsp;__main
<LI><a href="#[a0]">&gt;&gt;</a>&nbsp;&nbsp;&nbsp;__scatterload_rt2
</UL>

<P><STRONG><a name="[109]"></a>__rt_entry_presh_1</STRONG> (Thumb, 0 bytes, Stack size unknown bytes, __rtentry2.o(.ARM.Collect$$rtentry$$00000002))

<P><STRONG><a name="[a4]"></a>__rt_entry_sh</STRONG> (Thumb, 0 bytes, Stack size unknown bytes, __rtentry4.o(.ARM.Collect$$rtentry$$00000004))
<BR><BR>[Stack]<UL><LI>Max Depth = 8 + Unknown Stack Size
<LI>Call Chain = __rt_entry_sh &rArr; __user_setup_stackheap
</UL>
<BR>[Calls]<UL><LI><a href="#[a5]">&gt;&gt;</a>&nbsp;&nbsp;&nbsp;__user_setup_stackheap
</UL>

<P><STRONG><a name="[a6]"></a>__rt_entry_li</STRONG> (Thumb, 0 bytes, Stack size unknown bytes, __rtentry2.o(.ARM.Collect$$rtentry$$0000000A))
<BR><BR>[Calls]<UL><LI><a href="#[a7]">&gt;&gt;</a>&nbsp;&nbsp;&nbsp;__rt_lib_init
</UL>

<P><STRONG><a name="[10a]"></a>__rt_entry_postsh_1</STRONG> (Thumb, 0 bytes, Stack size unknown bytes, __rtentry2.o(.ARM.Collect$$rtentry$$00000009))

<P><STRONG><a name="[a8]"></a>__rt_entry_main</STRONG> (Thumb, 0 bytes, Stack size unknown bytes, __rtentry2.o(.ARM.Collect$$rtentry$$0000000D))
<BR><BR>[Stack]<UL><LI>Max Depth = 124 + Unknown Stack Size
<LI>Call Chain = __rt_entry_main &rArr; main &rArr; GPIO_Init &rArr; LL_GPIO_Init &rArr; LL_GPIO_SetPinMode
</UL>
<BR>[Calls]<UL><LI><a href="#[aa]">&gt;&gt;</a>&nbsp;&nbsp;&nbsp;exit
<LI><a href="#[a9]">&gt;&gt;</a>&nbsp;&nbsp;&nbsp;main
</UL>

<P><STRONG><a name="[10b]"></a>__rt_entry_postli_1</STRONG> (Thumb, 0 bytes, Stack size unknown bytes, __rtentry2.o(.ARM.Collect$$rtentry$$0000000C))

<P><STRONG><a name="[b1]"></a>__rt_exit</STRONG> (Thumb, 0 bytes, Stack size unknown bytes, rtexit.o(.ARM.Collect$$rtexit$$00000000))
<BR><BR>[Called By]<UL><LI><a href="#[aa]">&gt;&gt;</a>&nbsp;&nbsp;&nbsp;exit
</UL>

<P><STRONG><a name="[ab]"></a>__rt_exit_ls</STRONG> (Thumb, 0 bytes, Stack size unknown bytes, rtexit2.o(.ARM.Collect$$rtexit$$00000003))
<BR><BR>[Calls]<UL><LI><a href="#[ac]">&gt;&gt;</a>&nbsp;&nbsp;&nbsp;__rt_lib_shutdown
</UL>

<P><STRONG><a name="[10c]"></a>__rt_exit_prels_1</STRONG> (Thumb, 0 bytes, Stack size unknown bytes, rtexit2.o(.ARM.Collect$$rtexit$$00000002))

<P><STRONG><a name="[ad]"></a>__rt_exit_exit</STRONG> (Thumb, 0 bytes, Stack size unknown bytes, rtexit2.o(.ARM.Collect$$rtexit$$00000004))
<BR><BR>[Calls]<UL><LI><a href="#[ae]">&gt;&gt;</a>&nbsp;&nbsp;&nbsp;_sys_exit
</UL>

<P><STRONG><a name="[0]"></a>Reset_Handler</STRONG> (Thumb, 12 bytes, Stack size 0 bytes, startup_stm32h747xx.o(.text))
<BR>[Address Reference Count : 1]<UL><LI> startup_stm32h747xx.o(RESET)
</UL>
<P><STRONG><a name="[1]"></a>NMI_Handler</STRONG> (Thumb, 2 bytes, Stack size 0 bytes, startup_stm32h747xx.o(.text))
<BR><BR>[Calls]<UL><LI><a href="#[1]">&gt;&gt;</a>&nbsp;&nbsp;&nbsp;NMI_Handler
</UL>
<BR>[Called By]<UL><LI><a href="#[1]">&gt;&gt;</a>&nbsp;&nbsp;&nbsp;NMI_Handler
</UL>
<BR>[Address Reference Count : 1]<UL><LI> startup_stm32h747xx.o(RESET)
</UL>
<P><STRONG><a name="[2]"></a>HardFault_Handler</STRONG> (Thumb, 2 bytes, Stack size 0 bytes, startup_stm32h747xx.o(.text))
<BR><BR>[Calls]<UL><LI><a href="#[2]">&gt;&gt;</a>&nbsp;&nbsp;&nbsp;HardFault_Handler
</UL>
<BR>[Called By]<UL><LI><a href="#[2]">&gt;&gt;</a>&nbsp;&nbsp;&nbsp;HardFault_Handler
</UL>
<BR>[Address Reference Count : 1]<UL><LI> startup_stm32h747xx.o(RESET)
</UL>
<P><STRONG><a name="[3]"></a>MemManage_Handler</STRONG> (Thumb, 2 bytes, Stack size 0 bytes, startup_stm32h747xx.o(.text))
<BR><BR>[Calls]<UL><LI><a href="#[3]">&gt;&gt;</a>&nbsp;&nbsp;&nbsp;MemManage_Handler
</UL>
<BR>[Called By]<UL><LI><a href="#[3]">&gt;&gt;</a>&nbsp;&nbsp;&nbsp;MemManage_Handler
</UL>
<BR>[Address Reference Count : 1]<UL><LI> startup_stm32h747xx.o(RESET)
</UL>
<P><STRONG><a name="[4]"></a>BusFault_Handler</STRONG> (Thumb, 2 bytes, Stack size 0 bytes, startup_stm32h747xx.o(.text))
<BR><BR>[Calls]<UL><LI><a href="#[4]">&gt;&gt;</a>&nbsp;&nbsp;&nbsp;BusFault_Handler
</UL>
<BR>[Called By]<UL><LI><a href="#[4]">&gt;&gt;</a>&nbsp;&nbsp;&nbsp;BusFault_Handler
</UL>
<BR>[Address Reference Count : 1]<UL><LI> startup_stm32h747xx.o(RESET)
</UL>
<P><STRONG><a name="[5]"></a>UsageFault_Handler</STRONG> (Thumb, 2 bytes, Stack size 0 bytes, startup_stm32h747xx.o(.text))
<BR><BR>[Calls]<UL><LI><a href="#[5]">&gt;&gt;</a>&nbsp;&nbsp;&nbsp;UsageFault_Handler
</UL>
<BR>[Called By]<UL><LI><a href="#[5]">&gt;&gt;</a>&nbsp;&nbsp;&nbsp;UsageFault_Handler
</UL>
<BR>[Address Reference Count : 1]<UL><LI> startup_stm32h747xx.o(RESET)
</UL>
<P><STRONG><a name="[6]"></a>SVC_Handler</STRONG> (Thumb, 2 bytes, Stack size 0 bytes, startup_stm32h747xx.o(.text))
<BR><BR>[Calls]<UL><LI><a href="#[6]">&gt;&gt;</a>&nbsp;&nbsp;&nbsp;SVC_Handler
</UL>
<BR>[Called By]<UL><LI><a href="#[6]">&gt;&gt;</a>&nbsp;&nbsp;&nbsp;SVC_Handler
</UL>
<BR>[Address Reference Count : 1]<UL><LI> startup_stm32h747xx.o(RESET)
</UL>
<P><STRONG><a name="[7]"></a>DebugMon_Handler</STRONG> (Thumb, 2 bytes, Stack size 0 bytes, startup_stm32h747xx.o(.text))
<BR><BR>[Calls]<UL><LI><a href="#[7]">&gt;&gt;</a>&nbsp;&nbsp;&nbsp;DebugMon_Handler
</UL>
<BR>[Called By]<UL><LI><a href="#[7]">&gt;&gt;</a>&nbsp;&nbsp;&nbsp;DebugMon_Handler
</UL>
<BR>[Address Reference Count : 1]<UL><LI> startup_stm32h747xx.o(RESET)
</UL>
<P><STRONG><a name="[8]"></a>PendSV_Handler</STRONG> (Thumb, 2 bytes, Stack size 0 bytes, startup_stm32h747xx.o(.text))
<BR><BR>[Calls]<UL><LI><a href="#[8]">&gt;&gt;</a>&nbsp;&nbsp;&nbsp;PendSV_Handler
</UL>
<BR>[Called By]<UL><LI><a href="#[8]">&gt;&gt;</a>&nbsp;&nbsp;&nbsp;PendSV_Handler
</UL>
<BR>[Address Reference Count : 1]<UL><LI> startup_stm32h747xx.o(RESET)
</UL>
<P><STRONG><a name="[85]"></a>ADC3_IRQHandler</STRONG> (Thumb, 0 bytes, Stack size 0 bytes, startup_stm32h747xx.o(.text))
<BR><BR>[Calls]<UL><LI><a href="#[85]">&gt;&gt;</a>&nbsp;&nbsp;&nbsp;ADC3_IRQHandler
</UL>
<BR>[Called By]<UL><LI><a href="#[85]">&gt;&gt;</a>&nbsp;&nbsp;&nbsp;ADC3_IRQHandler
</UL>
<BR>[Address Reference Count : 1]<UL><LI> startup_stm32h747xx.o(RESET)
</UL>
<P><STRONG><a name="[1c]"></a>ADC_IRQHandler</STRONG> (Thumb, 0 bytes, Stack size 0 bytes, startup_stm32h747xx.o(.text))
<BR>[Address Reference Count : 1]<UL><LI> startup_stm32h747xx.o(RESET)
</UL>
<P><STRONG><a name="[87]"></a>BDMA_Channel0_IRQHandler</STRONG> (Thumb, 0 bytes, Stack size 0 bytes, startup_stm32h747xx.o(.text))
<BR>[Address Reference Count : 1]<UL><LI> startup_stm32h747xx.o(RESET)
</UL>
<P><STRONG><a name="[88]"></a>BDMA_Channel1_IRQHandler</STRONG> (Thumb, 0 bytes, Stack size 0 bytes, startup_stm32h747xx.o(.text))
<BR>[Address Reference Count : 1]<UL><LI> startup_stm32h747xx.o(RESET)
</UL>
<P><STRONG><a name="[89]"></a>BDMA_Channel2_IRQHandler</STRONG> (Thumb, 0 bytes, Stack size 0 bytes, startup_stm32h747xx.o(.text))
<BR>[Address Reference Count : 1]<UL><LI> startup_stm32h747xx.o(RESET)
</UL>
<P><STRONG><a name="[8a]"></a>BDMA_Channel3_IRQHandler</STRONG> (Thumb, 0 bytes, Stack size 0 bytes, startup_stm32h747xx.o(.text))
<BR>[Address Reference Count : 1]<UL><LI> startup_stm32h747xx.o(RESET)
</UL>
<P><STRONG><a name="[8b]"></a>BDMA_Channel4_IRQHandler</STRONG> (Thumb, 0 bytes, Stack size 0 bytes, startup_stm32h747xx.o(.text))
<BR>[Address Reference Count : 1]<UL><LI> startup_stm32h747xx.o(RESET)
</UL>
<P><STRONG><a name="[8c]"></a>BDMA_Channel5_IRQHandler</STRONG> (Thumb, 0 bytes, Stack size 0 bytes, startup_stm32h747xx.o(.text))
<BR>[Address Reference Count : 1]<UL><LI> startup_stm32h747xx.o(RESET)
</UL>
<P><STRONG><a name="[8d]"></a>BDMA_Channel6_IRQHandler</STRONG> (Thumb, 0 bytes, Stack size 0 bytes, startup_stm32h747xx.o(.text))
<BR>[Address Reference Count : 1]<UL><LI> startup_stm32h747xx.o(RESET)
</UL>
<P><STRONG><a name="[8e]"></a>BDMA_Channel7_IRQHandler</STRONG> (Thumb, 0 bytes, Stack size 0 bytes, startup_stm32h747xx.o(.text))
<BR>[Address Reference Count : 1]<UL><LI> startup_stm32h747xx.o(RESET)
</UL>
<P><STRONG><a name="[64]"></a>CEC_IRQHandler</STRONG> (Thumb, 0 bytes, Stack size 0 bytes, startup_stm32h747xx.o(.text))
<BR>[Address Reference Count : 1]<UL><LI> startup_stm32h747xx.o(RESET)
</UL>
<P><STRONG><a name="[4a]"></a>CM4_SEV_IRQHandler</STRONG> (Thumb, 0 bytes, Stack size 0 bytes, startup_stm32h747xx.o(.text))
<BR>[Address Reference Count : 1]<UL><LI> startup_stm32h747xx.o(RESET)
</UL>
<P><STRONG><a name="[49]"></a>CM7_SEV_IRQHandler</STRONG> (Thumb, 0 bytes, Stack size 0 bytes, startup_stm32h747xx.o(.text))
<BR>[Address Reference Count : 1]<UL><LI> startup_stm32h747xx.o(RESET)
</UL>
<P><STRONG><a name="[8f]"></a>COMP1_IRQHandler</STRONG> (Thumb, 0 bytes, Stack size 0 bytes, startup_stm32h747xx.o(.text))
<BR>[Address Reference Count : 1]<UL><LI> startup_stm32h747xx.o(RESET)
</UL>
<P><STRONG><a name="[96]"></a>CRS_IRQHandler</STRONG> (Thumb, 0 bytes, Stack size 0 bytes, startup_stm32h747xx.o(.text))
<BR>[Address Reference Count : 1]<UL><LI> startup_stm32h747xx.o(RESET)
</UL>
<P><STRONG><a name="[55]"></a>DCMI_IRQHandler</STRONG> (Thumb, 0 bytes, Stack size 0 bytes, startup_stm32h747xx.o(.text))
<BR>[Address Reference Count : 1]<UL><LI> startup_stm32h747xx.o(RESET)
</UL>
<P><STRONG><a name="[74]"></a>DFSDM1_FLT0_IRQHandler</STRONG> (Thumb, 0 bytes, Stack size 0 bytes, startup_stm32h747xx.o(.text))
<BR>[Address Reference Count : 1]<UL><LI> startup_stm32h747xx.o(RESET)
</UL>
<P><STRONG><a name="[75]"></a>DFSDM1_FLT1_IRQHandler</STRONG> (Thumb, 0 bytes, Stack size 0 bytes, startup_stm32h747xx.o(.text))
<BR>[Address Reference Count : 1]<UL><LI> startup_stm32h747xx.o(RESET)
</UL>
<P><STRONG><a name="[76]"></a>DFSDM1_FLT2_IRQHandler</STRONG> (Thumb, 0 bytes, Stack size 0 bytes, startup_stm32h747xx.o(.text))
<BR>[Address Reference Count : 1]<UL><LI> startup_stm32h747xx.o(RESET)
</UL>
<P><STRONG><a name="[77]"></a>DFSDM1_FLT3_IRQHandler</STRONG> (Thumb, 0 bytes, Stack size 0 bytes, startup_stm32h747xx.o(.text))
<BR>[Address Reference Count : 1]<UL><LI> startup_stm32h747xx.o(RESET)
</UL>
<P><STRONG><a name="[15]"></a>DMA1_Stream0_IRQHandler</STRONG> (Thumb, 0 bytes, Stack size 0 bytes, startup_stm32h747xx.o(.text))
<BR>[Address Reference Count : 1]<UL><LI> startup_stm32h747xx.o(RESET)
</UL>
<P><STRONG><a name="[16]"></a>DMA1_Stream1_IRQHandler</STRONG> (Thumb, 0 bytes, Stack size 0 bytes, startup_stm32h747xx.o(.text))
<BR>[Address Reference Count : 1]<UL><LI> startup_stm32h747xx.o(RESET)
</UL>
<P><STRONG><a name="[17]"></a>DMA1_Stream2_IRQHandler</STRONG> (Thumb, 0 bytes, Stack size 0 bytes, startup_stm32h747xx.o(.text))
<BR>[Address Reference Count : 1]<UL><LI> startup_stm32h747xx.o(RESET)
</UL>
<P><STRONG><a name="[18]"></a>DMA1_Stream3_IRQHandler</STRONG> (Thumb, 0 bytes, Stack size 0 bytes, startup_stm32h747xx.o(.text))
<BR>[Address Reference Count : 1]<UL><LI> startup_stm32h747xx.o(RESET)
</UL>
<P><STRONG><a name="[19]"></a>DMA1_Stream4_IRQHandler</STRONG> (Thumb, 0 bytes, Stack size 0 bytes, startup_stm32h747xx.o(.text))
<BR>[Address Reference Count : 1]<UL><LI> startup_stm32h747xx.o(RESET)
</UL>
<P><STRONG><a name="[1a]"></a>DMA1_Stream5_IRQHandler</STRONG> (Thumb, 0 bytes, Stack size 0 bytes, startup_stm32h747xx.o(.text))
<BR>[Address Reference Count : 1]<UL><LI> startup_stm32h747xx.o(RESET)
</UL>
<P><STRONG><a name="[1b]"></a>DMA1_Stream6_IRQHandler</STRONG> (Thumb, 0 bytes, Stack size 0 bytes, startup_stm32h747xx.o(.text))
<BR>[Address Reference Count : 1]<UL><LI> startup_stm32h747xx.o(RESET)
</UL>
<P><STRONG><a name="[38]"></a>DMA1_Stream7_IRQHandler</STRONG> (Thumb, 0 bytes, Stack size 0 bytes, startup_stm32h747xx.o(.text))
<BR>[Address Reference Count : 1]<UL><LI> startup_stm32h747xx.o(RESET)
</UL>
<P><STRONG><a name="[60]"></a>DMA2D_IRQHandler</STRONG> (Thumb, 0 bytes, Stack size 0 bytes, startup_stm32h747xx.o(.text))
<BR>[Address Reference Count : 1]<UL><LI> startup_stm32h747xx.o(RESET)
</UL>
<P><STRONG><a name="[41]"></a>DMA2_Stream0_IRQHandler</STRONG> (Thumb, 0 bytes, Stack size 0 bytes, startup_stm32h747xx.o(.text))
<BR>[Address Reference Count : 1]<UL><LI> startup_stm32h747xx.o(RESET)
</UL>
<P><STRONG><a name="[42]"></a>DMA2_Stream1_IRQHandler</STRONG> (Thumb, 0 bytes, Stack size 0 bytes, startup_stm32h747xx.o(.text))
<BR>[Address Reference Count : 1]<UL><LI> startup_stm32h747xx.o(RESET)
</UL>
<P><STRONG><a name="[43]"></a>DMA2_Stream2_IRQHandler</STRONG> (Thumb, 0 bytes, Stack size 0 bytes, startup_stm32h747xx.o(.text))
<BR>[Address Reference Count : 1]<UL><LI> startup_stm32h747xx.o(RESET)
</UL>
<P><STRONG><a name="[44]"></a>DMA2_Stream3_IRQHandler</STRONG> (Thumb, 0 bytes, Stack size 0 bytes, startup_stm32h747xx.o(.text))
<BR>[Address Reference Count : 1]<UL><LI> startup_stm32h747xx.o(RESET)
</UL>
<P><STRONG><a name="[45]"></a>DMA2_Stream4_IRQHandler</STRONG> (Thumb, 0 bytes, Stack size 0 bytes, startup_stm32h747xx.o(.text))
<BR>[Address Reference Count : 1]<UL><LI> startup_stm32h747xx.o(RESET)
</UL>
<P><STRONG><a name="[4b]"></a>DMA2_Stream5_IRQHandler</STRONG> (Thumb, 0 bytes, Stack size 0 bytes, startup_stm32h747xx.o(.text))
<BR>[Address Reference Count : 1]<UL><LI> startup_stm32h747xx.o(RESET)
</UL>
<P><STRONG><a name="[4c]"></a>DMA2_Stream6_IRQHandler</STRONG> (Thumb, 0 bytes, Stack size 0 bytes, startup_stm32h747xx.o(.text))
<BR>[Address Reference Count : 1]<UL><LI> startup_stm32h747xx.o(RESET)
</UL>
<P><STRONG><a name="[4d]"></a>DMA2_Stream7_IRQHandler</STRONG> (Thumb, 0 bytes, Stack size 0 bytes, startup_stm32h747xx.o(.text))
<BR>[Address Reference Count : 1]<UL><LI> startup_stm32h747xx.o(RESET)
</UL>
<P><STRONG><a name="[6c]"></a>DMAMUX1_OVR_IRQHandler</STRONG> (Thumb, 0 bytes, Stack size 0 bytes, startup_stm32h747xx.o(.text))
<BR>[Address Reference Count : 1]<UL><LI> startup_stm32h747xx.o(RESET)
</UL>
<P><STRONG><a name="[86]"></a>DMAMUX2_OVR_IRQHandler</STRONG> (Thumb, 0 bytes, Stack size 0 bytes, startup_stm32h747xx.o(.text))
<BR>[Address Reference Count : 1]<UL><LI> startup_stm32h747xx.o(RESET)
</UL>
<P><STRONG><a name="[81]"></a>DSI_IRQHandler</STRONG> (Thumb, 0 bytes, Stack size 0 bytes, startup_stm32h747xx.o(.text))
<BR>[Address Reference Count : 1]<UL><LI> startup_stm32h747xx.o(RESET)
</UL>
<P><STRONG><a name="[97]"></a>ECC_IRQHandler</STRONG> (Thumb, 0 bytes, Stack size 0 bytes, startup_stm32h747xx.o(.text))
<BR>[Address Reference Count : 1]<UL><LI> startup_stm32h747xx.o(RESET)
</UL>
<P><STRONG><a name="[46]"></a>ETH_IRQHandler</STRONG> (Thumb, 0 bytes, Stack size 0 bytes, startup_stm32h747xx.o(.text))
<BR>[Address Reference Count : 1]<UL><LI> startup_stm32h747xx.o(RESET)
</UL>
<P><STRONG><a name="[47]"></a>ETH_WKUP_IRQHandler</STRONG> (Thumb, 0 bytes, Stack size 0 bytes, startup_stm32h747xx.o(.text))
<BR>[Address Reference Count : 1]<UL><LI> startup_stm32h747xx.o(RESET)
</UL>
<P><STRONG><a name="[10]"></a>EXTI0_IRQHandler</STRONG> (Thumb, 0 bytes, Stack size 0 bytes, startup_stm32h747xx.o(.text))
<BR>[Address Reference Count : 1]<UL><LI> startup_stm32h747xx.o(RESET)
</UL>
<P><STRONG><a name="[32]"></a>EXTI15_10_IRQHandler</STRONG> (Thumb, 0 bytes, Stack size 0 bytes, startup_stm32h747xx.o(.text))
<BR>[Address Reference Count : 1]<UL><LI> startup_stm32h747xx.o(RESET)
</UL>
<P><STRONG><a name="[11]"></a>EXTI1_IRQHandler</STRONG> (Thumb, 0 bytes, Stack size 0 bytes, startup_stm32h747xx.o(.text))
<BR>[Address Reference Count : 1]<UL><LI> startup_stm32h747xx.o(RESET)
</UL>
<P><STRONG><a name="[12]"></a>EXTI2_IRQHandler</STRONG> (Thumb, 0 bytes, Stack size 0 bytes, startup_stm32h747xx.o(.text))
<BR>[Address Reference Count : 1]<UL><LI> startup_stm32h747xx.o(RESET)
</UL>
<P><STRONG><a name="[13]"></a>EXTI3_IRQHandler</STRONG> (Thumb, 0 bytes, Stack size 0 bytes, startup_stm32h747xx.o(.text))
<BR>[Address Reference Count : 1]<UL><LI> startup_stm32h747xx.o(RESET)
</UL>
<P><STRONG><a name="[14]"></a>EXTI4_IRQHandler</STRONG> (Thumb, 0 bytes, Stack size 0 bytes, startup_stm32h747xx.o(.text))
<BR>[Address Reference Count : 1]<UL><LI> startup_stm32h747xx.o(RESET)
</UL>
<P><STRONG><a name="[21]"></a>EXTI9_5_IRQHandler</STRONG> (Thumb, 0 bytes, Stack size 0 bytes, startup_stm32h747xx.o(.text))
<BR>[Address Reference Count : 1]<UL><LI> startup_stm32h747xx.o(RESET)
</UL>
<P><STRONG><a name="[1d]"></a>FDCAN1_IT0_IRQHandler</STRONG> (Thumb, 0 bytes, Stack size 0 bytes, startup_stm32h747xx.o(.text))
<BR>[Address Reference Count : 1]<UL><LI> startup_stm32h747xx.o(RESET)
</UL>
<P><STRONG><a name="[1f]"></a>FDCAN1_IT1_IRQHandler</STRONG> (Thumb, 0 bytes, Stack size 0 bytes, startup_stm32h747xx.o(.text))
<BR>[Address Reference Count : 1]<UL><LI> startup_stm32h747xx.o(RESET)
</UL>
<P><STRONG><a name="[1e]"></a>FDCAN2_IT0_IRQHandler</STRONG> (Thumb, 0 bytes, Stack size 0 bytes, startup_stm32h747xx.o(.text))
<BR>[Address Reference Count : 1]<UL><LI> startup_stm32h747xx.o(RESET)
</UL>
<P><STRONG><a name="[20]"></a>FDCAN2_IT1_IRQHandler</STRONG> (Thumb, 0 bytes, Stack size 0 bytes, startup_stm32h747xx.o(.text))
<BR>[Address Reference Count : 1]<UL><LI> startup_stm32h747xx.o(RESET)
</UL>
<P><STRONG><a name="[48]"></a>FDCAN_CAL_IRQHandler</STRONG> (Thumb, 0 bytes, Stack size 0 bytes, startup_stm32h747xx.o(.text))
<BR>[Address Reference Count : 1]<UL><LI> startup_stm32h747xx.o(RESET)
</UL>
<P><STRONG><a name="[e]"></a>FLASH_IRQHandler</STRONG> (Thumb, 0 bytes, Stack size 0 bytes, startup_stm32h747xx.o(.text))
<BR>[Address Reference Count : 1]<UL><LI> startup_stm32h747xx.o(RESET)
</UL>
<P><STRONG><a name="[39]"></a>FMC_IRQHandler</STRONG> (Thumb, 0 bytes, Stack size 0 bytes, startup_stm32h747xx.o(.text))
<BR>[Address Reference Count : 1]<UL><LI> startup_stm32h747xx.o(RESET)
</UL>
<P><STRONG><a name="[57]"></a>FPU_IRQHandler</STRONG> (Thumb, 0 bytes, Stack size 0 bytes, startup_stm32h747xx.o(.text))
<BR>[Address Reference Count : 1]<UL><LI> startup_stm32h747xx.o(RESET)
</UL>
<P><STRONG><a name="[99]"></a>HOLD_CORE_IRQHandler</STRONG> (Thumb, 0 bytes, Stack size 0 bytes, startup_stm32h747xx.o(.text))
<BR>[Address Reference Count : 1]<UL><LI> startup_stm32h747xx.o(RESET)
</UL>
<P><STRONG><a name="[73]"></a>HRTIM1_FLT_IRQHandler</STRONG> (Thumb, 0 bytes, Stack size 0 bytes, startup_stm32h747xx.o(.text))
<BR>[Address Reference Count : 1]<UL><LI> startup_stm32h747xx.o(RESET)
</UL>
<P><STRONG><a name="[6d]"></a>HRTIM1_Master_IRQHandler</STRONG> (Thumb, 0 bytes, Stack size 0 bytes, startup_stm32h747xx.o(.text))
<BR>[Address Reference Count : 1]<UL><LI> startup_stm32h747xx.o(RESET)
</UL>
<P><STRONG><a name="[6e]"></a>HRTIM1_TIMA_IRQHandler</STRONG> (Thumb, 0 bytes, Stack size 0 bytes, startup_stm32h747xx.o(.text))
<BR>[Address Reference Count : 1]<UL><LI> startup_stm32h747xx.o(RESET)
</UL>
<P><STRONG><a name="[6f]"></a>HRTIM1_TIMB_IRQHandler</STRONG> (Thumb, 0 bytes, Stack size 0 bytes, startup_stm32h747xx.o(.text))
<BR>[Address Reference Count : 1]<UL><LI> startup_stm32h747xx.o(RESET)
</UL>
<P><STRONG><a name="[70]"></a>HRTIM1_TIMC_IRQHandler</STRONG> (Thumb, 0 bytes, Stack size 0 bytes, startup_stm32h747xx.o(.text))
<BR>[Address Reference Count : 1]<UL><LI> startup_stm32h747xx.o(RESET)
</UL>
<P><STRONG><a name="[71]"></a>HRTIM1_TIMD_IRQHandler</STRONG> (Thumb, 0 bytes, Stack size 0 bytes, startup_stm32h747xx.o(.text))
<BR>[Address Reference Count : 1]<UL><LI> startup_stm32h747xx.o(RESET)
</UL>
<P><STRONG><a name="[72]"></a>HRTIM1_TIME_IRQHandler</STRONG> (Thumb, 0 bytes, Stack size 0 bytes, startup_stm32h747xx.o(.text))
<BR>[Address Reference Count : 1]<UL><LI> startup_stm32h747xx.o(RESET)
</UL>
<P><STRONG><a name="[83]"></a>HSEM1_IRQHandler</STRONG> (Thumb, 0 bytes, Stack size 0 bytes, startup_stm32h747xx.o(.text))
<BR>[Address Reference Count : 1]<UL><LI> startup_stm32h747xx.o(RESET)
</UL>
<P><STRONG><a name="[84]"></a>HSEM2_IRQHandler</STRONG> (Thumb, 0 bytes, Stack size 0 bytes, startup_stm32h747xx.o(.text))
<BR>[Address Reference Count : 1]<UL><LI> startup_stm32h747xx.o(RESET)
</UL>
<P><STRONG><a name="[2a]"></a>I2C1_ER_IRQHandler</STRONG> (Thumb, 0 bytes, Stack size 0 bytes, startup_stm32h747xx.o(.text))
<BR>[Address Reference Count : 1]<UL><LI> startup_stm32h747xx.o(RESET)
</UL>
<P><STRONG><a name="[29]"></a>I2C1_EV_IRQHandler</STRONG> (Thumb, 0 bytes, Stack size 0 bytes, startup_stm32h747xx.o(.text))
<BR>[Address Reference Count : 1]<UL><LI> startup_stm32h747xx.o(RESET)
</UL>
<P><STRONG><a name="[2c]"></a>I2C2_ER_IRQHandler</STRONG> (Thumb, 0 bytes, Stack size 0 bytes, startup_stm32h747xx.o(.text))
<BR>[Address Reference Count : 1]<UL><LI> startup_stm32h747xx.o(RESET)
</UL>
<P><STRONG><a name="[2b]"></a>I2C2_EV_IRQHandler</STRONG> (Thumb, 0 bytes, Stack size 0 bytes, startup_stm32h747xx.o(.text))
<BR>[Address Reference Count : 1]<UL><LI> startup_stm32h747xx.o(RESET)
</UL>
<P><STRONG><a name="[50]"></a>I2C3_ER_IRQHandler</STRONG> (Thumb, 0 bytes, Stack size 0 bytes, startup_stm32h747xx.o(.text))
<BR>[Address Reference Count : 1]<UL><LI> startup_stm32h747xx.o(RESET)
</UL>
<P><STRONG><a name="[4f]"></a>I2C3_EV_IRQHandler</STRONG> (Thumb, 0 bytes, Stack size 0 bytes, startup_stm32h747xx.o(.text))
<BR>[Address Reference Count : 1]<UL><LI> startup_stm32h747xx.o(RESET)
</UL>
<P><STRONG><a name="[66]"></a>I2C4_ER_IRQHandler</STRONG> (Thumb, 0 bytes, Stack size 0 bytes, startup_stm32h747xx.o(.text))
<BR>[Address Reference Count : 1]<UL><LI> startup_stm32h747xx.o(RESET)
</UL>
<P><STRONG><a name="[65]"></a>I2C4_EV_IRQHandler</STRONG> (Thumb, 0 bytes, Stack size 0 bytes, startup_stm32h747xx.o(.text))
<BR>[Address Reference Count : 1]<UL><LI> startup_stm32h747xx.o(RESET)
</UL>
<P><STRONG><a name="[7f]"></a>JPEG_IRQHandler</STRONG> (Thumb, 0 bytes, Stack size 0 bytes, startup_stm32h747xx.o(.text))
<BR>[Address Reference Count : 1]<UL><LI> startup_stm32h747xx.o(RESET)
</UL>
<P><STRONG><a name="[63]"></a>LPTIM1_IRQHandler</STRONG> (Thumb, 0 bytes, Stack size 0 bytes, startup_stm32h747xx.o(.text))
<BR>[Address Reference Count : 1]<UL><LI> startup_stm32h747xx.o(RESET)
</UL>
<P><STRONG><a name="[90]"></a>LPTIM2_IRQHandler</STRONG> (Thumb, 0 bytes, Stack size 0 bytes, startup_stm32h747xx.o(.text))
<BR>[Address Reference Count : 1]<UL><LI> startup_stm32h747xx.o(RESET)
</UL>
<P><STRONG><a name="[91]"></a>LPTIM3_IRQHandler</STRONG> (Thumb, 0 bytes, Stack size 0 bytes, startup_stm32h747xx.o(.text))
<BR>[Address Reference Count : 1]<UL><LI> startup_stm32h747xx.o(RESET)
</UL>
<P><STRONG><a name="[92]"></a>LPTIM4_IRQHandler</STRONG> (Thumb, 0 bytes, Stack size 0 bytes, startup_stm32h747xx.o(.text))
<BR>[Address Reference Count : 1]<UL><LI> startup_stm32h747xx.o(RESET)
</UL>
<P><STRONG><a name="[93]"></a>LPTIM5_IRQHandler</STRONG> (Thumb, 0 bytes, Stack size 0 bytes, startup_stm32h747xx.o(.text))
<BR>[Address Reference Count : 1]<UL><LI> startup_stm32h747xx.o(RESET)
</UL>
<P><STRONG><a name="[94]"></a>LPUART1_IRQHandler</STRONG> (Thumb, 0 bytes, Stack size 0 bytes, startup_stm32h747xx.o(.text))
<BR>[Address Reference Count : 1]<UL><LI> startup_stm32h747xx.o(RESET)
</UL>
<P><STRONG><a name="[5f]"></a>LTDC_ER_IRQHandler</STRONG> (Thumb, 0 bytes, Stack size 0 bytes, startup_stm32h747xx.o(.text))
<BR>[Address Reference Count : 1]<UL><LI> startup_stm32h747xx.o(RESET)
</UL>
<P><STRONG><a name="[5e]"></a>LTDC_IRQHandler</STRONG> (Thumb, 0 bytes, Stack size 0 bytes, startup_stm32h747xx.o(.text))
<BR>[Address Reference Count : 1]<UL><LI> startup_stm32h747xx.o(RESET)
</UL>
<P><STRONG><a name="[7e]"></a>MDIOS_IRQHandler</STRONG> (Thumb, 0 bytes, Stack size 0 bytes, startup_stm32h747xx.o(.text))
<BR>[Address Reference Count : 1]<UL><LI> startup_stm32h747xx.o(RESET)
</UL>
<P><STRONG><a name="[7d]"></a>MDIOS_WKUP_IRQHandler</STRONG> (Thumb, 0 bytes, Stack size 0 bytes, startup_stm32h747xx.o(.text))
<BR>[Address Reference Count : 1]<UL><LI> startup_stm32h747xx.o(RESET)
</UL>
<P><STRONG><a name="[80]"></a>MDMA_IRQHandler</STRONG> (Thumb, 0 bytes, Stack size 0 bytes, startup_stm32h747xx.o(.text))
<BR>[Address Reference Count : 1]<UL><LI> startup_stm32h747xx.o(RESET)
</UL>
<P><STRONG><a name="[69]"></a>OTG_FS_EP1_IN_IRQHandler</STRONG> (Thumb, 0 bytes, Stack size 0 bytes, startup_stm32h747xx.o(.text))
<BR>[Address Reference Count : 1]<UL><LI> startup_stm32h747xx.o(RESET)
</UL>
<P><STRONG><a name="[68]"></a>OTG_FS_EP1_OUT_IRQHandler</STRONG> (Thumb, 0 bytes, Stack size 0 bytes, startup_stm32h747xx.o(.text))
<BR>[Address Reference Count : 1]<UL><LI> startup_stm32h747xx.o(RESET)
</UL>
<P><STRONG><a name="[6b]"></a>OTG_FS_IRQHandler</STRONG> (Thumb, 0 bytes, Stack size 0 bytes, startup_stm32h747xx.o(.text))
<BR>[Address Reference Count : 1]<UL><LI> startup_stm32h747xx.o(RESET)
</UL>
<P><STRONG><a name="[6a]"></a>OTG_FS_WKUP_IRQHandler</STRONG> (Thumb, 0 bytes, Stack size 0 bytes, startup_stm32h747xx.o(.text))
<BR>[Address Reference Count : 1]<UL><LI> startup_stm32h747xx.o(RESET)
</UL>
<P><STRONG><a name="[52]"></a>OTG_HS_EP1_IN_IRQHandler</STRONG> (Thumb, 0 bytes, Stack size 0 bytes, startup_stm32h747xx.o(.text))
<BR>[Address Reference Count : 1]<UL><LI> startup_stm32h747xx.o(RESET)
</UL>
<P><STRONG><a name="[51]"></a>OTG_HS_EP1_OUT_IRQHandler</STRONG> (Thumb, 0 bytes, Stack size 0 bytes, startup_stm32h747xx.o(.text))
<BR>[Address Reference Count : 1]<UL><LI> startup_stm32h747xx.o(RESET)
</UL>
<P><STRONG><a name="[54]"></a>OTG_HS_IRQHandler</STRONG> (Thumb, 0 bytes, Stack size 0 bytes, startup_stm32h747xx.o(.text))
<BR>[Address Reference Count : 1]<UL><LI> startup_stm32h747xx.o(RESET)
</UL>
<P><STRONG><a name="[53]"></a>OTG_HS_WKUP_IRQHandler</STRONG> (Thumb, 0 bytes, Stack size 0 bytes, startup_stm32h747xx.o(.text))
<BR>[Address Reference Count : 1]<UL><LI> startup_stm32h747xx.o(RESET)
</UL>
<P><STRONG><a name="[b]"></a>PVD_AVD_IRQHandler</STRONG> (Thumb, 0 bytes, Stack size 0 bytes, startup_stm32h747xx.o(.text))
<BR>[Address Reference Count : 1]<UL><LI> startup_stm32h747xx.o(RESET)
</UL>
<P><STRONG><a name="[62]"></a>QUADSPI_IRQHandler</STRONG> (Thumb, 0 bytes, Stack size 0 bytes, startup_stm32h747xx.o(.text))
<BR>[Address Reference Count : 1]<UL><LI> startup_stm32h747xx.o(RESET)
</UL>
<P><STRONG><a name="[f]"></a>RCC_IRQHandler</STRONG> (Thumb, 0 bytes, Stack size 0 bytes, startup_stm32h747xx.o(.text))
<BR>[Address Reference Count : 1]<UL><LI> startup_stm32h747xx.o(RESET)
</UL>
<P><STRONG><a name="[56]"></a>RNG_IRQHandler</STRONG> (Thumb, 0 bytes, Stack size 0 bytes, startup_stm32h747xx.o(.text))
<BR>[Address Reference Count : 1]<UL><LI> startup_stm32h747xx.o(RESET)
</UL>
<P><STRONG><a name="[33]"></a>RTC_Alarm_IRQHandler</STRONG> (Thumb, 0 bytes, Stack size 0 bytes, startup_stm32h747xx.o(.text))
<BR>[Address Reference Count : 1]<UL><LI> startup_stm32h747xx.o(RESET)
</UL>
<P><STRONG><a name="[d]"></a>RTC_WKUP_IRQHandler</STRONG> (Thumb, 0 bytes, Stack size 0 bytes, startup_stm32h747xx.o(.text))
<BR>[Address Reference Count : 1]<UL><LI> startup_stm32h747xx.o(RESET)
</UL>
<P><STRONG><a name="[5d]"></a>SAI1_IRQHandler</STRONG> (Thumb, 0 bytes, Stack size 0 bytes, startup_stm32h747xx.o(.text))
<BR>[Address Reference Count : 1]<UL><LI> startup_stm32h747xx.o(RESET)
</UL>
<P><STRONG><a name="[61]"></a>SAI2_IRQHandler</STRONG> (Thumb, 0 bytes, Stack size 0 bytes, startup_stm32h747xx.o(.text))
<BR>[Address Reference Count : 1]<UL><LI> startup_stm32h747xx.o(RESET)
</UL>
<P><STRONG><a name="[78]"></a>SAI3_IRQHandler</STRONG> (Thumb, 0 bytes, Stack size 0 bytes, startup_stm32h747xx.o(.text))
<BR>[Address Reference Count : 1]<UL><LI> startup_stm32h747xx.o(RESET)
</UL>
<P><STRONG><a name="[98]"></a>SAI4_IRQHandler</STRONG> (Thumb, 0 bytes, Stack size 0 bytes, startup_stm32h747xx.o(.text))
<BR>[Address Reference Count : 1]<UL><LI> startup_stm32h747xx.o(RESET)
</UL>
<P><STRONG><a name="[3a]"></a>SDMMC1_IRQHandler</STRONG> (Thumb, 0 bytes, Stack size 0 bytes, startup_stm32h747xx.o(.text))
<BR>[Address Reference Count : 1]<UL><LI> startup_stm32h747xx.o(RESET)
</UL>
<P><STRONG><a name="[82]"></a>SDMMC2_IRQHandler</STRONG> (Thumb, 0 bytes, Stack size 0 bytes, startup_stm32h747xx.o(.text))
<BR>[Address Reference Count : 1]<UL><LI> startup_stm32h747xx.o(RESET)
</UL>
<P><STRONG><a name="[67]"></a>SPDIF_RX_IRQHandler</STRONG> (Thumb, 0 bytes, Stack size 0 bytes, startup_stm32h747xx.o(.text))
<BR>[Address Reference Count : 1]<UL><LI> startup_stm32h747xx.o(RESET)
</UL>
<P><STRONG><a name="[2d]"></a>SPI1_IRQHandler</STRONG> (Thumb, 0 bytes, Stack size 0 bytes, startup_stm32h747xx.o(.text))
<BR>[Address Reference Count : 1]<UL><LI> startup_stm32h747xx.o(RESET)
</UL>
<P><STRONG><a name="[2e]"></a>SPI2_IRQHandler</STRONG> (Thumb, 0 bytes, Stack size 0 bytes, startup_stm32h747xx.o(.text))
<BR>[Address Reference Count : 1]<UL><LI> startup_stm32h747xx.o(RESET)
</UL>
<P><STRONG><a name="[3c]"></a>SPI3_IRQHandler</STRONG> (Thumb, 0 bytes, Stack size 0 bytes, startup_stm32h747xx.o(.text))
<BR>[Address Reference Count : 1]<UL><LI> startup_stm32h747xx.o(RESET)
</UL>
<P><STRONG><a name="[5a]"></a>SPI4_IRQHandler</STRONG> (Thumb, 0 bytes, Stack size 0 bytes, startup_stm32h747xx.o(.text))
<BR>[Address Reference Count : 1]<UL><LI> startup_stm32h747xx.o(RESET)
</UL>
<P><STRONG><a name="[5b]"></a>SPI5_IRQHandler</STRONG> (Thumb, 0 bytes, Stack size 0 bytes, startup_stm32h747xx.o(.text))
<BR>[Address Reference Count : 1]<UL><LI> startup_stm32h747xx.o(RESET)
</UL>
<P><STRONG><a name="[5c]"></a>SPI6_IRQHandler</STRONG> (Thumb, 0 bytes, Stack size 0 bytes, startup_stm32h747xx.o(.text))
<BR>[Address Reference Count : 1]<UL><LI> startup_stm32h747xx.o(RESET)
</UL>
<P><STRONG><a name="[79]"></a>SWPMI1_IRQHandler</STRONG> (Thumb, 0 bytes, Stack size 0 bytes, startup_stm32h747xx.o(.text))
<BR>[Address Reference Count : 1]<UL><LI> startup_stm32h747xx.o(RESET)
</UL>
<P><STRONG><a name="[c]"></a>TAMP_STAMP_IRQHandler</STRONG> (Thumb, 0 bytes, Stack size 0 bytes, startup_stm32h747xx.o(.text))
<BR>[Address Reference Count : 1]<UL><LI> startup_stm32h747xx.o(RESET)
</UL>
<P><STRONG><a name="[7a]"></a>TIM15_IRQHandler</STRONG> (Thumb, 0 bytes, Stack size 0 bytes, startup_stm32h747xx.o(.text))
<BR>[Address Reference Count : 1]<UL><LI> startup_stm32h747xx.o(RESET)
</UL>
<P><STRONG><a name="[7b]"></a>TIM16_IRQHandler</STRONG> (Thumb, 0 bytes, Stack size 0 bytes, startup_stm32h747xx.o(.text))
<BR>[Address Reference Count : 1]<UL><LI> startup_stm32h747xx.o(RESET)
</UL>
<P><STRONG><a name="[7c]"></a>TIM17_IRQHandler</STRONG> (Thumb, 0 bytes, Stack size 0 bytes, startup_stm32h747xx.o(.text))
<BR>[Address Reference Count : 1]<UL><LI> startup_stm32h747xx.o(RESET)
</UL>
<P><STRONG><a name="[22]"></a>TIM1_BRK_IRQHandler</STRONG> (Thumb, 0 bytes, Stack size 0 bytes, startup_stm32h747xx.o(.text))
<BR>[Address Reference Count : 1]<UL><LI> startup_stm32h747xx.o(RESET)
</UL>
<P><STRONG><a name="[25]"></a>TIM1_CC_IRQHandler</STRONG> (Thumb, 0 bytes, Stack size 0 bytes, startup_stm32h747xx.o(.text))
<BR>[Address Reference Count : 1]<UL><LI> startup_stm32h747xx.o(RESET)
</UL>
<P><STRONG><a name="[24]"></a>TIM1_TRG_COM_IRQHandler</STRONG> (Thumb, 0 bytes, Stack size 0 bytes, startup_stm32h747xx.o(.text))
<BR>[Address Reference Count : 1]<UL><LI> startup_stm32h747xx.o(RESET)
</UL>
<P><STRONG><a name="[23]"></a>TIM1_UP_IRQHandler</STRONG> (Thumb, 0 bytes, Stack size 0 bytes, startup_stm32h747xx.o(.text))
<BR>[Address Reference Count : 1]<UL><LI> startup_stm32h747xx.o(RESET)
</UL>
<P><STRONG><a name="[26]"></a>TIM2_IRQHandler</STRONG> (Thumb, 0 bytes, Stack size 0 bytes, startup_stm32h747xx.o(.text))
<BR>[Address Reference Count : 1]<UL><LI> startup_stm32h747xx.o(RESET)
</UL>
<P><STRONG><a name="[27]"></a>TIM3_IRQHandler</STRONG> (Thumb, 0 bytes, Stack size 0 bytes, startup_stm32h747xx.o(.text))
<BR>[Address Reference Count : 1]<UL><LI> startup_stm32h747xx.o(RESET)
</UL>
<P><STRONG><a name="[28]"></a>TIM4_IRQHandler</STRONG> (Thumb, 0 bytes, Stack size 0 bytes, startup_stm32h747xx.o(.text))
<BR>[Address Reference Count : 1]<UL><LI> startup_stm32h747xx.o(RESET)
</UL>
<P><STRONG><a name="[3b]"></a>TIM5_IRQHandler</STRONG> (Thumb, 0 bytes, Stack size 0 bytes, startup_stm32h747xx.o(.text))
<BR>[Address Reference Count : 1]<UL><LI> startup_stm32h747xx.o(RESET)
</UL>
<P><STRONG><a name="[3f]"></a>TIM6_DAC_IRQHandler</STRONG> (Thumb, 0 bytes, Stack size 0 bytes, startup_stm32h747xx.o(.text))
<BR>[Address Reference Count : 1]<UL><LI> startup_stm32h747xx.o(RESET)
</UL>
<P><STRONG><a name="[40]"></a>TIM7_IRQHandler</STRONG> (Thumb, 0 bytes, Stack size 0 bytes, startup_stm32h747xx.o(.text))
<BR>[Address Reference Count : 1]<UL><LI> startup_stm32h747xx.o(RESET)
</UL>
<P><STRONG><a name="[34]"></a>TIM8_BRK_TIM12_IRQHandler</STRONG> (Thumb, 0 bytes, Stack size 0 bytes, startup_stm32h747xx.o(.text))
<BR>[Address Reference Count : 1]<UL><LI> startup_stm32h747xx.o(RESET)
</UL>
<P><STRONG><a name="[37]"></a>TIM8_CC_IRQHandler</STRONG> (Thumb, 0 bytes, Stack size 0 bytes, startup_stm32h747xx.o(.text))
<BR>[Address Reference Count : 1]<UL><LI> startup_stm32h747xx.o(RESET)
</UL>
<P><STRONG><a name="[36]"></a>TIM8_TRG_COM_TIM14_IRQHandler</STRONG> (Thumb, 0 bytes, Stack size 0 bytes, startup_stm32h747xx.o(.text))
<BR>[Address Reference Count : 1]<UL><LI> startup_stm32h747xx.o(RESET)
</UL>
<P><STRONG><a name="[35]"></a>TIM8_UP_TIM13_IRQHandler</STRONG> (Thumb, 0 bytes, Stack size 0 bytes, startup_stm32h747xx.o(.text))
<BR>[Address Reference Count : 1]<UL><LI> startup_stm32h747xx.o(RESET)
</UL>
<P><STRONG><a name="[3d]"></a>UART4_IRQHandler</STRONG> (Thumb, 0 bytes, Stack size 0 bytes, startup_stm32h747xx.o(.text))
<BR>[Address Reference Count : 1]<UL><LI> startup_stm32h747xx.o(RESET)
</UL>
<P><STRONG><a name="[3e]"></a>UART5_IRQHandler</STRONG> (Thumb, 0 bytes, Stack size 0 bytes, startup_stm32h747xx.o(.text))
<BR>[Address Reference Count : 1]<UL><LI> startup_stm32h747xx.o(RESET)
</UL>
<P><STRONG><a name="[58]"></a>UART7_IRQHandler</STRONG> (Thumb, 0 bytes, Stack size 0 bytes, startup_stm32h747xx.o(.text))
<BR>[Address Reference Count : 1]<UL><LI> startup_stm32h747xx.o(RESET)
</UL>
<P><STRONG><a name="[59]"></a>UART8_IRQHandler</STRONG> (Thumb, 0 bytes, Stack size 0 bytes, startup_stm32h747xx.o(.text))
<BR>[Address Reference Count : 1]<UL><LI> startup_stm32h747xx.o(RESET)
</UL>
<P><STRONG><a name="[2f]"></a>USART1_IRQHandler</STRONG> (Thumb, 0 bytes, Stack size 0 bytes, startup_stm32h747xx.o(.text))
<BR>[Address Reference Count : 1]<UL><LI> startup_stm32h747xx.o(RESET)
</UL>
<P><STRONG><a name="[30]"></a>USART2_IRQHandler</STRONG> (Thumb, 0 bytes, Stack size 0 bytes, startup_stm32h747xx.o(.text))
<BR>[Address Reference Count : 1]<UL><LI> startup_stm32h747xx.o(RESET)
</UL>
<P><STRONG><a name="[31]"></a>USART3_IRQHandler</STRONG> (Thumb, 0 bytes, Stack size 0 bytes, startup_stm32h747xx.o(.text))
<BR>[Address Reference Count : 1]<UL><LI> startup_stm32h747xx.o(RESET)
</UL>
<P><STRONG><a name="[4e]"></a>USART6_IRQHandler</STRONG> (Thumb, 0 bytes, Stack size 0 bytes, startup_stm32h747xx.o(.text))
<BR>[Address Reference Count : 1]<UL><LI> startup_stm32h747xx.o(RESET)
</UL>
<P><STRONG><a name="[9a]"></a>WAKEUP_PIN_IRQHandler</STRONG> (Thumb, 0 bytes, Stack size 0 bytes, startup_stm32h747xx.o(.text))
<BR>[Address Reference Count : 1]<UL><LI> startup_stm32h747xx.o(RESET)
</UL>
<P><STRONG><a name="[a]"></a>WWDG_IRQHandler</STRONG> (Thumb, 0 bytes, Stack size 0 bytes, startup_stm32h747xx.o(.text))
<BR>[Address Reference Count : 1]<UL><LI> startup_stm32h747xx.o(RESET)
</UL>
<P><STRONG><a name="[95]"></a>WWDG_RST_IRQHandler</STRONG> (Thumb, 0 bytes, Stack size 0 bytes, startup_stm32h747xx.o(.text))
<BR>[Address Reference Count : 1]<UL><LI> startup_stm32h747xx.o(RESET)
</UL>
<P><STRONG><a name="[b0]"></a>__user_initial_stackheap</STRONG> (Thumb, 0 bytes, Stack size unknown bytes, startup_stm32h747xx.o(.text))
<BR><BR>[Called By]<UL><LI><a href="#[a5]">&gt;&gt;</a>&nbsp;&nbsp;&nbsp;__user_setup_stackheap
</UL>

<P><STRONG><a name="[10d]"></a>__use_two_region_memory</STRONG> (Thumb, 2 bytes, Stack size 0 bytes, heapauxi.o(.text), UNUSED)

<P><STRONG><a name="[10e]"></a>__rt_heap_escrow$2region</STRONG> (Thumb, 2 bytes, Stack size 0 bytes, heapauxi.o(.text), UNUSED)

<P><STRONG><a name="[10f]"></a>__rt_heap_expand$2region</STRONG> (Thumb, 2 bytes, Stack size 0 bytes, heapauxi.o(.text), UNUSED)

<P><STRONG><a name="[a5]"></a>__user_setup_stackheap</STRONG> (Thumb, 74 bytes, Stack size 8 bytes, sys_stackheap_outer.o(.text))
<BR><BR>[Stack]<UL><LI>Max Depth = 8 + Unknown Stack Size
<LI>Call Chain = __user_setup_stackheap
</UL>
<BR>[Calls]<UL><LI><a href="#[af]">&gt;&gt;</a>&nbsp;&nbsp;&nbsp;__user_perproc_libspace
<LI><a href="#[b0]">&gt;&gt;</a>&nbsp;&nbsp;&nbsp;__user_initial_stackheap
</UL>
<BR>[Called By]<UL><LI><a href="#[a4]">&gt;&gt;</a>&nbsp;&nbsp;&nbsp;__rt_entry_sh
</UL>

<P><STRONG><a name="[aa]"></a>exit</STRONG> (Thumb, 18 bytes, Stack size 8 bytes, exit.o(.text))
<BR><BR>[Stack]<UL><LI>Max Depth = 8 + Unknown Stack Size
<LI>Call Chain = exit
</UL>
<BR>[Calls]<UL><LI><a href="#[b1]">&gt;&gt;</a>&nbsp;&nbsp;&nbsp;__rt_exit
</UL>
<BR>[Called By]<UL><LI><a href="#[a8]">&gt;&gt;</a>&nbsp;&nbsp;&nbsp;__rt_entry_main
</UL>

<P><STRONG><a name="[110]"></a>__user_libspace</STRONG> (Thumb, 8 bytes, Stack size 0 bytes, libspace.o(.text), UNUSED)

<P><STRONG><a name="[af]"></a>__user_perproc_libspace</STRONG> (Thumb, 0 bytes, Stack size 0 bytes, libspace.o(.text))
<BR><BR>[Called By]<UL><LI><a href="#[a5]">&gt;&gt;</a>&nbsp;&nbsp;&nbsp;__user_setup_stackheap
</UL>

<P><STRONG><a name="[111]"></a>__user_perthread_libspace</STRONG> (Thumb, 0 bytes, Stack size 0 bytes, libspace.o(.text), UNUSED)

<P><STRONG><a name="[ae]"></a>_sys_exit</STRONG> (Thumb, 8 bytes, Stack size 0 bytes, sys_exit.o(.text))
<BR><BR>[Called By]<UL><LI><a href="#[ad]">&gt;&gt;</a>&nbsp;&nbsp;&nbsp;__rt_exit_exit
</UL>

<P><STRONG><a name="[112]"></a>__I$use$semihosting</STRONG> (Thumb, 0 bytes, Stack size 0 bytes, use_no_semi.o(.text), UNUSED)

<P><STRONG><a name="[113]"></a>__use_no_semihosting_swi</STRONG> (Thumb, 2 bytes, Stack size 0 bytes, use_no_semi.o(.text), UNUSED)

<P><STRONG><a name="[114]"></a>__semihosting_library_function</STRONG> (Thumb, 0 bytes, Stack size unknown bytes, indicate_semi.o(.text), UNUSED)

<P><STRONG><a name="[9b]"></a>ExitRun0Mode</STRONG> (Thumb, 2 bytes, Stack size 0 bytes, system_stm32h7xx_dualcore_boot_cm4_cm7.o(.text.ExitRun0Mode))
<BR>[Address Reference Count : 1]<UL><LI> startup_stm32h747xx.o(.text)
</UL>
<P><STRONG><a name="[b2]"></a>GPIO_Init</STRONG> (Thumb, 148 bytes, Stack size 64 bytes, clock_system.o(.text.GPIO_Init))
<BR><BR>[Stack]<UL><LI>Max Depth = 108<LI>Call Chain = GPIO_Init &rArr; LL_GPIO_Init &rArr; LL_GPIO_SetPinMode
</UL>
<BR>[Calls]<UL><LI><a href="#[b5]">&gt;&gt;</a>&nbsp;&nbsp;&nbsp;LL_GPIO_SetOutputPin
<LI><a href="#[b3]">&gt;&gt;</a>&nbsp;&nbsp;&nbsp;LL_AHB4_GRP1_EnableClock
<LI><a href="#[b4]">&gt;&gt;</a>&nbsp;&nbsp;&nbsp;LL_GPIO_Init
</UL>
<BR>[Called By]<UL><LI><a href="#[a9]">&gt;&gt;</a>&nbsp;&nbsp;&nbsp;main
</UL>

<P><STRONG><a name="[e6]"></a>GetTick</STRONG> (Thumb, 12 bytes, Stack size 0 bytes, clock_system.o(.text.GetTick))
<BR><BR>[Called By]<UL><LI><a href="#[a9]">&gt;&gt;</a>&nbsp;&nbsp;&nbsp;main
</UL>

<P><STRONG><a name="[be]"></a>HAL_IncTick</STRONG> (Thumb, 16 bytes, Stack size 0 bytes, clock_system.o(.text.HAL_IncTick))
<BR><BR>[Called By]<UL><LI><a href="#[9]">&gt;&gt;</a>&nbsp;&nbsp;&nbsp;SysTick_Handler
</UL>

<P><STRONG><a name="[b4]"></a>LL_GPIO_Init</STRONG> (Thumb, 220 bytes, Stack size 32 bytes, stm32h7xx_ll_gpio.o(.text.LL_GPIO_Init))
<BR><BR>[Stack]<UL><LI>Max Depth = 44<LI>Call Chain = LL_GPIO_Init &rArr; LL_GPIO_SetPinMode
</UL>
<BR>[Calls]<UL><LI><a href="#[bb]">&gt;&gt;</a>&nbsp;&nbsp;&nbsp;LL_GPIO_SetPinMode
<LI><a href="#[ba]">&gt;&gt;</a>&nbsp;&nbsp;&nbsp;LL_GPIO_SetAFPin_8_15
<LI><a href="#[b9]">&gt;&gt;</a>&nbsp;&nbsp;&nbsp;LL_GPIO_SetAFPin_0_7
<LI><a href="#[b8]">&gt;&gt;</a>&nbsp;&nbsp;&nbsp;LL_GPIO_SetPinPull
<LI><a href="#[b7]">&gt;&gt;</a>&nbsp;&nbsp;&nbsp;LL_GPIO_SetPinOutputType
<LI><a href="#[b6]">&gt;&gt;</a>&nbsp;&nbsp;&nbsp;LL_GPIO_SetPinSpeed
</UL>
<BR>[Called By]<UL><LI><a href="#[b2]">&gt;&gt;</a>&nbsp;&nbsp;&nbsp;GPIO_Init
</UL>

<P><STRONG><a name="[bc]"></a>LL_Init1msTick</STRONG> (Thumb, 20 bytes, Stack size 16 bytes, stm32h7xx_ll_utils.o(.text.LL_Init1msTick))
<BR><BR>[Stack]<UL><LI>Max Depth = 24<LI>Call Chain = LL_Init1msTick &rArr; LL_InitTick
</UL>
<BR>[Calls]<UL><LI><a href="#[bd]">&gt;&gt;</a>&nbsp;&nbsp;&nbsp;LL_InitTick
</UL>
<BR>[Called By]<UL><LI><a href="#[bf]">&gt;&gt;</a>&nbsp;&nbsp;&nbsp;SystemClock_Init
</UL>

<P><STRONG><a name="[dc]"></a>LL_SetSystemCoreClock</STRONG> (Thumb, 20 bytes, Stack size 4 bytes, stm32h7xx_ll_utils.o(.text.LL_SetSystemCoreClock))
<BR><BR>[Stack]<UL><LI>Max Depth = 4<LI>Call Chain = LL_SetSystemCoreClock
</UL>
<BR>[Called By]<UL><LI><a href="#[bf]">&gt;&gt;</a>&nbsp;&nbsp;&nbsp;SystemClock_Init
</UL>

<P><STRONG><a name="[9]"></a>SysTick_Handler</STRONG> (Thumb, 8 bytes, Stack size 8 bytes, clock_system.o(.text.SysTick_Handler))
<BR><BR>[Stack]<UL><LI>Max Depth = 8<LI>Call Chain = SysTick_Handler
</UL>
<BR>[Calls]<UL><LI><a href="#[be]">&gt;&gt;</a>&nbsp;&nbsp;&nbsp;HAL_IncTick
</UL>
<BR>[Address Reference Count : 1]<UL><LI> startup_stm32h747xx.o(RESET)
</UL>
<P><STRONG><a name="[bf]"></a>SystemClock_Init</STRONG> (Thumb, 290 bytes, Stack size 24 bytes, clock_system.o(.text.SystemClock_Init))
<BR><BR>[Stack]<UL><LI>Max Depth = 48<LI>Call Chain = SystemClock_Init &rArr; LL_Init1msTick &rArr; LL_InitTick
</UL>
<BR>[Calls]<UL><LI><a href="#[e2]">&gt;&gt;</a>&nbsp;&nbsp;&nbsp;LL_CRS_SetHSI48SmoothTrimming
<LI><a href="#[e1]">&gt;&gt;</a>&nbsp;&nbsp;&nbsp;LL_CRS_SetFreqErrorLimit
<LI><a href="#[e0]">&gt;&gt;</a>&nbsp;&nbsp;&nbsp;LL_CRS_SetReloadCounter
<LI><a href="#[df]">&gt;&gt;</a>&nbsp;&nbsp;&nbsp;LL_CRS_SetSyncSignalSource
<LI><a href="#[de]">&gt;&gt;</a>&nbsp;&nbsp;&nbsp;LL_CRS_SetSyncPolarity
<LI><a href="#[dd]">&gt;&gt;</a>&nbsp;&nbsp;&nbsp;LL_CRS_SetSyncDivider
<LI><a href="#[db]">&gt;&gt;</a>&nbsp;&nbsp;&nbsp;LL_RCC_SetAPB4Prescaler
<LI><a href="#[da]">&gt;&gt;</a>&nbsp;&nbsp;&nbsp;LL_RCC_SetAPB3Prescaler
<LI><a href="#[d9]">&gt;&gt;</a>&nbsp;&nbsp;&nbsp;LL_RCC_SetAPB2Prescaler
<LI><a href="#[d8]">&gt;&gt;</a>&nbsp;&nbsp;&nbsp;LL_RCC_SetAPB1Prescaler
<LI><a href="#[d7]">&gt;&gt;</a>&nbsp;&nbsp;&nbsp;LL_RCC_SetSysPrescaler
<LI><a href="#[d6]">&gt;&gt;</a>&nbsp;&nbsp;&nbsp;LL_RCC_GetSysClkSource
<LI><a href="#[d5]">&gt;&gt;</a>&nbsp;&nbsp;&nbsp;LL_RCC_SetSysClkSource
<LI><a href="#[d4]">&gt;&gt;</a>&nbsp;&nbsp;&nbsp;LL_RCC_SetAHBPrescaler
<LI><a href="#[d3]">&gt;&gt;</a>&nbsp;&nbsp;&nbsp;LL_RCC_PLL1_IsReady
<LI><a href="#[d2]">&gt;&gt;</a>&nbsp;&nbsp;&nbsp;LL_RCC_PLL1_Enable
<LI><a href="#[d1]">&gt;&gt;</a>&nbsp;&nbsp;&nbsp;LL_RCC_PLL1_SetR
<LI><a href="#[d0]">&gt;&gt;</a>&nbsp;&nbsp;&nbsp;LL_RCC_PLL1_SetQ
<LI><a href="#[cf]">&gt;&gt;</a>&nbsp;&nbsp;&nbsp;LL_RCC_PLL1_SetP
<LI><a href="#[ce]">&gt;&gt;</a>&nbsp;&nbsp;&nbsp;LL_RCC_PLL1_SetN
<LI><a href="#[cd]">&gt;&gt;</a>&nbsp;&nbsp;&nbsp;LL_RCC_PLL1_SetM
<LI><a href="#[cc]">&gt;&gt;</a>&nbsp;&nbsp;&nbsp;LL_RCC_PLL1_SetVCOOutputRange
<LI><a href="#[cb]">&gt;&gt;</a>&nbsp;&nbsp;&nbsp;LL_RCC_PLL1_SetVCOInputRange
<LI><a href="#[ca]">&gt;&gt;</a>&nbsp;&nbsp;&nbsp;LL_RCC_PLL1P_Enable
<LI><a href="#[c9]">&gt;&gt;</a>&nbsp;&nbsp;&nbsp;LL_RCC_PLL_SetSource
<LI><a href="#[c8]">&gt;&gt;</a>&nbsp;&nbsp;&nbsp;LL_RCC_HSI48_IsReady
<LI><a href="#[c7]">&gt;&gt;</a>&nbsp;&nbsp;&nbsp;LL_RCC_HSI48_Enable
<LI><a href="#[c6]">&gt;&gt;</a>&nbsp;&nbsp;&nbsp;LL_RCC_HSE_IsReady
<LI><a href="#[c5]">&gt;&gt;</a>&nbsp;&nbsp;&nbsp;LL_RCC_HSE_Enable
<LI><a href="#[c4]">&gt;&gt;</a>&nbsp;&nbsp;&nbsp;LL_PWR_IsActiveFlag_VOS
<LI><a href="#[c3]">&gt;&gt;</a>&nbsp;&nbsp;&nbsp;LL_PWR_SetRegulVoltageScaling
<LI><a href="#[c2]">&gt;&gt;</a>&nbsp;&nbsp;&nbsp;LL_PWR_ConfigSupply
<LI><a href="#[c1]">&gt;&gt;</a>&nbsp;&nbsp;&nbsp;LL_FLASH_GetLatency
<LI><a href="#[c0]">&gt;&gt;</a>&nbsp;&nbsp;&nbsp;LL_FLASH_SetLatency
<LI><a href="#[dc]">&gt;&gt;</a>&nbsp;&nbsp;&nbsp;LL_SetSystemCoreClock
<LI><a href="#[bc]">&gt;&gt;</a>&nbsp;&nbsp;&nbsp;LL_Init1msTick
</UL>
<BR>[Called By]<UL><LI><a href="#[a9]">&gt;&gt;</a>&nbsp;&nbsp;&nbsp;main
</UL>

<P><STRONG><a name="[9c]"></a>SystemInit</STRONG> (Thumb, 442 bytes, Stack size 4 bytes, system_stm32h7xx_dualcore_boot_cm4_cm7.o(.text.SystemInit))
<BR><BR>[Stack]<UL><LI>Max Depth = 4<LI>Call Chain = SystemInit
</UL>
<BR>[Address Reference Count : 1]<UL><LI> startup_stm32h747xx.o(.text)
</UL>
<P><STRONG><a name="[e3]"></a>SystemTickConfig</STRONG> (Thumb, 68 bytes, Stack size 16 bytes, clock_system.o(.text.SystemTickConfig))
<BR><BR>[Stack]<UL><LI>Max Depth = 24<LI>Call Chain = SystemTickConfig &rArr; __NVIC_SetPriority
</UL>
<BR>[Calls]<UL><LI><a href="#[e5]">&gt;&gt;</a>&nbsp;&nbsp;&nbsp;__NVIC_SetPriority
<LI><a href="#[e4]">&gt;&gt;</a>&nbsp;&nbsp;&nbsp;LL_InitTick
</UL>
<BR>[Called By]<UL><LI><a href="#[a9]">&gt;&gt;</a>&nbsp;&nbsp;&nbsp;main
</UL>

<P><STRONG><a name="[a9]"></a>main</STRONG> (Thumb, 124 bytes, Stack size 16 bytes, main_app.o(.text.main))
<BR><BR>[Stack]<UL><LI>Max Depth = 124<LI>Call Chain = main &rArr; GPIO_Init &rArr; LL_GPIO_Init &rArr; LL_GPIO_SetPinMode
</UL>
<BR>[Calls]<UL><LI><a href="#[e8]">&gt;&gt;</a>&nbsp;&nbsp;&nbsp;LL_GPIO_SetOutputPin
<LI><a href="#[e7]">&gt;&gt;</a>&nbsp;&nbsp;&nbsp;LL_GPIO_ResetOutputPin
<LI><a href="#[b2]">&gt;&gt;</a>&nbsp;&nbsp;&nbsp;GPIO_Init
<LI><a href="#[e6]">&gt;&gt;</a>&nbsp;&nbsp;&nbsp;GetTick
<LI><a href="#[e3]">&gt;&gt;</a>&nbsp;&nbsp;&nbsp;SystemTickConfig
<LI><a href="#[bf]">&gt;&gt;</a>&nbsp;&nbsp;&nbsp;SystemClock_Init
</UL>
<BR>[Called By]<UL><LI><a href="#[a8]">&gt;&gt;</a>&nbsp;&nbsp;&nbsp;__rt_entry_main
</UL>

<P><STRONG><a name="[a3]"></a>_fp_init</STRONG> (Thumb, 26 bytes, Stack size 0 bytes, fpinit.o(x$fpl$fpinit))
<BR><BR>[Called By]<UL><LI><a href="#[a2]">&gt;&gt;</a>&nbsp;&nbsp;&nbsp;__rt_lib_init_fp_1
</UL>

<P><STRONG><a name="[115]"></a>__fplib_config_fpu_vfp</STRONG> (Thumb, 0 bytes, Stack size unknown bytes, fpinit.o(x$fpl$fpinit), UNUSED)

<P><STRONG><a name="[116]"></a>__fplib_config_pureend_doubles</STRONG> (Thumb, 0 bytes, Stack size unknown bytes, fpinit.o(x$fpl$fpinit), UNUSED)
<P>
<H3>
Local Symbols
</H3>
<P><STRONG><a name="[b6]"></a>LL_GPIO_SetPinSpeed</STRONG> (Thumb, 36 bytes, Stack size 12 bytes, stm32h7xx_ll_gpio.o(.text.LL_GPIO_SetPinSpeed))
<BR><BR>[Stack]<UL><LI>Max Depth = 12<LI>Call Chain = LL_GPIO_SetPinSpeed
</UL>
<BR>[Called By]<UL><LI><a href="#[b4]">&gt;&gt;</a>&nbsp;&nbsp;&nbsp;LL_GPIO_Init
</UL>

<P><STRONG><a name="[b7]"></a>LL_GPIO_SetPinOutputType</STRONG> (Thumb, 30 bytes, Stack size 12 bytes, stm32h7xx_ll_gpio.o(.text.LL_GPIO_SetPinOutputType))
<BR><BR>[Stack]<UL><LI>Max Depth = 12<LI>Call Chain = LL_GPIO_SetPinOutputType
</UL>
<BR>[Called By]<UL><LI><a href="#[b4]">&gt;&gt;</a>&nbsp;&nbsp;&nbsp;LL_GPIO_Init
</UL>

<P><STRONG><a name="[b8]"></a>LL_GPIO_SetPinPull</STRONG> (Thumb, 36 bytes, Stack size 12 bytes, stm32h7xx_ll_gpio.o(.text.LL_GPIO_SetPinPull))
<BR><BR>[Stack]<UL><LI>Max Depth = 12<LI>Call Chain = LL_GPIO_SetPinPull
</UL>
<BR>[Called By]<UL><LI><a href="#[b4]">&gt;&gt;</a>&nbsp;&nbsp;&nbsp;LL_GPIO_Init
</UL>

<P><STRONG><a name="[b9]"></a>LL_GPIO_SetAFPin_0_7</STRONG> (Thumb, 38 bytes, Stack size 12 bytes, stm32h7xx_ll_gpio.o(.text.LL_GPIO_SetAFPin_0_7))
<BR><BR>[Stack]<UL><LI>Max Depth = 12<LI>Call Chain = LL_GPIO_SetAFPin_0_7
</UL>
<BR>[Called By]<UL><LI><a href="#[b4]">&gt;&gt;</a>&nbsp;&nbsp;&nbsp;LL_GPIO_Init
</UL>

<P><STRONG><a name="[ba]"></a>LL_GPIO_SetAFPin_8_15</STRONG> (Thumb, 40 bytes, Stack size 12 bytes, stm32h7xx_ll_gpio.o(.text.LL_GPIO_SetAFPin_8_15))
<BR><BR>[Stack]<UL><LI>Max Depth = 12<LI>Call Chain = LL_GPIO_SetAFPin_8_15
</UL>
<BR>[Called By]<UL><LI><a href="#[b4]">&gt;&gt;</a>&nbsp;&nbsp;&nbsp;LL_GPIO_Init
</UL>

<P><STRONG><a name="[bb]"></a>LL_GPIO_SetPinMode</STRONG> (Thumb, 36 bytes, Stack size 12 bytes, stm32h7xx_ll_gpio.o(.text.LL_GPIO_SetPinMode))
<BR><BR>[Stack]<UL><LI>Max Depth = 12<LI>Call Chain = LL_GPIO_SetPinMode
</UL>
<BR>[Called By]<UL><LI><a href="#[b4]">&gt;&gt;</a>&nbsp;&nbsp;&nbsp;LL_GPIO_Init
</UL>

<P><STRONG><a name="[bd]"></a>LL_InitTick</STRONG> (Thumb, 54 bytes, Stack size 8 bytes, stm32h7xx_ll_utils.o(.text.LL_InitTick))
<BR><BR>[Stack]<UL><LI>Max Depth = 8<LI>Call Chain = LL_InitTick
</UL>
<BR>[Called By]<UL><LI><a href="#[bc]">&gt;&gt;</a>&nbsp;&nbsp;&nbsp;LL_Init1msTick
</UL>

<P><STRONG><a name="[c0]"></a>LL_FLASH_SetLatency</STRONG> (Thumb, 28 bytes, Stack size 4 bytes, clock_system.o(.text.LL_FLASH_SetLatency))
<BR><BR>[Stack]<UL><LI>Max Depth = 4<LI>Call Chain = LL_FLASH_SetLatency
</UL>
<BR>[Called By]<UL><LI><a href="#[bf]">&gt;&gt;</a>&nbsp;&nbsp;&nbsp;SystemClock_Init
</UL>

<P><STRONG><a name="[c1]"></a>LL_FLASH_GetLatency</STRONG> (Thumb, 16 bytes, Stack size 0 bytes, clock_system.o(.text.LL_FLASH_GetLatency))
<BR><BR>[Called By]<UL><LI><a href="#[bf]">&gt;&gt;</a>&nbsp;&nbsp;&nbsp;SystemClock_Init
</UL>

<P><STRONG><a name="[c2]"></a>LL_PWR_ConfigSupply</STRONG> (Thumb, 28 bytes, Stack size 4 bytes, clock_system.o(.text.LL_PWR_ConfigSupply))
<BR><BR>[Stack]<UL><LI>Max Depth = 4<LI>Call Chain = LL_PWR_ConfigSupply
</UL>
<BR>[Called By]<UL><LI><a href="#[bf]">&gt;&gt;</a>&nbsp;&nbsp;&nbsp;SystemClock_Init
</UL>

<P><STRONG><a name="[c3]"></a>LL_PWR_SetRegulVoltageScaling</STRONG> (Thumb, 28 bytes, Stack size 4 bytes, clock_system.o(.text.LL_PWR_SetRegulVoltageScaling))
<BR><BR>[Stack]<UL><LI>Max Depth = 4<LI>Call Chain = LL_PWR_SetRegulVoltageScaling
</UL>
<BR>[Called By]<UL><LI><a href="#[bf]">&gt;&gt;</a>&nbsp;&nbsp;&nbsp;SystemClock_Init
</UL>

<P><STRONG><a name="[c4]"></a>LL_PWR_IsActiveFlag_VOS</STRONG> (Thumb, 16 bytes, Stack size 0 bytes, clock_system.o(.text.LL_PWR_IsActiveFlag_VOS))
<BR><BR>[Called By]<UL><LI><a href="#[bf]">&gt;&gt;</a>&nbsp;&nbsp;&nbsp;SystemClock_Init
</UL>

<P><STRONG><a name="[c5]"></a>LL_RCC_HSE_Enable</STRONG> (Thumb, 18 bytes, Stack size 0 bytes, clock_system.o(.text.LL_RCC_HSE_Enable))
<BR><BR>[Called By]<UL><LI><a href="#[bf]">&gt;&gt;</a>&nbsp;&nbsp;&nbsp;SystemClock_Init
</UL>

<P><STRONG><a name="[c6]"></a>LL_RCC_HSE_IsReady</STRONG> (Thumb, 16 bytes, Stack size 0 bytes, clock_system.o(.text.LL_RCC_HSE_IsReady))
<BR><BR>[Called By]<UL><LI><a href="#[bf]">&gt;&gt;</a>&nbsp;&nbsp;&nbsp;SystemClock_Init
</UL>

<P><STRONG><a name="[c7]"></a>LL_RCC_HSI48_Enable</STRONG> (Thumb, 18 bytes, Stack size 0 bytes, clock_system.o(.text.LL_RCC_HSI48_Enable))
<BR><BR>[Called By]<UL><LI><a href="#[bf]">&gt;&gt;</a>&nbsp;&nbsp;&nbsp;SystemClock_Init
</UL>

<P><STRONG><a name="[c8]"></a>LL_RCC_HSI48_IsReady</STRONG> (Thumb, 16 bytes, Stack size 0 bytes, clock_system.o(.text.LL_RCC_HSI48_IsReady))
<BR><BR>[Called By]<UL><LI><a href="#[bf]">&gt;&gt;</a>&nbsp;&nbsp;&nbsp;SystemClock_Init
</UL>

<P><STRONG><a name="[c9]"></a>LL_RCC_PLL_SetSource</STRONG> (Thumb, 28 bytes, Stack size 4 bytes, clock_system.o(.text.LL_RCC_PLL_SetSource))
<BR><BR>[Stack]<UL><LI>Max Depth = 4<LI>Call Chain = LL_RCC_PLL_SetSource
</UL>
<BR>[Called By]<UL><LI><a href="#[bf]">&gt;&gt;</a>&nbsp;&nbsp;&nbsp;SystemClock_Init
</UL>

<P><STRONG><a name="[ca]"></a>LL_RCC_PLL1P_Enable</STRONG> (Thumb, 18 bytes, Stack size 0 bytes, clock_system.o(.text.LL_RCC_PLL1P_Enable))
<BR><BR>[Called By]<UL><LI><a href="#[bf]">&gt;&gt;</a>&nbsp;&nbsp;&nbsp;SystemClock_Init
</UL>

<P><STRONG><a name="[cb]"></a>LL_RCC_PLL1_SetVCOInputRange</STRONG> (Thumb, 30 bytes, Stack size 4 bytes, clock_system.o(.text.LL_RCC_PLL1_SetVCOInputRange))
<BR><BR>[Stack]<UL><LI>Max Depth = 4<LI>Call Chain = LL_RCC_PLL1_SetVCOInputRange
</UL>
<BR>[Called By]<UL><LI><a href="#[bf]">&gt;&gt;</a>&nbsp;&nbsp;&nbsp;SystemClock_Init
</UL>

<P><STRONG><a name="[cc]"></a>LL_RCC_PLL1_SetVCOOutputRange</STRONG> (Thumb, 30 bytes, Stack size 4 bytes, clock_system.o(.text.LL_RCC_PLL1_SetVCOOutputRange))
<BR><BR>[Stack]<UL><LI>Max Depth = 4<LI>Call Chain = LL_RCC_PLL1_SetVCOOutputRange
</UL>
<BR>[Called By]<UL><LI><a href="#[bf]">&gt;&gt;</a>&nbsp;&nbsp;&nbsp;SystemClock_Init
</UL>

<P><STRONG><a name="[cd]"></a>LL_RCC_PLL1_SetM</STRONG> (Thumb, 30 bytes, Stack size 4 bytes, clock_system.o(.text.LL_RCC_PLL1_SetM))
<BR><BR>[Stack]<UL><LI>Max Depth = 4<LI>Call Chain = LL_RCC_PLL1_SetM
</UL>
<BR>[Called By]<UL><LI><a href="#[bf]">&gt;&gt;</a>&nbsp;&nbsp;&nbsp;SystemClock_Init
</UL>

<P><STRONG><a name="[ce]"></a>LL_RCC_PLL1_SetN</STRONG> (Thumb, 32 bytes, Stack size 4 bytes, clock_system.o(.text.LL_RCC_PLL1_SetN))
<BR><BR>[Stack]<UL><LI>Max Depth = 4<LI>Call Chain = LL_RCC_PLL1_SetN
</UL>
<BR>[Called By]<UL><LI><a href="#[bf]">&gt;&gt;</a>&nbsp;&nbsp;&nbsp;SystemClock_Init
</UL>

<P><STRONG><a name="[cf]"></a>LL_RCC_PLL1_SetP</STRONG> (Thumb, 40 bytes, Stack size 4 bytes, clock_system.o(.text.LL_RCC_PLL1_SetP))
<BR><BR>[Stack]<UL><LI>Max Depth = 4<LI>Call Chain = LL_RCC_PLL1_SetP
</UL>
<BR>[Called By]<UL><LI><a href="#[bf]">&gt;&gt;</a>&nbsp;&nbsp;&nbsp;SystemClock_Init
</UL>

<P><STRONG><a name="[d0]"></a>LL_RCC_PLL1_SetQ</STRONG> (Thumb, 38 bytes, Stack size 4 bytes, clock_system.o(.text.LL_RCC_PLL1_SetQ))
<BR><BR>[Stack]<UL><LI>Max Depth = 4<LI>Call Chain = LL_RCC_PLL1_SetQ
</UL>
<BR>[Called By]<UL><LI><a href="#[bf]">&gt;&gt;</a>&nbsp;&nbsp;&nbsp;SystemClock_Init
</UL>

<P><STRONG><a name="[d1]"></a>LL_RCC_PLL1_SetR</STRONG> (Thumb, 32 bytes, Stack size 4 bytes, clock_system.o(.text.LL_RCC_PLL1_SetR))
<BR><BR>[Stack]<UL><LI>Max Depth = 4<LI>Call Chain = LL_RCC_PLL1_SetR
</UL>
<BR>[Called By]<UL><LI><a href="#[bf]">&gt;&gt;</a>&nbsp;&nbsp;&nbsp;SystemClock_Init
</UL>

<P><STRONG><a name="[d2]"></a>LL_RCC_PLL1_Enable</STRONG> (Thumb, 18 bytes, Stack size 0 bytes, clock_system.o(.text.LL_RCC_PLL1_Enable))
<BR><BR>[Called By]<UL><LI><a href="#[bf]">&gt;&gt;</a>&nbsp;&nbsp;&nbsp;SystemClock_Init
</UL>

<P><STRONG><a name="[d3]"></a>LL_RCC_PLL1_IsReady</STRONG> (Thumb, 16 bytes, Stack size 0 bytes, clock_system.o(.text.LL_RCC_PLL1_IsReady))
<BR><BR>[Called By]<UL><LI><a href="#[bf]">&gt;&gt;</a>&nbsp;&nbsp;&nbsp;SystemClock_Init
</UL>

<P><STRONG><a name="[d4]"></a>LL_RCC_SetAHBPrescaler</STRONG> (Thumb, 28 bytes, Stack size 4 bytes, clock_system.o(.text.LL_RCC_SetAHBPrescaler))
<BR><BR>[Stack]<UL><LI>Max Depth = 4<LI>Call Chain = LL_RCC_SetAHBPrescaler
</UL>
<BR>[Called By]<UL><LI><a href="#[bf]">&gt;&gt;</a>&nbsp;&nbsp;&nbsp;SystemClock_Init
</UL>

<P><STRONG><a name="[d5]"></a>LL_RCC_SetSysClkSource</STRONG> (Thumb, 28 bytes, Stack size 4 bytes, clock_system.o(.text.LL_RCC_SetSysClkSource))
<BR><BR>[Stack]<UL><LI>Max Depth = 4<LI>Call Chain = LL_RCC_SetSysClkSource
</UL>
<BR>[Called By]<UL><LI><a href="#[bf]">&gt;&gt;</a>&nbsp;&nbsp;&nbsp;SystemClock_Init
</UL>

<P><STRONG><a name="[d6]"></a>LL_RCC_GetSysClkSource</STRONG> (Thumb, 16 bytes, Stack size 0 bytes, clock_system.o(.text.LL_RCC_GetSysClkSource))
<BR><BR>[Called By]<UL><LI><a href="#[bf]">&gt;&gt;</a>&nbsp;&nbsp;&nbsp;SystemClock_Init
</UL>

<P><STRONG><a name="[d7]"></a>LL_RCC_SetSysPrescaler</STRONG> (Thumb, 28 bytes, Stack size 4 bytes, clock_system.o(.text.LL_RCC_SetSysPrescaler))
<BR><BR>[Stack]<UL><LI>Max Depth = 4<LI>Call Chain = LL_RCC_SetSysPrescaler
</UL>
<BR>[Called By]<UL><LI><a href="#[bf]">&gt;&gt;</a>&nbsp;&nbsp;&nbsp;SystemClock_Init
</UL>

<P><STRONG><a name="[d8]"></a>LL_RCC_SetAPB1Prescaler</STRONG> (Thumb, 28 bytes, Stack size 4 bytes, clock_system.o(.text.LL_RCC_SetAPB1Prescaler))
<BR><BR>[Stack]<UL><LI>Max Depth = 4<LI>Call Chain = LL_RCC_SetAPB1Prescaler
</UL>
<BR>[Called By]<UL><LI><a href="#[bf]">&gt;&gt;</a>&nbsp;&nbsp;&nbsp;SystemClock_Init
</UL>

<P><STRONG><a name="[d9]"></a>LL_RCC_SetAPB2Prescaler</STRONG> (Thumb, 28 bytes, Stack size 4 bytes, clock_system.o(.text.LL_RCC_SetAPB2Prescaler))
<BR><BR>[Stack]<UL><LI>Max Depth = 4<LI>Call Chain = LL_RCC_SetAPB2Prescaler
</UL>
<BR>[Called By]<UL><LI><a href="#[bf]">&gt;&gt;</a>&nbsp;&nbsp;&nbsp;SystemClock_Init
</UL>

<P><STRONG><a name="[da]"></a>LL_RCC_SetAPB3Prescaler</STRONG> (Thumb, 28 bytes, Stack size 4 bytes, clock_system.o(.text.LL_RCC_SetAPB3Prescaler))
<BR><BR>[Stack]<UL><LI>Max Depth = 4<LI>Call Chain = LL_RCC_SetAPB3Prescaler
</UL>
<BR>[Called By]<UL><LI><a href="#[bf]">&gt;&gt;</a>&nbsp;&nbsp;&nbsp;SystemClock_Init
</UL>

<P><STRONG><a name="[db]"></a>LL_RCC_SetAPB4Prescaler</STRONG> (Thumb, 28 bytes, Stack size 4 bytes, clock_system.o(.text.LL_RCC_SetAPB4Prescaler))
<BR><BR>[Stack]<UL><LI>Max Depth = 4<LI>Call Chain = LL_RCC_SetAPB4Prescaler
</UL>
<BR>[Called By]<UL><LI><a href="#[bf]">&gt;&gt;</a>&nbsp;&nbsp;&nbsp;SystemClock_Init
</UL>

<P><STRONG><a name="[dd]"></a>LL_CRS_SetSyncDivider</STRONG> (Thumb, 28 bytes, Stack size 4 bytes, clock_system.o(.text.LL_CRS_SetSyncDivider))
<BR><BR>[Stack]<UL><LI>Max Depth = 4<LI>Call Chain = LL_CRS_SetSyncDivider
</UL>
<BR>[Called By]<UL><LI><a href="#[bf]">&gt;&gt;</a>&nbsp;&nbsp;&nbsp;SystemClock_Init
</UL>

<P><STRONG><a name="[de]"></a>LL_CRS_SetSyncPolarity</STRONG> (Thumb, 28 bytes, Stack size 4 bytes, clock_system.o(.text.LL_CRS_SetSyncPolarity))
<BR><BR>[Stack]<UL><LI>Max Depth = 4<LI>Call Chain = LL_CRS_SetSyncPolarity
</UL>
<BR>[Called By]<UL><LI><a href="#[bf]">&gt;&gt;</a>&nbsp;&nbsp;&nbsp;SystemClock_Init
</UL>

<P><STRONG><a name="[df]"></a>LL_CRS_SetSyncSignalSource</STRONG> (Thumb, 28 bytes, Stack size 4 bytes, clock_system.o(.text.LL_CRS_SetSyncSignalSource))
<BR><BR>[Stack]<UL><LI>Max Depth = 4<LI>Call Chain = LL_CRS_SetSyncSignalSource
</UL>
<BR>[Called By]<UL><LI><a href="#[bf]">&gt;&gt;</a>&nbsp;&nbsp;&nbsp;SystemClock_Init
</UL>

<P><STRONG><a name="[e0]"></a>LL_CRS_SetReloadCounter</STRONG> (Thumb, 30 bytes, Stack size 4 bytes, clock_system.o(.text.LL_CRS_SetReloadCounter))
<BR><BR>[Stack]<UL><LI>Max Depth = 4<LI>Call Chain = LL_CRS_SetReloadCounter
</UL>
<BR>[Called By]<UL><LI><a href="#[bf]">&gt;&gt;</a>&nbsp;&nbsp;&nbsp;SystemClock_Init
</UL>

<P><STRONG><a name="[e1]"></a>LL_CRS_SetFreqErrorLimit</STRONG> (Thumb, 30 bytes, Stack size 4 bytes, clock_system.o(.text.LL_CRS_SetFreqErrorLimit))
<BR><BR>[Stack]<UL><LI>Max Depth = 4<LI>Call Chain = LL_CRS_SetFreqErrorLimit
</UL>
<BR>[Called By]<UL><LI><a href="#[bf]">&gt;&gt;</a>&nbsp;&nbsp;&nbsp;SystemClock_Init
</UL>

<P><STRONG><a name="[e2]"></a>LL_CRS_SetHSI48SmoothTrimming</STRONG> (Thumb, 30 bytes, Stack size 4 bytes, clock_system.o(.text.LL_CRS_SetHSI48SmoothTrimming))
<BR><BR>[Stack]<UL><LI>Max Depth = 4<LI>Call Chain = LL_CRS_SetHSI48SmoothTrimming
</UL>
<BR>[Called By]<UL><LI><a href="#[bf]">&gt;&gt;</a>&nbsp;&nbsp;&nbsp;SystemClock_Init
</UL>

<P><STRONG><a name="[e4]"></a>LL_InitTick</STRONG> (Thumb, 54 bytes, Stack size 8 bytes, clock_system.o(.text.LL_InitTick))
<BR><BR>[Stack]<UL><LI>Max Depth = 8<LI>Call Chain = LL_InitTick
</UL>
<BR>[Called By]<UL><LI><a href="#[e3]">&gt;&gt;</a>&nbsp;&nbsp;&nbsp;SystemTickConfig
</UL>

<P><STRONG><a name="[e5]"></a>__NVIC_SetPriority</STRONG> (Thumb, 66 bytes, Stack size 8 bytes, clock_system.o(.text.__NVIC_SetPriority))
<BR><BR>[Stack]<UL><LI>Max Depth = 8<LI>Call Chain = __NVIC_SetPriority
</UL>
<BR>[Called By]<UL><LI><a href="#[e3]">&gt;&gt;</a>&nbsp;&nbsp;&nbsp;SystemTickConfig
</UL>

<P><STRONG><a name="[b3]"></a>LL_AHB4_GRP1_EnableClock</STRONG> (Thumb, 34 bytes, Stack size 8 bytes, clock_system.o(.text.LL_AHB4_GRP1_EnableClock))
<BR><BR>[Stack]<UL><LI>Max Depth = 8<LI>Call Chain = LL_AHB4_GRP1_EnableClock
</UL>
<BR>[Called By]<UL><LI><a href="#[b2]">&gt;&gt;</a>&nbsp;&nbsp;&nbsp;GPIO_Init
</UL>

<P><STRONG><a name="[b5]"></a>LL_GPIO_SetOutputPin</STRONG> (Thumb, 16 bytes, Stack size 8 bytes, clock_system.o(.text.LL_GPIO_SetOutputPin))
<BR><BR>[Stack]<UL><LI>Max Depth = 8<LI>Call Chain = LL_GPIO_SetOutputPin
</UL>
<BR>[Called By]<UL><LI><a href="#[b2]">&gt;&gt;</a>&nbsp;&nbsp;&nbsp;GPIO_Init
</UL>

<P><STRONG><a name="[e7]"></a>LL_GPIO_ResetOutputPin</STRONG> (Thumb, 18 bytes, Stack size 8 bytes, main_app.o(.text.LL_GPIO_ResetOutputPin))
<BR><BR>[Stack]<UL><LI>Max Depth = 8<LI>Call Chain = LL_GPIO_ResetOutputPin
</UL>
<BR>[Called By]<UL><LI><a href="#[a9]">&gt;&gt;</a>&nbsp;&nbsp;&nbsp;main
</UL>

<P><STRONG><a name="[e8]"></a>LL_GPIO_SetOutputPin</STRONG> (Thumb, 16 bytes, Stack size 8 bytes, main_app.o(.text.LL_GPIO_SetOutputPin))
<BR><BR>[Stack]<UL><LI>Max Depth = 8<LI>Call Chain = LL_GPIO_SetOutputPin
</UL>
<BR>[Called By]<UL><LI><a href="#[a9]">&gt;&gt;</a>&nbsp;&nbsp;&nbsp;main
</UL>
<P>
<H3>
Undefined Global Symbols
</H3><HR></body></html>
