<html>
<body>
<pre>
<h1>µVision Build Log</h1>
<h2>Tool Versions:</h2>
IDE-Version: µVision V5.43.1.0
Copyright (C) 2025 ARM Ltd and ARM Germany GmbH. All rights reserved.
License Information: Thiti Knnn, HP Inc., LIC=----
 
Tool Versions:
Toolchain:       MDK-Lite  Version: 5.43.0.0
Toolchain Path:  C:\Users\Knnn\AppData\Local\Keil_v5\ARM\ARMCLANG\Bin
C Compiler:      ArmClang.exe V6.24
Assembler:       Armasm.exe V6.24
Linker/Locator:  ArmLink.exe V6.24
Library Manager: ArmAr.exe V6.24
Hex Converter:   FromElf.exe V6.24
CPU DLL:         SARMCM3.DLL V5.43.0.0
Dialog DLL:      DCM.DLL V1.17.5.0
Target DLL:      STLink\ST-LINKIII-KEIL_SWO.dll V3.3.1.0
Dialog DLL:      TCM.DLL V1.56.6.0
 
<h2>Project:</h2>
C:\Users\Knnn\Desktop\STM32H747_USBCDC_Bootloader\MDKApp\App.uvprojx
Project File Date:  08/02/2026

<h2>Output:</h2>
*** Using Compiler 'V6.24', folder: 'C:\Users\Knnn\AppData\Local\Keil_v5\ARM\ARMCLANG\Bin'
Rebuild Project 'App' - Target 'STM32H747XI'
assembling startup_stm32h747xx.s...
compiling system_stm32h7xx_dualcore_boot_cm4_cm7.c...
compiling stm32h7xx_ll_gpio.c...
compiling Clock_system.c...
compiling main_App.c...
compiling stm32h7xx_ll_utils.c...
compiling stm32h7xx_ll_rcc.c...
linking...
Program Size: Code=3048 RO-data=696 RW-data=4 ZI-data=1640  
After Build - User command #1: fromelf --bin --output=App.bin C:\Users\Knnn\Desktop\STM32H747_USBCDC_Bootloader\MDKApp\Objects\App.axf
".\Objects\App.axf" - 0 Error(s), 0 Warning(s).

<h2>Software Packages used:</h2>

Package Vendor: Keil
                https://www.keil.com/pack/Keil.STM32H7xx_DFP.4.1.3.pack
                Keil::STM32H7xx_DFP@4.1.3
                STMicroelectronics STM32H7 Series Device Support

<h2>Collection of Component include folders:</h2>

<h2>Collection of Component Files used:</h2>
Build Time Elapsed:  00:00:02
</pre>
</body>
</html>
